Archive member included to satisfy reference by file (symbol)

C:/ST/STM32CubeIDE_1.10.1/STM32CubeIDE/plugins/com.st.stm32cube.ide.mcu.externaltools.gnu-tools-for-stm32.11.3.rel1.win32_1.1.1.202309131626/tools/bin/../lib/gcc/arm-none-eabi/11.3.1/../../../../arm-none-eabi/lib/thumb/v7e-m+fp/hard\libc_nano.a(libc_a-calloc.o)
                              ./Core/Src/Services/UART/UARTServices.o (calloc)
C:/ST/STM32CubeIDE_1.10.1/STM32CubeIDE/plugins/com.st.stm32cube.ide.mcu.externaltools.gnu-tools-for-stm32.11.3.rel1.win32_1.1.1.202309131626/tools/bin/../lib/gcc/arm-none-eabi/11.3.1/../../../../arm-none-eabi/lib/thumb/v7e-m+fp/hard\libc_nano.a(libc_a-callocr.o)
                              C:/ST/STM32CubeIDE_1.10.1/STM32CubeIDE/plugins/com.st.stm32cube.ide.mcu.externaltools.gnu-tools-for-stm32.11.3.rel1.win32_1.1.1.202309131626/tools/bin/../lib/gcc/arm-none-eabi/11.3.1/../../../../arm-none-eabi/lib/thumb/v7e-m+fp/hard\libc_nano.a(libc_a-calloc.o) (_calloc_r)
C:/ST/STM32CubeIDE_1.10.1/STM32CubeIDE/plugins/com.st.stm32cube.ide.mcu.externaltools.gnu-tools-for-stm32.11.3.rel1.win32_1.1.1.202309131626/tools/bin/../lib/gcc/arm-none-eabi/11.3.1/../../../../arm-none-eabi/lib/thumb/v7e-m+fp/hard\libc_nano.a(libc_a-exit.o)
                              C:/ST/STM32CubeIDE_1.10.1/STM32CubeIDE/plugins/com.st.stm32cube.ide.mcu.externaltools.gnu-tools-for-stm32.11.3.rel1.win32_1.1.1.202309131626/tools/bin/../lib/gcc/arm-none-eabi/11.3.1/../../../../arm-none-eabi/lib/thumb/v7e-m+fp/hard/crt0.o (exit)
C:/ST/STM32CubeIDE_1.10.1/STM32CubeIDE/plugins/com.st.stm32cube.ide.mcu.externaltools.gnu-tools-for-stm32.11.3.rel1.win32_1.1.1.202309131626/tools/bin/../lib/gcc/arm-none-eabi/11.3.1/../../../../arm-none-eabi/lib/thumb/v7e-m+fp/hard\libc_nano.a(libc_a-malloc.o)
                              ./Core/Src/Services/UART/UARTServices.o (free)
C:/ST/STM32CubeIDE_1.10.1/STM32CubeIDE/plugins/com.st.stm32cube.ide.mcu.externaltools.gnu-tools-for-stm32.11.3.rel1.win32_1.1.1.202309131626/tools/bin/../lib/gcc/arm-none-eabi/11.3.1/../../../../arm-none-eabi/lib/thumb/v7e-m+fp/hard\libc_nano.a(libc_a-mallocr.o)
                              C:/ST/STM32CubeIDE_1.10.1/STM32CubeIDE/plugins/com.st.stm32cube.ide.mcu.externaltools.gnu-tools-for-stm32.11.3.rel1.win32_1.1.1.202309131626/tools/bin/../lib/gcc/arm-none-eabi/11.3.1/../../../../arm-none-eabi/lib/thumb/v7e-m+fp/hard\libc_nano.a(libc_a-callocr.o) (_malloc_r)
C:/ST/STM32CubeIDE_1.10.1/STM32CubeIDE/plugins/com.st.stm32cube.ide.mcu.externaltools.gnu-tools-for-stm32.11.3.rel1.win32_1.1.1.202309131626/tools/bin/../lib/gcc/arm-none-eabi/11.3.1/../../../../arm-none-eabi/lib/thumb/v7e-m+fp/hard\libc_nano.a(libc_a-mlock.o)
                              C:/ST/STM32CubeIDE_1.10.1/STM32CubeIDE/plugins/com.st.stm32cube.ide.mcu.externaltools.gnu-tools-for-stm32.11.3.rel1.win32_1.1.1.202309131626/tools/bin/../lib/gcc/arm-none-eabi/11.3.1/../../../../arm-none-eabi/lib/thumb/v7e-m+fp/hard\libc_nano.a(libc_a-mallocr.o) (__malloc_lock)
C:/ST/STM32CubeIDE_1.10.1/STM32CubeIDE/plugins/com.st.stm32cube.ide.mcu.externaltools.gnu-tools-for-stm32.11.3.rel1.win32_1.1.1.202309131626/tools/bin/../lib/gcc/arm-none-eabi/11.3.1/../../../../arm-none-eabi/lib/thumb/v7e-m+fp/hard\libc_nano.a(libc_a-findfp.o)
                              ./Middlewares/Third_Party/FreeRTOS/Source/tasks.o (__sf)
C:/ST/STM32CubeIDE_1.10.1/STM32CubeIDE/plugins/com.st.stm32cube.ide.mcu.externaltools.gnu-tools-for-stm32.11.3.rel1.win32_1.1.1.202309131626/tools/bin/../lib/gcc/arm-none-eabi/11.3.1/../../../../arm-none-eabi/lib/thumb/v7e-m+fp/hard\libc_nano.a(libc_a-fwalk.o)
                              C:/ST/STM32CubeIDE_1.10.1/STM32CubeIDE/plugins/com.st.stm32cube.ide.mcu.externaltools.gnu-tools-for-stm32.11.3.rel1.win32_1.1.1.202309131626/tools/bin/../lib/gcc/arm-none-eabi/11.3.1/../../../../arm-none-eabi/lib/thumb/v7e-m+fp/hard\libc_nano.a(libc_a-findfp.o) (_fwalk_sglue)
C:/ST/STM32CubeIDE_1.10.1/STM32CubeIDE/plugins/com.st.stm32cube.ide.mcu.externaltools.gnu-tools-for-stm32.11.3.rel1.win32_1.1.1.202309131626/tools/bin/../lib/gcc/arm-none-eabi/11.3.1/../../../../arm-none-eabi/lib/thumb/v7e-m+fp/hard\libc_nano.a(libc_a-stdio.o)
                              C:/ST/STM32CubeIDE_1.10.1/STM32CubeIDE/plugins/com.st.stm32cube.ide.mcu.externaltools.gnu-tools-for-stm32.11.3.rel1.win32_1.1.1.202309131626/tools/bin/../lib/gcc/arm-none-eabi/11.3.1/../../../../arm-none-eabi/lib/thumb/v7e-m+fp/hard\libc_nano.a(libc_a-findfp.o) (__sread)
C:/ST/STM32CubeIDE_1.10.1/STM32CubeIDE/plugins/com.st.stm32cube.ide.mcu.externaltools.gnu-tools-for-stm32.11.3.rel1.win32_1.1.1.202309131626/tools/bin/../lib/gcc/arm-none-eabi/11.3.1/../../../../arm-none-eabi/lib/thumb/v7e-m+fp/hard\libc_nano.a(libc_a-vsnprintf.o)
                              ./Core/Src/Services/UART/UARTServices.o (vsnprintf)
[...]
Memory Configuration

Name             Origin             Length             Attributes
RAM              0x0000000020000000 0x0000000000050000 xrw
RAM2             0x0000000010000000 0x0000000000010000 xrw
FLASH            0x0000000008000000 0x0000000000100000 xr
*default*        0x0000000000000000 0xffffffffffffffff

Linker script and memory map

LOAD C:/ST/STM32CubeIDE_1.10.1/STM32CubeIDE/plugins/com.st.stm32cube.ide.mcu.externaltools.gnu-tools-for-stm32.11.3.rel1.win32_1.1.1.202309131626/tools/bin/../lib/gcc/arm-none-eabi/11.3.1/thumb/v7e-m+fp/hard/crti.o
LOAD C:/ST/STM32CubeIDE_1.10.1/STM32CubeIDE/plugins/com.st.stm32cube.ide.mcu.externaltools.gnu-tools-for-stm32.11.3.rel1.win32_1.1.1.202309131626/tools/bin/../lib/gcc/arm-none-eabi/11.3.1/thumb/v7e-m+fp/hard/crtbegin.o
LOAD C:/ST/STM32CubeIDE_1.10.1/STM32CubeIDE/plugins/com.st.stm32cube.ide.mcu.externaltools.gnu-tools-for-stm32.11.3.rel1.win32_1.1.1.202309131626/tools/bin/../lib/gcc/arm-none-eabi/11.3.1/../../../../arm-none-eabi/lib/thumb/v7e-m+fp/hard/crt0.o
LOAD ./Core/Src/Services/UART/UARTServices.o
LOAD ./Core/Src/Services/USB/USBServices.o
LOAD ./Core/Src/Structures/Message/MSG.o
LOAD ./Core/Src/freertos.o
LOAD ./Core/Src/main.o
LOAD ./Core/Src/stm32l4xx_hal_msp.o
LOAD ./Core/Src/stm32l4xx_hal_timebase_tim.o
LOAD ./Core/Src/stm32l4xx_it.o
LOAD ./Core/Src/syscalls.o
LOAD ./Core/Src/sysmem.o
LOAD ./Core/Src/system_stm32l4xx.o
LOAD ./Core/Startup/startup_stm32l496zgtxp.o
LOAD ./Drivers/STM32L4xx_HAL_Driver/Src/stm32l4xx_hal.o
LOAD ./Drivers/STM32L4xx_HAL_Driver/Src/stm32l4xx_hal_cortex.o
LOAD ./Drivers/STM32L4xx_HAL_Driver/Src/stm32l4xx_hal_dma.o
LOAD ./Drivers/STM32L4xx_HAL_Driver/Src/stm32l4xx_hal_dma_ex.o
LOAD ./Drivers/STM32L4xx_HAL_Driver/Src/stm32l4xx_hal_exti.o
LOAD ./Drivers/STM32L4xx_HAL_Driver/Src/stm32l4xx_hal_flash.o
LOAD ./Drivers/STM32L4xx_HAL_Driver/Src/stm32l4xx_hal_flash_ex.o
LOAD ./Drivers/STM32L4xx_HAL_Driver/Src/stm32l4xx_hal_flash_ramfunc.o
LOAD ./Drivers/STM32L4xx_HAL_Driver/Src/stm32l4xx_hal_gpio.o
LOAD ./Drivers/STM32L4xx_HAL_Driver/Src/stm32l4xx_hal_pcd.o
LOAD ./Drivers/STM32L4xx_HAL_Driver/Src/stm32l4xx_hal_pcd_ex.o
LOAD ./Drivers/STM32L4xx_HAL_Driver/Src/stm32l4xx_hal_pwr.o
LOAD ./Drivers/STM32L4xx_HAL_Driver/Src/stm32l4xx_hal_pwr_ex.o
LOAD ./Drivers/STM32L4xx_HAL_Driver/Src/stm32l4xx_hal_rcc.o
LOAD ./Drivers/STM32L4xx_HAL_Driver/Src/stm32l4xx_hal_rcc_ex.o
LOAD ./Drivers/STM32L4xx_HAL_Driver/Src/stm32l4xx_hal_tim.o
LOAD ./Drivers/STM32L4xx_HAL_Driver/Src/stm32l4xx_hal_tim_ex.o
LOAD ./Drivers/STM32L4xx_HAL_Driver/Src/stm32l4xx_hal_uart.o
LOAD ./Drivers/STM32L4xx_HAL_Driver/Src/stm32l4xx_hal_uart_ex.o
LOAD ./Drivers/STM32L4xx_HAL_Driver/Src/stm32l4xx_ll_usb.o
LOAD ./Middlewares/ST/STM32_USB_Device_Library/Class/CDC/Src/usbd_cdc.o
LOAD ./Middlewares/ST/STM32_USB_Device_Library/Core/Src/usbd_core.o
LOAD ./Middlewares/ST/STM32_USB_Device_Library/Core/Src/usbd_ctlreq.o
LOAD ./Middlewares/ST/STM32_USB_Device_Library/Core/Src/usbd_ioreq.o
LOAD ./Middlewares/Third_Party/FreeRTOS/Source/CMSIS_RTOS_V2/cmsis_os2.o
LOAD ./Middlewares/Third_Party/FreeRTOS/Source/croutine.o
LOAD ./Middlewares/Third_Party/FreeRTOS/Source/event_groups.o
LOAD ./Middlewares/Third_Party/FreeRTOS/Source/list.o
LOAD ./Middlewares/Third_Party/FreeRTOS/Source/queue.o
LOAD ./Middlewares/Third_Party/FreeRTOS/Source/stream_buffer.o
LOAD ./Middlewares/Third_Party/FreeRTOS/Source/tasks.o
LOAD ./Middlewares/Third_Party/FreeRTOS/Source/timers.o
LOAD ./Middlewares/Third_Party/FreeRTOS/Source/portable/GCC/ARM_CM4F/port.o
LOAD ./Middlewares/Third_Party/FreeRTOS/Source/portable/MemMang/heap_4.o
LOAD ./USB_DEVICE/App/usb_device.o
LOAD ./USB_DEVICE/App/usbd_cdc_if.o
LOAD ./USB_DEVICE/App/usbd_desc.o
LOAD ./USB_DEVICE/Target/usbd_conf.o
START GROUP
LOAD C:/ST/STM32CubeIDE_1.10.1/STM32CubeIDE/plugins/com.st.stm32cube.ide.mcu.externaltools.gnu-tools-for-stm32.11.3.rel1.win32_1.1.1.202309131626/tools/bin/../lib/gcc/arm-none-eabi/11.3.1/../../../../arm-none-eabi/lib/thumb/v7e-m+fp/hard\libc_nano.a
LOAD C:/ST/STM32CubeIDE_1.10.1/STM32CubeIDE/plugins/com.st.stm32cube.ide.mcu.externaltools.gnu-tools-for-stm32.11.3.rel1.win32_1.1.1.202309131626/tools/bin/../lib/gcc/arm-none-eabi/11.3.1/../../../../arm-none-eabi/lib/thumb/v7e-m+fp/hard\libm.a
END GROUP
START GROUP
LOAD C:/ST/STM32CubeIDE_1.10.1/STM32CubeIDE/plugins/com.st.stm32cube.ide.mcu.externaltools.gnu-tools-for-stm32.11.3.rel1.win32_1.1.1.202309131626/tools/bin/../lib/gcc/arm-none-eabi/11.3.1/thumb/v7e-m+fp/hard\libgcc.a
LOAD C:/ST/STM32CubeIDE_1.10.1/STM32CubeIDE/plugins/com.st.stm32cube.ide.mcu.externaltools.gnu-tools-for-stm32.11.3.rel1.win32_1.1.1.202309131626/tools/bin/../lib/gcc/arm-none-eabi/11.3.1/../../../../arm-none-eabi/lib/thumb/v7e-m+fp/hard\libc_nano.a
END GROUP
START GROUP
LOAD C:/ST/STM32CubeIDE_1.10.1/STM32CubeIDE/plugins/com.st.stm32cube.ide.mcu.externaltools.gnu-tools-for-stm32.11.3.rel1.win32_1.1.1.202309131626/tools/bin/../lib/gcc/arm-none-eabi/11.3.1/thumb/v7e-m+fp/hard\libgcc.a
LOAD C:/ST/STM32CubeIDE_1.10.1/STM32CubeIDE/plugins/com.st.stm32cube.ide.mcu.externaltools.gnu-tools-for-stm32.11.3.rel1.win32_1.1.1.202309131626/tools/bin/../lib/gcc/arm-none-eabi/11.3.1/../../../../arm-none-eabi/lib/thumb/v7e-m+fp/hard\libc_nano.a
LOAD C:/ST/STM32CubeIDE_1.10.1/STM32CubeIDE/plugins/com.st.stm32cube.ide.mcu.externaltools.gnu-tools-for-stm32.11.3.rel1.win32_1.1.1.202309131626/tools/bin/../lib/gcc/arm-none-eabi/11.3.1/../../../../arm-none-eabi/lib/thumb/v7e-m+fp/hard\libnosys.a
END GROUP
START GROUP
LOAD C:/ST/STM32CubeIDE_1.10.1/STM32CubeIDE/plugins/com.st.stm32cube.ide.mcu.externaltools.gnu-tools-for-stm32.11.3.rel1.win32_1.1.1.202309131626/tools/bin/../lib/gcc/arm-none-eabi/11.3.1/thumb/v7e-m+fp/hard\libgcc.a
LOAD C:/ST/STM32CubeIDE_1.10.1/STM32CubeIDE/plugins/com.st.stm32cube.ide.mcu.externaltools.gnu-tools-for-stm32.11.3.rel1.win32_1.1.1.202309131626/tools/bin/../lib/gcc/arm-none-eabi/11.3.1/../../../../arm-none-eabi/lib/thumb/v7e-m+fp/hard\libc_nano.a
LOAD C:/ST/STM32CubeIDE_1.10.1/STM32CubeIDE/plugins/com.st.stm32cube.ide.mcu.externaltools.gnu-tools-for-stm32.11.3.rel1.win32_1.1.1.202309131626/tools/bin/../lib/gcc/arm-none-eabi/11.3.1/../../../../arm-none-eabi/lib/thumb/v7e-m+fp/hard\libnosys.a
END GROUP
LOAD C:/ST/STM32CubeIDE_1.10.1/STM32CubeIDE/plugins/com.st.stm32cube.ide.mcu.externaltools.gnu-tools-for-stm32.11.3.rel1.win32_1.1.1.202309131626/tools/bin/../lib/gcc/arm-none-eabi/11.3.1/thumb/v7e-m+fp/hard/crtend.o
LOAD C:/ST/STM32CubeIDE_1.10.1/STM32CubeIDE/plugins/com.st.stm32cube.ide.mcu.externaltools.gnu-tools-for-stm32.11.3.rel1.win32_1.1.1.202309131626/tools/bin/../lib/gcc/arm-none-eabi/11.3.1/thumb/v7e-m+fp/hard/crtn.o
                0x0000000020050000                _estack = (ORIGIN (RAM) + LENGTH (RAM))
                0x0000000000000200                _Min_Heap_Size = 0x200
                0x0000000000000400                _Min_Stack_Size = 0x400

.isr_vector     0x0000000008000000      0x1ac
                0x0000000008000000                . = ALIGN (0x4)
 *(.isr_vector)
 .isr_vector    0x0000000008000000      0x1ac ./Core/Startup/startup_stm32l496zgtxp.o
                0x0000000008000000                g_pfnVectors
                0x00000000080001ac                . = ALIGN (0x4)

.text           0x00000000080001b0     0xc900
                0x00000000080001b0                . = ALIGN (0x4)
 *(.text)
 .text          0x00000000080001b0       0x40 C:/ST/STM32CubeIDE_1.10.1/STM32CubeIDE/plugins/com.st.stm32cube.ide.mcu.externaltools.gnu-tools-for-stm32.11.3.rel1.win32_1.1.1.202309131626/tools/bin/../lib/gcc/arm-none-eabi/11.3.1/thumb/v7e-m+fp/hard/crtbegin.o
 .text          0x00000000080001f0       0x10 C:/ST/STM32CubeIDE_1.10.1/STM32CubeIDE/plugins/com.st.stm32cube.ide.mcu.externaltools.gnu-tools-for-stm32.11.3.rel1.win32_1.1.1.202309131626/tools/bin/../lib/gcc/arm-none-eabi/11.3.1/../../../../arm-none-eabi/lib/thumb/v7e-m+fp/hard\libc_nano.a(libc_a-strlen.o)
                0x00000000080001f0                strlen
 .text          0x0000000008000200       0xa0 C:/ST/STM32CubeIDE_1.10.1/STM32CubeIDE/plugins/com.st.stm32cube.ide.mcu.externaltools.gnu-tools-for-stm32.11.3.rel1.win32_1.1.1.202309131626/tools/bin/../lib/gcc/arm-none-eabi/11.3.1/../../../../arm-none-eabi/lib/thumb/v7e-m+fp/hard\libc_nano.a(libc_a-memchr.o)
                0x0000000008000200                memchr
 .text          0x00000000080002a0       0x30 C:/ST/STM32CubeIDE_1.10.1/STM32CubeIDE/plugins/com.st.stm32cube.ide.mcu.externaltools.gnu-tools-for-stm32.11.3.rel1.win32_1.1.1.202309131626/tools/bin/../lib/gcc/arm-none-eabi/11.3.1/thumb/v7e-m+fp/hard\libgcc.a(_aeabi_uldivmod.o)
                0x00000000080002a0                __aeabi_uldivmod
 .text          0x00000000080002d0      0x2c8 C:/ST/STM32CubeIDE_1.10.1/STM32CubeIDE/plugins/com.st.stm32cube.ide.mcu.externaltools.gnu-tools-for-stm32.11.3.rel1.win32_1.1.1.202309131626/tools/bin/../lib/gcc/arm-none-eabi/11.3.1/thumb/v7e-m+fp/hard\libgcc.a(_udivmoddi4.o)
                0x00000000080002d0                __udivmoddi4
 .text          0x0000000008000598        0x4 C:/ST/STM32CubeIDE_1.10.1/STM32CubeIDE/plugins/com.st.stm32cube.ide.mcu.externaltools.gnu-tools-for-stm32.11.3.rel1.win32_1.1.1.202309131626/tools/bin/../lib/gcc/arm-none-eabi/11.3.1/thumb/v7e-m+fp/hard\libgcc.a(_dvmd_tls.o)
                0x0000000008000598                __aeabi_idiv0
                0x0000000008000598                __aeabi_ldiv0
 *(.text*)
 .text.print_UART
                0x000000000800059c       0x9c ./Core/Src/Services/UART/UARTServices.o
                0x000000000800059c                print_UART
 .text.UARTTxTask
                0x0000000008000638       0x54 ./Core/Src/Services/UART/UARTServices.o
                0x0000000008000638                UARTTxTask
 .text.print_USB
                0x000000000800068c       0x9c ./Core/Src/Services/USB/USBServices.o
                0x000000000800068c                print_USB
 .text.USBTxTask
                0x0000000008000728       0x50 ./Core/Src/Services/USB/USBServices.o
                0x0000000008000728                USBTxTask
 .text.main     0x0000000008000778       0xa4 ./Core/Src/main.o
                0x0000000008000778                main
 .text.SystemClock_Config
                0x000000000800081c       0xaa ./Core/Src/main.o
                0x000000000800081c                SystemClock_Config
 *fill*         0x00000000080008c6        0x2 
 .text.MX_LPUART1_UART_Init
                0x00000000080008c8       0x5c ./Core/Src/main.o
 .text.MX_GPIO_Init
                0x0000000008000924      0x134 ./Core/Src/main.o
 .text.BlinkTask
                0x0000000008000a58       0x5c ./Core/Src/main.o
                0x0000000008000a58                BlinkTask
 .text.HAL_TIM_PeriodElapsedCallback
                0x0000000008000ab4       0x24 ./Core/Src/main.o
                0x0000000008000ab4                HAL_TIM_PeriodElapsedCallback
 .text.Error_Handler
                0x0000000008000ad8        0xa ./Core/Src/main.o
                0x0000000008000ad8                Error_Handler
 *fill*         0x0000000008000ae2        0x2 
 .text.HAL_MspInit
                0x0000000008000ae4       0x50 ./Core/Src/stm32l4xx_hal_msp.o
                0x0000000008000ae4                HAL_MspInit
 .text.HAL_UART_MspInit
                0x0000000008000b34       0xc0 ./Core/Src/stm32l4xx_hal_msp.o
                0x0000000008000b34                HAL_UART_MspInit
 .text.HAL_InitTick
                0x0000000008000bf4       0xdc ./Core/Src/stm32l4xx_hal_timebase_tim.o
                0x0000000008000bf4                HAL_InitTick
 .text.NMI_Handler
                0x0000000008000cd0        0x6 ./Core/Src/stm32l4xx_it.o
                0x0000000008000cd0                NMI_Handler
 .text.HardFault_Handler
                0x0000000008000cd6        0x6 ./Core/Src/stm32l4xx_it.o
                0x0000000008000cd6                HardFault_Handler
 .text.MemManage_Handler
                0x0000000008000cdc        0x6 ./Core/Src/stm32l4xx_it.o
                0x0000000008000cdc                MemManage_Handler
 .text.BusFault_Handler
                0x0000000008000ce2        0x6 ./Core/Src/stm32l4xx_it.o
                0x0000000008000ce2                BusFault_Handler
 .text.UsageFault_Handler
                0x0000000008000ce8        0x6 ./Core/Src/stm32l4xx_it.o
                0x0000000008000ce8                UsageFault_Handler
 .text.DebugMon_Handler
                0x0000000008000cee        0xe ./Core/Src/stm32l4xx_it.o
                0x0000000008000cee                DebugMon_Handler
 .text.TIM1_UP_TIM16_IRQHandler
                0x0000000008000cfc       0x14 ./Core/Src/stm32l4xx_it.o
                0x0000000008000cfc                TIM1_UP_TIM16_IRQHandler
 .text.OTG_FS_IRQHandler
                0x0000000008000d10       0x14 ./Core/Src/stm32l4xx_it.o
                0x0000000008000d10                OTG_FS_IRQHandler
 .text._sbrk    0x0000000008000d24       0x6c ./Core/Src/sysmem.o
                0x0000000008000d24                _sbrk
 .text.SystemInit
                0x0000000008000d90       0x24 ./Core/Src/system_stm32l4xx.o
                0x0000000008000d90                SystemInit
 .text.Reset_Handler
                0x0000000008000db4       0x50 ./Core/Startup/startup_stm32l496zgtxp.o
                0x0000000008000db4                Reset_Handler
 .text.Default_Handler
                0x0000000008000e04        0x2 ./Core/Startup/startup_stm32l496zgtxp.o
                0x0000000008000e04                RTC_Alarm_IRQHandler
                0x0000000008000e04                EXTI2_IRQHandler
                0x0000000008000e04                TIM8_TRG_COM_IRQHandler
                0x0000000008000e04                TIM8_CC_IRQHandler
                0x0000000008000e04                TIM1_CC_IRQHandler
                0x0000000008000e04                TSC_IRQHandler
                0x0000000008000e04                TAMP_STAMP_IRQHandler
                0x0000000008000e04                CAN2_RX1_IRQHandler
                0x0000000008000e04                EXTI3_IRQHandler
                0x0000000008000e04                LPTIM2_IRQHandler
                0x0000000008000e04                DFSDM1_FLT1_IRQHandler
                0x0000000008000e04                I2C3_ER_IRQHandler
                0x0000000008000e04                DFSDM1_FLT2_IRQHandler
                0x0000000008000e04                EXTI0_IRQHandler
                0x0000000008000e04                I2C2_EV_IRQHandler
                0x0000000008000e04                CAN1_RX0_IRQHandler
                0x0000000008000e04                FPU_IRQHandler
                0x0000000008000e04                CAN2_SCE_IRQHandler
                0x0000000008000e04                ADC1_2_IRQHandler
                0x0000000008000e04                SPI1_IRQHandler
                0x0000000008000e04                TIM6_DAC_IRQHandler
                0x0000000008000e04                DCMI_IRQHandler
                0x0000000008000e04                CAN2_RX0_IRQHandler
                0x0000000008000e04                TIM8_UP_IRQHandler
                0x0000000008000e04                DMA2_Channel2_IRQHandler
                0x0000000008000e04                DMA1_Channel4_IRQHandler
                0x0000000008000e04                SAI2_IRQHandler
                0x0000000008000e04                DFSDM1_FLT3_IRQHandler
                0x0000000008000e04                USART3_IRQHandler
                0x0000000008000e04                DMA1_Channel7_IRQHandler
                0x0000000008000e04                CAN1_RX1_IRQHandler
                0x0000000008000e04                LCD_IRQHandler
                0x0000000008000e04                UART5_IRQHandler
                0x0000000008000e04                ADC3_IRQHandler
                0x0000000008000e04                TIM4_IRQHandler
                0x0000000008000e04                DMA2_Channel1_IRQHandler
                0x0000000008000e04                QUADSPI_IRQHandler
                0x0000000008000e04                I2C1_EV_IRQHandler
                0x0000000008000e04                DMA1_Channel6_IRQHandler
                0x0000000008000e04                UART4_IRQHandler
                0x0000000008000e04                DMA2_Channel4_IRQHandler
                0x0000000008000e04                TIM3_IRQHandler
                0x0000000008000e04                RCC_IRQHandler
                0x0000000008000e04                DMA1_Channel1_IRQHandler
                0x0000000008000e04                Default_Handler
                0x0000000008000e04                DMA2_Channel7_IRQHandler
                0x0000000008000e04                EXTI15_10_IRQHandler
                0x0000000008000e04                TIM7_IRQHandler
                0x0000000008000e04                SDMMC1_IRQHandler
                0x0000000008000e04                CAN2_TX_IRQHandler
                0x0000000008000e04                TIM5_IRQHandler
                0x0000000008000e04                I2C3_EV_IRQHandler
                0x0000000008000e04                EXTI9_5_IRQHandler
                0x0000000008000e04                RTC_WKUP_IRQHandler
                0x0000000008000e04                PVD_PVM_IRQHandler
                0x0000000008000e04                SPI2_IRQHandler
                0x0000000008000e04                CAN1_TX_IRQHandler
                0x0000000008000e04                DMA2_Channel5_IRQHandler
                0x0000000008000e04                CRS_IRQHandler
                0x0000000008000e04                DMA1_Channel5_IRQHandler
                0x0000000008000e04                EXTI4_IRQHandler
                0x0000000008000e04                RNG_IRQHandler
                0x0000000008000e04                TIM1_TRG_COM_TIM17_IRQHandler
                0x0000000008000e04                DMA1_Channel3_IRQHandler
                0x0000000008000e04                COMP_IRQHandler
                0x0000000008000e04                WWDG_IRQHandler
                0x0000000008000e04                I2C4_EV_IRQHandler
                0x0000000008000e04                LPUART1_IRQHandler
                0x0000000008000e04                DMA2_Channel6_IRQHandler
                0x0000000008000e04                TIM2_IRQHandler
                0x0000000008000e04                EXTI1_IRQHandler
                0x0000000008000e04                USART2_IRQHandler
                0x0000000008000e04                DFSDM1_FLT0_IRQHandler
                0x0000000008000e04                I2C2_ER_IRQHandler
                0x0000000008000e04                DMA1_Channel2_IRQHandler
                0x0000000008000e04                TIM8_BRK_IRQHandler
                0x0000000008000e04                CAN1_SCE_IRQHandler
                0x0000000008000e04                FLASH_IRQHandler
                0x0000000008000e04                USART1_IRQHandler
                0x0000000008000e04                SPI3_IRQHandler
                0x0000000008000e04                I2C1_ER_IRQHandler
                0x0000000008000e04                FMC_IRQHandler
                0x0000000008000e04                SWPMI1_IRQHandler
                0x0000000008000e04                LPTIM1_IRQHandler
                0x0000000008000e04                I2C4_ER_IRQHandler
                0x0000000008000e04                SAI1_IRQHandler
                0x0000000008000e04                DMA2_Channel3_IRQHandler
                0x0000000008000e04                TIM1_BRK_TIM15_IRQHandler
 .text.HAL_Init
                0x0000000008000e06       0x30 ./Drivers/STM32L4xx_HAL_Driver/Src/stm32l4xx_hal.o
                0x0000000008000e06                HAL_Init
 *fill*         0x0000000008000e36        0x2 
 .text.HAL_IncTick
                0x0000000008000e38       0x28 ./Drivers/STM32L4xx_HAL_Driver/Src/stm32l4xx_hal.o
                0x0000000008000e38                HAL_IncTick
 .text.HAL_GetTick
                0x0000000008000e60       0x18 ./Drivers/STM32L4xx_HAL_Driver/Src/stm32l4xx_hal.o
                0x0000000008000e60                HAL_GetTick
 .text.HAL_Delay
                0x0000000008000e78       0x48 ./Drivers/STM32L4xx_HAL_Driver/Src/stm32l4xx_hal.o
                0x0000000008000e78                HAL_Delay
 .text.__NVIC_SetPriorityGrouping
                0x0000000008000ec0       0x48 ./Drivers/STM32L4xx_HAL_Driver/Src/stm32l4xx_hal_cortex.o
 .text.__NVIC_GetPriorityGrouping
                0x0000000008000f08       0x1c ./Drivers/STM32L4xx_HAL_Driver/Src/stm32l4xx_hal_cortex.o
 .text.__NVIC_EnableIRQ
                0x0000000008000f24       0x3c ./Drivers/STM32L4xx_HAL_Driver/Src/stm32l4xx_hal_cortex.o
 .text.__NVIC_SetPriority
                0x0000000008000f60       0x54 ./Drivers/STM32L4xx_HAL_Driver/Src/stm32l4xx_hal_cortex.o
 .text.NVIC_EncodePriority
                0x0000000008000fb4       0x66 ./Drivers/STM32L4xx_HAL_Driver/Src/stm32l4xx_hal_cortex.o
 .text.HAL_NVIC_SetPriorityGrouping
                0x000000000800101a       0x16 ./Drivers/STM32L4xx_HAL_Driver/Src/stm32l4xx_hal_cortex.o
                0x000000000800101a                HAL_NVIC_SetPriorityGrouping
 .text.HAL_NVIC_SetPriority
                0x0000000008001030       0x38 ./Drivers/STM32L4xx_HAL_Driver/Src/stm32l4xx_hal_cortex.o
                0x0000000008001030                HAL_NVIC_SetPriority
 .text.HAL_NVIC_EnableIRQ
                0x0000000008001068       0x1c ./Drivers/STM32L4xx_HAL_Driver/Src/stm32l4xx_hal_cortex.o
                0x0000000008001068                HAL_NVIC_EnableIRQ
 .text.HAL_GPIO_Init
                0x0000000008001084      0x324 ./Drivers/STM32L4xx_HAL_Driver/Src/stm32l4xx_hal_gpio.o
                0x0000000008001084                HAL_GPIO_Init
 .text.HAL_GPIO_WritePin
                0x00000000080013a8       0x30 ./Drivers/STM32L4xx_HAL_Driver/Src/stm32l4xx_hal_gpio.o
                0x00000000080013a8                HAL_GPIO_WritePin
 .text.HAL_GPIO_TogglePin
                0x00000000080013d8       0x34 ./Drivers/STM32L4xx_HAL_Driver/Src/stm32l4xx_hal_gpio.o
                0x00000000080013d8                HAL_GPIO_TogglePin
 .text.HAL_PCD_Init
                0x000000000800140c      0x248 ./Drivers/STM32L4xx_HAL_Driver/Src/stm32l4xx_hal_pcd.o
                0x000000000800140c                HAL_PCD_Init
 .text.HAL_PCD_Start
                0x0000000008001654       0x5e ./Drivers/STM32L4xx_HAL_Driver/Src/stm32l4xx_hal_pcd.o
                0x0000000008001654                HAL_PCD_Start
 .text.HAL_PCD_IRQHandler
                0x00000000080016b2      0x926 ./Drivers/STM32L4xx_HAL_Driver/Src/stm32l4xx_hal_pcd.o
                0x00000000080016b2                HAL_PCD_IRQHandler
 .text.HAL_PCD_SetAddress
                0x0000000008001fd8       0x4a ./Drivers/STM32L4xx_HAL_Driver/Src/stm32l4xx_hal_pcd.o
                0x0000000008001fd8                HAL_PCD_SetAddress
 .text.HAL_PCD_EP_Open
                0x0000000008002022       0xd0 ./Drivers/STM32L4xx_HAL_Driver/Src/stm32l4xx_hal_pcd.o
                0x0000000008002022                HAL_PCD_EP_Open
 .text.HAL_PCD_EP_Close
                0x00000000080020f2       0x94 ./Drivers/STM32L4xx_HAL_Driver/Src/stm32l4xx_hal_pcd.o
                0x00000000080020f2                HAL_PCD_EP_Close
 .text.HAL_PCD_EP_Receive
                0x0000000008002186       0x64 ./Drivers/STM32L4xx_HAL_Driver/Src/stm32l4xx_hal_pcd.o
                0x0000000008002186                HAL_PCD_EP_Receive
 .text.HAL_PCD_EP_GetRxCount
                0x00000000080021ea       0x30 ./Drivers/STM32L4xx_HAL_Driver/Src/stm32l4xx_hal_pcd.o
                0x00000000080021ea                HAL_PCD_EP_GetRxCount
 .text.HAL_PCD_EP_Transmit
                0x000000000800221a       0x62 ./Drivers/STM32L4xx_HAL_Driver/Src/stm32l4xx_hal_pcd.o
                0x000000000800221a                HAL_PCD_EP_Transmit
 .text.HAL_PCD_EP_SetStall
                0x000000000800227c       0xc4 ./Drivers/STM32L4xx_HAL_Driver/Src/stm32l4xx_hal_pcd.o
                0x000000000800227c                HAL_PCD_EP_SetStall
 .text.HAL_PCD_EP_ClrStall
                0x0000000008002340       0xac ./Drivers/STM32L4xx_HAL_Driver/Src/stm32l4xx_hal_pcd.o
                0x0000000008002340                HAL_PCD_EP_ClrStall
 .text.HAL_PCD_EP_Abort
                0x00000000080023ec       0x62 ./Drivers/STM32L4xx_HAL_Driver/Src/stm32l4xx_hal_pcd.o
                0x00000000080023ec                HAL_PCD_EP_Abort
 .text.PCD_WriteEmptyTxFifo
                0x000000000800244e      0x110 ./Drivers/STM32L4xx_HAL_Driver/Src/stm32l4xx_hal_pcd.o
 *fill*         0x000000000800255e        0x2 
 .text.PCD_EP_OutXfrComplete_int
                0x0000000008002560       0x9c ./Drivers/STM32L4xx_HAL_Driver/Src/stm32l4xx_hal_pcd.o
 .text.PCD_EP_OutSetupPacket_int
                0x00000000080025fc       0x68 ./Drivers/STM32L4xx_HAL_Driver/Src/stm32l4xx_hal_pcd.o
 .text.HAL_PCDEx_SetTxFiFo
                0x0000000008002664       0x8e ./Drivers/STM32L4xx_HAL_Driver/Src/stm32l4xx_hal_pcd_ex.o
                0x0000000008002664                HAL_PCDEx_SetTxFiFo
 .text.HAL_PCDEx_SetRxFiFo
                0x00000000080026f2       0x22 ./Drivers/STM32L4xx_HAL_Driver/Src/stm32l4xx_hal_pcd_ex.o
                0x00000000080026f2                HAL_PCDEx_SetRxFiFo
 .text.HAL_PCDEx_ActivateLPM
                0x0000000008002714       0x48 ./Drivers/STM32L4xx_HAL_Driver/Src/stm32l4xx_hal_pcd_ex.o
                0x0000000008002714                HAL_PCDEx_ActivateLPM
 .text.HAL_PWREx_GetVoltageRange
                0x000000000800275c       0x1c ./Drivers/STM32L4xx_HAL_Driver/Src/stm32l4xx_hal_pwr_ex.o
                0x000000000800275c                HAL_PWREx_GetVoltageRange
 .text.HAL_PWREx_ControlVoltageScaling
                0x0000000008002778       0xac ./Drivers/STM32L4xx_HAL_Driver/Src/stm32l4xx_hal_pwr_ex.o
                0x0000000008002778                HAL_PWREx_ControlVoltageScaling
 .text.HAL_PWREx_EnableVddUSB
                0x0000000008002824       0x20 ./Drivers/STM32L4xx_HAL_Driver/Src/stm32l4xx_hal_pwr_ex.o
                0x0000000008002824                HAL_PWREx_EnableVddUSB
 .text.HAL_PWREx_EnableVddIO2
                0x0000000008002844       0x20 ./Drivers/STM32L4xx_HAL_Driver/Src/stm32l4xx_hal_pwr_ex.o
                0x0000000008002844                HAL_PWREx_EnableVddIO2
 .text.HAL_RCC_OscConfig
                0x0000000008002864      0x834 ./Drivers/STM32L4xx_HAL_Driver/Src/stm32l4xx_hal_rcc.o
                0x0000000008002864                HAL_RCC_OscConfig
 .text.HAL_RCC_ClockConfig
                0x0000000008003098      0x200 ./Drivers/STM32L4xx_HAL_Driver/Src/stm32l4xx_hal_rcc.o
                0x0000000008003098                HAL_RCC_ClockConfig
 .text.HAL_RCC_GetSysClockFreq
                0x0000000008003298      0x118 ./Drivers/STM32L4xx_HAL_Driver/Src/stm32l4xx_hal_rcc.o
                0x0000000008003298                HAL_RCC_GetSysClockFreq
 .text.HAL_RCC_GetHCLKFreq
                0x00000000080033b0       0x18 ./Drivers/STM32L4xx_HAL_Driver/Src/stm32l4xx_hal_rcc.o
                0x00000000080033b0                HAL_RCC_GetHCLKFreq
 .text.HAL_RCC_GetPCLK1Freq
                0x00000000080033c8       0x2c ./Drivers/STM32L4xx_HAL_Driver/Src/stm32l4xx_hal_rcc.o
                0x00000000080033c8                HAL_RCC_GetPCLK1Freq
 .text.HAL_RCC_GetPCLK2Freq
                0x00000000080033f4       0x2c ./Drivers/STM32L4xx_HAL_Driver/Src/stm32l4xx_hal_rcc.o
                0x00000000080033f4                HAL_RCC_GetPCLK2Freq
 .text.HAL_RCC_GetClockConfig
                0x0000000008003420       0x64 ./Drivers/STM32L4xx_HAL_Driver/Src/stm32l4xx_hal_rcc.o
                0x0000000008003420                HAL_RCC_GetClockConfig
 .text.RCC_SetFlashLatencyFromMSIRange
                0x0000000008003484       0xc0 ./Drivers/STM32L4xx_HAL_Driver/Src/stm32l4xx_hal_rcc.o
 .text.HAL_RCCEx_PeriphCLKConfig
                0x0000000008003544      0x5f8 ./Drivers/STM32L4xx_HAL_Driver/Src/stm32l4xx_hal_rcc_ex.o
                0x0000000008003544                HAL_RCCEx_PeriphCLKConfig
 .text.RCCEx_PLLSAI1_Config
                0x0000000008003b3c      0x1e4 ./Drivers/STM32L4xx_HAL_Driver/Src/stm32l4xx_hal_rcc_ex.o
 .text.RCCEx_PLLSAI2_Config
                0x0000000008003d20      0x1b8 ./Drivers/STM32L4xx_HAL_Driver/Src/stm32l4xx_hal_rcc_ex.o
 .text.HAL_TIM_Base_Init
                0x0000000008003ed8       0xae ./Drivers/STM32L4xx_HAL_Driver/Src/stm32l4xx_hal_tim.o
                0x0000000008003ed8                HAL_TIM_Base_Init
 .text.HAL_TIM_Base_MspInit
                0x0000000008003f86       0x14 ./Drivers/STM32L4xx_HAL_Driver/Src/stm32l4xx_hal_tim.o
                0x0000000008003f86                HAL_TIM_Base_MspInit
 *fill*         0x0000000008003f9a        0x2 
 .text.HAL_TIM_Base_Start_IT
                0x0000000008003f9c       0xe0 ./Drivers/STM32L4xx_HAL_Driver/Src/stm32l4xx_hal_tim.o
                0x0000000008003f9c                HAL_TIM_Base_Start_IT
 .text.HAL_TIM_IRQHandler
                0x000000000800407c      0x204 ./Drivers/STM32L4xx_HAL_Driver/Src/stm32l4xx_hal_tim.o
                0x000000000800407c                HAL_TIM_IRQHandler
 .text.HAL_TIM_OC_DelayElapsedCallback
                0x0000000008004280       0x14 ./Drivers/STM32L4xx_HAL_Driver/Src/stm32l4xx_hal_tim.o
                0x0000000008004280                HAL_TIM_OC_DelayElapsedCallback
 .text.HAL_TIM_IC_CaptureCallback
                0x0000000008004294       0x14 ./Drivers/STM32L4xx_HAL_Driver/Src/stm32l4xx_hal_tim.o
                0x0000000008004294                HAL_TIM_IC_CaptureCallback
 .text.HAL_TIM_PWM_PulseFinishedCallback
                0x00000000080042a8       0x14 ./Drivers/STM32L4xx_HAL_Driver/Src/stm32l4xx_hal_tim.o
                0x00000000080042a8                HAL_TIM_PWM_PulseFinishedCallback
 .text.HAL_TIM_TriggerCallback
                0x00000000080042bc       0x14 ./Drivers/STM32L4xx_HAL_Driver/Src/stm32l4xx_hal_tim.o
                0x00000000080042bc                HAL_TIM_TriggerCallback
 .text.TIM_Base_SetConfig
                0x00000000080042d0      0x134 ./Drivers/STM32L4xx_HAL_Driver/Src/stm32l4xx_hal_tim.o
                0x00000000080042d0                TIM_Base_SetConfig
 .text.HAL_TIMEx_CommutCallback
                0x0000000008004404       0x14 ./Drivers/STM32L4xx_HAL_Driver/Src/stm32l4xx_hal_tim_ex.o
                0x0000000008004404                HAL_TIMEx_CommutCallback
 .text.HAL_TIMEx_BreakCallback
                0x0000000008004418       0x14 ./Drivers/STM32L4xx_HAL_Driver/Src/stm32l4xx_hal_tim_ex.o
                0x0000000008004418                HAL_TIMEx_BreakCallback
 .text.HAL_TIMEx_Break2Callback
                0x000000000800442c       0x14 ./Drivers/STM32L4xx_HAL_Driver/Src/stm32l4xx_hal_tim_ex.o
                0x000000000800442c                HAL_TIMEx_Break2Callback
 .text.HAL_UART_Init
                0x0000000008004440       0x9c ./Drivers/STM32L4xx_HAL_Driver/Src/stm32l4xx_hal_uart.o
                0x0000000008004440                HAL_UART_Init
 .text.HAL_UART_Transmit
                0x00000000080044dc      0x114 ./Drivers/STM32L4xx_HAL_Driver/Src/stm32l4xx_hal_uart.o
                0x00000000080044dc                HAL_UART_Transmit
 .text.UART_SetConfig
                0x00000000080045f0      0x570 ./Drivers/STM32L4xx_HAL_Driver/Src/stm32l4xx_hal_uart.o
                0x00000000080045f0                UART_SetConfig
 .text.UART_AdvFeatureConfig
                0x0000000008004b60      0x144 ./Drivers/STM32L4xx_HAL_Driver/Src/stm32l4xx_hal_uart.o
                0x0000000008004b60                UART_AdvFeatureConfig
 .text.UART_CheckIdleState
                0x0000000008004ca4      0x150 ./Drivers/STM32L4xx_HAL_Driver/Src/stm32l4xx_hal_uart.o
                0x0000000008004ca4                UART_CheckIdleState
 .text.UART_WaitOnFlagUntilTimeout
                0x0000000008004df4       0xce ./Drivers/STM32L4xx_HAL_Driver/Src/stm32l4xx_hal_uart.o
                0x0000000008004df4                UART_WaitOnFlagUntilTimeout
 .text.UART_EndRxTransfer
                0x0000000008004ec2       0xc8 ./Drivers/STM32L4xx_HAL_Driver/Src/stm32l4xx_hal_uart.o
 .text.USB_CoreInit
                0x0000000008004f8a       0x58 ./Drivers/STM32L4xx_HAL_Driver/Src/stm32l4xx_ll_usb.o
                0x0000000008004f8a                USB_CoreInit
 *fill*         0x0000000008004fe2        0x2 
 .text.USB_SetTurnaroundTime
                0x0000000008004fe4      0x138 ./Drivers/STM32L4xx_HAL_Driver/Src/stm32l4xx_ll_usb.o
                0x0000000008004fe4                USB_SetTurnaroundTime
 .text.USB_EnableGlobalInt
                0x000000000800511c       0x22 ./Drivers/STM32L4xx_HAL_Driver/Src/stm32l4xx_ll_usb.o
                0x000000000800511c                USB_EnableGlobalInt
 .text.USB_DisableGlobalInt
                0x000000000800513e       0x22 ./Drivers/STM32L4xx_HAL_Driver/Src/stm32l4xx_ll_usb.o
                0x000000000800513e                USB_DisableGlobalInt
 .text.USB_SetCurrentMode
                0x0000000008005160       0x98 ./Drivers/STM32L4xx_HAL_Driver/Src/stm32l4xx_ll_usb.o
                0x0000000008005160                USB_SetCurrentMode
 .text.USB_DevInit
                0x00000000080051f8      0x284 ./Drivers/STM32L4xx_HAL_Driver/Src/stm32l4xx_ll_usb.o
                0x00000000080051f8                USB_DevInit
 .text.USB_FlushTxFifo
                0x000000000800547c       0x68 ./Drivers/STM32L4xx_HAL_Driver/Src/stm32l4xx_ll_usb.o
                0x000000000800547c                USB_FlushTxFifo
 .text.USB_FlushRxFifo
                0x00000000080054e4       0x60 ./Drivers/STM32L4xx_HAL_Driver/Src/stm32l4xx_ll_usb.o
                0x00000000080054e4                USB_FlushRxFifo
 .text.USB_SetDevSpeed
                0x0000000008005544       0x32 ./Drivers/STM32L4xx_HAL_Driver/Src/stm32l4xx_ll_usb.o
                0x0000000008005544                USB_SetDevSpeed
 .text.USB_GetDevSpeed
                0x0000000008005576       0x3e ./Drivers/STM32L4xx_HAL_Driver/Src/stm32l4xx_ll_usb.o
                0x0000000008005576                USB_GetDevSpeed
 .text.USB_ActivateEndpoint
                0x00000000080055b4      0x10e ./Drivers/STM32L4xx_HAL_Driver/Src/stm32l4xx_ll_usb.o
                0x00000000080055b4                USB_ActivateEndpoint
 *fill*         0x00000000080056c2        0x2 
 .text.USB_DeactivateEndpoint
                0x00000000080056c4      0x1b8 ./Drivers/STM32L4xx_HAL_Driver/Src/stm32l4xx_ll_usb.o
                0x00000000080056c4                USB_DeactivateEndpoint
 .text.USB_EPStartXfer
                0x000000000800587c      0x464 ./Drivers/STM32L4xx_HAL_Driver/Src/stm32l4xx_ll_usb.o
                0x000000000800587c                USB_EPStartXfer
 .text.USB_EPStopXfer
                0x0000000008005ce0      0x154 ./Drivers/STM32L4xx_HAL_Driver/Src/stm32l4xx_ll_usb.o
                0x0000000008005ce0                USB_EPStopXfer
 .text.USB_WritePacket
                0x0000000008005e34       0x74 ./Drivers/STM32L4xx_HAL_Driver/Src/stm32l4xx_ll_usb.o
                0x0000000008005e34                USB_WritePacket
 .text.USB_ReadPacket
                0x0000000008005ea8       0xb0 ./Drivers/STM32L4xx_HAL_Driver/Src/stm32l4xx_ll_usb.o
                0x0000000008005ea8                USB_ReadPacket
 .text.USB_EPSetStall
                0x0000000008005f58       0xdc ./Drivers/STM32L4xx_HAL_Driver/Src/stm32l4xx_ll_usb.o
                0x0000000008005f58                USB_EPSetStall
 .text.USB_EPClearStall
                0x0000000008006034       0xcc ./Drivers/STM32L4xx_HAL_Driver/Src/stm32l4xx_ll_usb.o
                0x0000000008006034                USB_EPClearStall
 .text.USB_SetDevAddress
                0x0000000008006100       0x4c ./Drivers/STM32L4xx_HAL_Driver/Src/stm32l4xx_ll_usb.o
                0x0000000008006100                USB_SetDevAddress
 .text.USB_DevConnect
                0x000000000800614c       0x42 ./Drivers/STM32L4xx_HAL_Driver/Src/stm32l4xx_ll_usb.o
                0x000000000800614c                USB_DevConnect
 .text.USB_DevDisconnect
                0x000000000800618e       0x42 ./Drivers/STM32L4xx_HAL_Driver/Src/stm32l4xx_ll_usb.o
                0x000000000800618e                USB_DevDisconnect
 .text.USB_ReadInterrupts
                0x00000000080061d0       0x26 ./Drivers/STM32L4xx_HAL_Driver/Src/stm32l4xx_ll_usb.o
                0x00000000080061d0                USB_ReadInterrupts
 .text.USB_ReadDevAllOutEpInterrupt
                0x00000000080061f6       0x34 ./Drivers/STM32L4xx_HAL_Driver/Src/stm32l4xx_ll_usb.o
                0x00000000080061f6                USB_ReadDevAllOutEpInterrupt
 .text.USB_ReadDevAllInEpInterrupt
                0x000000000800622a       0x34 ./Drivers/STM32L4xx_HAL_Driver/Src/stm32l4xx_ll_usb.o
                0x000000000800622a                USB_ReadDevAllInEpInterrupt
 .text.USB_ReadDevOutEPInterrupt
                0x000000000800625e       0x3c ./Drivers/STM32L4xx_HAL_Driver/Src/stm32l4xx_ll_usb.o
                0x000000000800625e                USB_ReadDevOutEPInterrupt
 .text.USB_ReadDevInEPInterrupt
                0x000000000800629a       0x5c ./Drivers/STM32L4xx_HAL_Driver/Src/stm32l4xx_ll_usb.o
                0x000000000800629a                USB_ReadDevInEPInterrupt
 .text.USB_GetMode
                0x00000000080062f6       0x1c ./Drivers/STM32L4xx_HAL_Driver/Src/stm32l4xx_ll_usb.o
                0x00000000080062f6                USB_GetMode
 .text.USB_ActivateSetup
                0x0000000008006312       0x46 ./Drivers/STM32L4xx_HAL_Driver/Src/stm32l4xx_ll_usb.o
                0x0000000008006312                USB_ActivateSetup
 .text.USB_EP0_OutStart
                0x0000000008006358       0x90 ./Drivers/STM32L4xx_HAL_Driver/Src/stm32l4xx_ll_usb.o
                0x0000000008006358                USB_EP0_OutStart
 .text.USB_CoreReset
                0x00000000080063e8       0x68 ./Drivers/STM32L4xx_HAL_Driver/Src/stm32l4xx_ll_usb.o
 .text.USBD_CDC_Init
                0x0000000008006450      0x1f0 ./Middlewares/ST/STM32_USB_Device_Library/Class/CDC/Src/usbd_cdc.o
 .text.USBD_CDC_DeInit
                0x0000000008006640      0x104 ./Middlewares/ST/STM32_USB_Device_Library/Class/CDC/Src/usbd_cdc.o
 .text.USBD_CDC_Setup
                0x0000000008006744      0x1b8 ./Middlewares/ST/STM32_USB_Device_Library/Class/CDC/Src/usbd_cdc.o
 .text.USBD_CDC_DataIn
                0x00000000080068fc       0xfe ./Middlewares/ST/STM32_USB_Device_Library/Class/CDC/Src/usbd_cdc.o
 .text.USBD_CDC_DataOut
                0x00000000080069fa       0x70 ./Middlewares/ST/STM32_USB_Device_Library/Class/CDC/Src/usbd_cdc.o
 .text.USBD_CDC_EP0_RxReady
                0x0000000008006a6a       0x76 ./Middlewares/ST/STM32_USB_Device_Library/Class/CDC/Src/usbd_cdc.o
 .text.USBD_CDC_GetFSCfgDesc
                0x0000000008006ae0       0x70 ./Middlewares/ST/STM32_USB_Device_Library/Class/CDC/Src/usbd_cdc.o
 .text.USBD_CDC_GetHSCfgDesc
                0x0000000008006b50       0x70 ./Middlewares/ST/STM32_USB_Device_Library/Class/CDC/Src/usbd_cdc.o
 .text.USBD_CDC_GetOtherSpeedCfgDesc
                0x0000000008006bc0       0x70 ./Middlewares/ST/STM32_USB_Device_Library/Class/CDC/Src/usbd_cdc.o
 .text.USBD_CDC_GetDeviceQualifierDescriptor
                0x0000000008006c30       0x20 ./Middlewares/ST/STM32_USB_Device_Library/Class/CDC/Src/usbd_cdc.o
                0x0000000008006c30                USBD_CDC_GetDeviceQualifierDescriptor
 .text.USBD_CDC_RegisterInterface
                0x0000000008006c50       0x34 ./Middlewares/ST/STM32_USB_Device_Library/Class/CDC/Src/usbd_cdc.o
                0x0000000008006c50                USBD_CDC_RegisterInterface
 .text.USBD_CDC_SetTxBuffer
                0x0000000008006c84       0x44 ./Middlewares/ST/STM32_USB_Device_Library/Class/CDC/Src/usbd_cdc.o
                0x0000000008006c84                USBD_CDC_SetTxBuffer
 .text.USBD_CDC_SetRxBuffer
                0x0000000008006cc8       0x3a ./Middlewares/ST/STM32_USB_Device_Library/Class/CDC/Src/usbd_cdc.o
                0x0000000008006cc8                USBD_CDC_SetRxBuffer
 *fill*         0x0000000008006d02        0x2 
 .text.USBD_CDC_TransmitPacket
                0x0000000008006d04       0x80 ./Middlewares/ST/STM32_USB_Device_Library/Class/CDC/Src/usbd_cdc.o
                0x0000000008006d04                USBD_CDC_TransmitPacket
 .text.USBD_CDC_ReceivePacket
                0x0000000008006d84       0x6c ./Middlewares/ST/STM32_USB_Device_Library/Class/CDC/Src/usbd_cdc.o
                0x0000000008006d84                USBD_CDC_ReceivePacket
 .text.USBD_Init
                0x0000000008006df0       0x60 ./Middlewares/ST/STM32_USB_Device_Library/Core/Src/usbd_core.o
                0x0000000008006df0                USBD_Init
 .text.USBD_RegisterClass
                0x0000000008006e50       0x6c ./Middlewares/ST/STM32_USB_Device_Library/Core/Src/usbd_core.o
                0x0000000008006e50                USBD_RegisterClass
 .text.USBD_Start
                0x0000000008006ebc       0x18 ./Middlewares/ST/STM32_USB_Device_Library/Core/Src/usbd_core.o
                0x0000000008006ebc                USBD_Start
 .text.USBD_RunTestMode
                0x0000000008006ed4       0x16 ./Middlewares/ST/STM32_USB_Device_Library/Core/Src/usbd_core.o
                0x0000000008006ed4                USBD_RunTestMode
 .text.USBD_SetClassConfig
                0x0000000008006eea       0x38 ./Middlewares/ST/STM32_USB_Device_Library/Core/Src/usbd_core.o
                0x0000000008006eea                USBD_SetClassConfig
 .text.USBD_ClrClassConfig
                0x0000000008006f22       0x34 ./Middlewares/ST/STM32_USB_Device_Library/Core/Src/usbd_core.o
                0x0000000008006f22                USBD_ClrClassConfig
 .text.USBD_LL_SetupStage
                0x0000000008006f56       0xaa ./Middlewares/ST/STM32_USB_Device_Library/Core/Src/usbd_core.o
                0x0000000008006f56                USBD_LL_SetupStage
 .text.USBD_LL_DataOutStage
                0x0000000008007000      0x166 ./Middlewares/ST/STM32_USB_Device_Library/Core/Src/usbd_core.o
                0x0000000008007000                USBD_LL_DataOutStage
 .text.USBD_LL_DataInStage
                0x0000000008007166      0x164 ./Middlewares/ST/STM32_USB_Device_Library/Core/Src/usbd_core.o
                0x0000000008007166                USBD_LL_DataInStage
 .text.USBD_LL_Reset
                0x00000000080072ca       0xa4 ./Middlewares/ST/STM32_USB_Device_Library/Core/Src/usbd_core.o
                0x00000000080072ca                USBD_LL_Reset
 .text.USBD_LL_SetSpeed
                0x000000000800736e       0x20 ./Middlewares/ST/STM32_USB_Device_Library/Core/Src/usbd_core.o
                0x000000000800736e                USBD_LL_SetSpeed
 .text.USBD_LL_Suspend
                0x000000000800738e       0x38 ./Middlewares/ST/STM32_USB_Device_Library/Core/Src/usbd_core.o
                0x000000000800738e                USBD_LL_Suspend
 .text.USBD_LL_Resume
                0x00000000080073c6       0x30 ./Middlewares/ST/STM32_USB_Device_Library/Core/Src/usbd_core.o
                0x00000000080073c6                USBD_LL_Resume
 .text.USBD_LL_SOF
                0x00000000080073f6       0x40 ./Middlewares/ST/STM32_USB_Device_Library/Core/Src/usbd_core.o
                0x00000000080073f6                USBD_LL_SOF
 .text.USBD_LL_IsoINIncomplete
                0x0000000008007436       0x64 ./Middlewares/ST/STM32_USB_Device_Library/Core/Src/usbd_core.o
                0x0000000008007436                USBD_LL_IsoINIncomplete
 .text.USBD_LL_IsoOUTIncomplete
                0x000000000800749a       0x64 ./Middlewares/ST/STM32_USB_Device_Library/Core/Src/usbd_core.o
                0x000000000800749a                USBD_LL_IsoOUTIncomplete
 .text.USBD_LL_DevConnected
                0x00000000080074fe       0x16 ./Middlewares/ST/STM32_USB_Device_Library/Core/Src/usbd_core.o
                0x00000000080074fe                USBD_LL_DevConnected
 .text.USBD_LL_DevDisconnected
                0x0000000008007514       0x46 ./Middlewares/ST/STM32_USB_Device_Library/Core/Src/usbd_core.o
                0x0000000008007514                USBD_LL_DevDisconnected
 .text.USBD_CoreFindIF
                0x000000000800755a       0x1a ./Middlewares/ST/STM32_USB_Device_Library/Core/Src/usbd_core.o
                0x000000000800755a                USBD_CoreFindIF
 .text.USBD_CoreFindEP
                0x0000000008007574       0x1a ./Middlewares/ST/STM32_USB_Device_Library/Core/Src/usbd_core.o
                0x0000000008007574                USBD_CoreFindEP
 .text.USBD_GetEpDesc
                0x000000000800758e       0x74 ./Middlewares/ST/STM32_USB_Device_Library/Core/Src/usbd_core.o
                0x000000000800758e                USBD_GetEpDesc
 .text.USBD_GetNextDesc
                0x0000000008007602       0x3a ./Middlewares/ST/STM32_USB_Device_Library/Core/Src/usbd_core.o
                0x0000000008007602                USBD_GetNextDesc
 .text.SWAPBYTE
                0x000000000800763c       0x3c ./Middlewares/ST/STM32_USB_Device_Library/Core/Src/usbd_ctlreq.o
 .text.USBD_StdDevReq
                0x0000000008007678       0xe4 ./Middlewares/ST/STM32_USB_Device_Library/Core/Src/usbd_ctlreq.o
                0x0000000008007678                USBD_StdDevReq
 .text.USBD_StdItfReq
                0x000000000800775c       0xd8 ./Middlewares/ST/STM32_USB_Device_Library/Core/Src/usbd_ctlreq.o
                0x000000000800775c                USBD_StdItfReq
 .text.USBD_StdEPReq
                0x0000000008007834      0x33a ./Middlewares/ST/STM32_USB_Device_Library/Core/Src/usbd_ctlreq.o
                0x0000000008007834                USBD_StdEPReq
 *fill*         0x0000000008007b6e        0x2 
 .text.USBD_GetDescriptor
                0x0000000008007b70      0x328 ./Middlewares/ST/STM32_USB_Device_Library/Core/Src/usbd_ctlreq.o
 .text.USBD_SetAddress
                0x0000000008007e98       0x88 ./Middlewares/ST/STM32_USB_Device_Library/Core/Src/usbd_ctlreq.o
 .text.USBD_SetConfig
                0x0000000008007f20      0x154 ./Middlewares/ST/STM32_USB_Device_Library/Core/Src/usbd_ctlreq.o
 .text.USBD_GetConfig
                0x0000000008008074       0x6c ./Middlewares/ST/STM32_USB_Device_Library/Core/Src/usbd_ctlreq.o
 .text.USBD_GetStatus
                0x00000000080080e0       0x68 ./Middlewares/ST/STM32_USB_Device_Library/Core/Src/usbd_ctlreq.o
 .text.USBD_SetFeature
                0x0000000008008148       0x52 ./Middlewares/ST/STM32_USB_Device_Library/Core/Src/usbd_ctlreq.o
 .text.USBD_ClrFeature
                0x000000000800819a       0x44 ./Middlewares/ST/STM32_USB_Device_Library/Core/Src/usbd_ctlreq.o
 .text.USBD_ParseSetupRequest
                0x00000000080081de       0x74 ./Middlewares/ST/STM32_USB_Device_Library/Core/Src/usbd_ctlreq.o
                0x00000000080081de                USBD_ParseSetupRequest
 .text.USBD_CtlError
                0x0000000008008252       0x22 ./Middlewares/ST/STM32_USB_Device_Library/Core/Src/usbd_ctlreq.o
                0x0000000008008252                USBD_CtlError
 .text.USBD_GetString
                0x0000000008008274       0x8c ./Middlewares/ST/STM32_USB_Device_Library/Core/Src/usbd_ctlreq.o
                0x0000000008008274                USBD_GetString
 .text.USBD_GetLen
                0x0000000008008300       0x34 ./Middlewares/ST/STM32_USB_Device_Library/Core/Src/usbd_ctlreq.o
 .text.USBD_CtlSendData
                0x0000000008008334       0x36 ./Middlewares/ST/STM32_USB_Device_Library/Core/Src/usbd_ioreq.o
                0x0000000008008334                USBD_CtlSendData
 .text.USBD_CtlContinueSendData
                0x000000000800836a       0x22 ./Middlewares/ST/STM32_USB_Device_Library/Core/Src/usbd_ioreq.o
                0x000000000800836a                USBD_CtlContinueSendData
 .text.USBD_CtlPrepareRx
                0x000000000800838c       0x3a ./Middlewares/ST/STM32_USB_Device_Library/Core/Src/usbd_ioreq.o
                0x000000000800838c                USBD_CtlPrepareRx
 .text.USBD_CtlContinueRx
                0x00000000080083c6       0x22 ./Middlewares/ST/STM32_USB_Device_Library/Core/Src/usbd_ioreq.o
                0x00000000080083c6                USBD_CtlContinueRx
 .text.USBD_CtlSendStatus
                0x00000000080083e8       0x26 ./Middlewares/ST/STM32_USB_Device_Library/Core/Src/usbd_ioreq.o
                0x00000000080083e8                USBD_CtlSendStatus
 .text.USBD_CtlReceiveStatus
                0x000000000800840e       0x26 ./Middlewares/ST/STM32_USB_Device_Library/Core/Src/usbd_ioreq.o
                0x000000000800840e                USBD_CtlReceiveStatus
 .text.__NVIC_SetPriority
                0x0000000008008434       0x54 ./Middlewares/Third_Party/FreeRTOS/Source/CMSIS_RTOS_V2/cmsis_os2.o
 .text.SysTick_Handler
                0x0000000008008488       0x20 ./Middlewares/Third_Party/FreeRTOS/Source/CMSIS_RTOS_V2/cmsis_os2.o
                0x0000000008008488                SysTick_Handler
 .text.SVC_Setup
                0x00000000080084a8       0x12 ./Middlewares/Third_Party/FreeRTOS/Source/CMSIS_RTOS_V2/cmsis_os2.o
 *fill*         0x00000000080084ba        0x2 
 .text.osKernelInitialize
                0x00000000080084bc       0x48 ./Middlewares/Third_Party/FreeRTOS/Source/CMSIS_RTOS_V2/cmsis_os2.o
                0x00000000080084bc                osKernelInitialize
 .text.osKernelStart
                0x0000000008008504       0x4c ./Middlewares/Third_Party/FreeRTOS/Source/CMSIS_RTOS_V2/cmsis_os2.o
                0x0000000008008504                osKernelStart
 .text.osThreadNew
                0x0000000008008550      0x124 ./Middlewares/Third_Party/FreeRTOS/Source/CMSIS_RTOS_V2/cmsis_os2.o
                0x0000000008008550                osThreadNew
 .text.osDelay  0x0000000008008674       0x36 ./Middlewares/Third_Party/FreeRTOS/Source/CMSIS_RTOS_V2/cmsis_os2.o
                0x0000000008008674                osDelay
 .text.osMessageQueueNew
                0x00000000080086aa       0xe6 ./Middlewares/Third_Party/FreeRTOS/Source/CMSIS_RTOS_V2/cmsis_os2.o
                0x00000000080086aa                osMessageQueueNew
 .text.osMessageQueuePut
                0x0000000008008790       0xc0 ./Middlewares/Third_Party/FreeRTOS/Source/CMSIS_RTOS_V2/cmsis_os2.o
                0x0000000008008790                osMessageQueuePut
 .text.osMessageQueueGet
                0x0000000008008850       0xbc ./Middlewares/Third_Party/FreeRTOS/Source/CMSIS_RTOS_V2/cmsis_os2.o
                0x0000000008008850                osMessageQueueGet
 .text.vApplicationGetIdleTaskMemory
                0x000000000800890c       0x34 ./Middlewares/Third_Party/FreeRTOS/Source/CMSIS_RTOS_V2/cmsis_os2.o
                0x000000000800890c                vApplicationGetIdleTaskMemory
 .text.vApplicationGetTimerTaskMemory
                0x0000000008008940       0x34 ./Middlewares/Third_Party/FreeRTOS/Source/CMSIS_RTOS_V2/cmsis_os2.o
                0x0000000008008940                vApplicationGetTimerTaskMemory
 .text.vListInitialise
                0x0000000008008974       0x40 ./Middlewares/Third_Party/FreeRTOS/Source/list.o
                0x0000000008008974                vListInitialise
 .text.vListInitialiseItem
                0x00000000080089b4       0x1a ./Middlewares/Third_Party/FreeRTOS/Source/list.o
                0x00000000080089b4                vListInitialiseItem
 .text.vListInsertEnd
                0x00000000080089ce       0x48 ./Middlewares/Third_Party/FreeRTOS/Source/list.o
                0x00000000080089ce                vListInsertEnd
 .text.vListInsert
                0x0000000008008a16       0x72 ./Middlewares/Third_Party/FreeRTOS/Source/list.o
                0x0000000008008a16                vListInsert
 .text.uxListRemove
                0x0000000008008a88       0x54 ./Middlewares/Third_Party/FreeRTOS/Source/list.o
                0x0000000008008a88                uxListRemove
 .text.xQueueGenericReset
                0x0000000008008adc       0xd0 ./Middlewares/Third_Party/FreeRTOS/Source/queue.o
                0x0000000008008adc                xQueueGenericReset
 .text.xQueueGenericCreateStatic
                0x0000000008008bac       0xf0 ./Middlewares/Third_Party/FreeRTOS/Source/queue.o
                0x0000000008008bac                xQueueGenericCreateStatic
 .text.xQueueGenericCreate
                0x0000000008008c9c       0x74 ./Middlewares/Third_Party/FreeRTOS/Source/queue.o
                0x0000000008008c9c                xQueueGenericCreate
 .text.prvInitialiseNewQueue
                0x0000000008008d10       0x46 ./Middlewares/Third_Party/FreeRTOS/Source/queue.o
 *fill*         0x0000000008008d56        0x2 
 .text.xQueueGenericSend
                0x0000000008008d58      0x1fc ./Middlewares/Third_Party/FreeRTOS/Source/queue.o
                0x0000000008008d58                xQueueGenericSend
 .text.xQueueGenericSendFromISR
                0x0000000008008f54      0x136 ./Middlewares/Third_Party/FreeRTOS/Source/queue.o
                0x0000000008008f54                xQueueGenericSendFromISR
 *fill*         0x000000000800908a        0x2 
 .text.xQueueReceive
                0x000000000800908c      0x1c0 ./Middlewares/Third_Party/FreeRTOS/Source/queue.o
                0x000000000800908c                xQueueReceive
 .text.xQueueReceiveFromISR
                0x000000000800924c      0x100 ./Middlewares/Third_Party/FreeRTOS/Source/queue.o
                0x000000000800924c                xQueueReceiveFromISR
 .text.prvCopyDataToQueue
                0x000000000800934c       0xd4 ./Middlewares/Third_Party/FreeRTOS/Source/queue.o
 .text.prvCopyDataFromQueue
                0x0000000008009420       0x4c ./Middlewares/Third_Party/FreeRTOS/Source/queue.o
 .text.prvUnlockQueue
                0x000000000800946c       0xa4 ./Middlewares/Third_Party/FreeRTOS/Source/queue.o
 .text.prvIsQueueEmpty
                0x0000000008009510       0x2c ./Middlewares/Third_Party/FreeRTOS/Source/queue.o
 .text.prvIsQueueFull
                0x000000000800953c       0x30 ./Middlewares/Third_Party/FreeRTOS/Source/queue.o
 .text.vQueueAddToRegistry
                0x000000000800956c       0x54 ./Middlewares/Third_Party/FreeRTOS/Source/queue.o
                0x000000000800956c                vQueueAddToRegistry
 .text.vQueueWaitForMessageRestricted
                0x00000000080095c0       0x68 ./Middlewares/Third_Party/FreeRTOS/Source/queue.o
                0x00000000080095c0                vQueueWaitForMessageRestricted
 .text.xTaskCreateStatic
                0x0000000008009628       0xba ./Middlewares/Third_Party/FreeRTOS/Source/tasks.o
                0x0000000008009628                xTaskCreateStatic
 .text.xTaskCreate
                0x00000000080096e2       0x8a ./Middlewares/Third_Party/FreeRTOS/Source/tasks.o
                0x00000000080096e2                xTaskCreate
 .text.prvInitialiseNewTask
                0x000000000800976c      0x14c ./Middlewares/Third_Party/FreeRTOS/Source/tasks.o
 .text.prvAddNewTaskToReadyList
                0x00000000080098b8       0xe0 ./Middlewares/Third_Party/FreeRTOS/Source/tasks.o
 .text.vTaskDelay
                0x0000000008009998       0x68 ./Middlewares/Third_Party/FreeRTOS/Source/tasks.o
                0x0000000008009998                vTaskDelay
 .text.vTaskStartScheduler
                0x0000000008009a00       0xe0 ./Middlewares/Third_Party/FreeRTOS/Source/tasks.o
                0x0000000008009a00                vTaskStartScheduler
 .text.vTaskSuspendAll
                0x0000000008009ae0       0x1c ./Middlewares/Third_Party/FreeRTOS/Source/tasks.o
                0x0000000008009ae0                vTaskSuspendAll
 .text.xTaskResumeAll
                0x0000000008009afc      0x13c ./Middlewares/Third_Party/FreeRTOS/Source/tasks.o
                0x0000000008009afc                xTaskResumeAll
 .text.xTaskGetTickCount
                0x0000000008009c38       0x20 ./Middlewares/Third_Party/FreeRTOS/Source/tasks.o
                0x0000000008009c38                xTaskGetTickCount
 .text.xTaskIncrementTick
                0x0000000008009c58      0x174 ./Middlewares/Third_Party/FreeRTOS/Source/tasks.o
                0x0000000008009c58                xTaskIncrementTick
 .text.vTaskSwitchContext
                0x0000000008009dcc       0xc8 ./Middlewares/Third_Party/FreeRTOS/Source/tasks.o
                0x0000000008009dcc                vTaskSwitchContext
 .text.vTaskPlaceOnEventList
                0x0000000008009e94       0x48 ./Middlewares/Third_Party/FreeRTOS/Source/tasks.o
                0x0000000008009e94                vTaskPlaceOnEventList
 .text.vTaskPlaceOnEventListRestricted
                0x0000000008009edc       0x58 ./Middlewares/Third_Party/FreeRTOS/Source/tasks.o
                0x0000000008009edc                vTaskPlaceOnEventListRestricted
 .text.xTaskRemoveFromEventList
                0x0000000008009f34       0xc8 ./Middlewares/Third_Party/FreeRTOS/Source/tasks.o
                0x0000000008009f34                xTaskRemoveFromEventList
 .text.vTaskInternalSetTimeOutState
                0x0000000008009ffc       0x2c ./Middlewares/Third_Party/FreeRTOS/Source/tasks.o
                0x0000000008009ffc                vTaskInternalSetTimeOutState
 .text.xTaskCheckForTimeOut
                0x000000000800a028       0xc4 ./Middlewares/Third_Party/FreeRTOS/Source/tasks.o
                0x000000000800a028                xTaskCheckForTimeOut
 .text.vTaskMissedYield
                0x000000000800a0ec       0x18 ./Middlewares/Third_Party/FreeRTOS/Source/tasks.o
                0x000000000800a0ec                vTaskMissedYield
 .text.prvIdleTask
                0x000000000800a104       0x30 ./Middlewares/Third_Party/FreeRTOS/Source/tasks.o
 .text.prvInitialiseTaskLists
                0x000000000800a134       0x80 ./Middlewares/Third_Party/FreeRTOS/Source/tasks.o
 .text.prvCheckTasksWaitingTermination
                0x000000000800a1b4       0x5c ./Middlewares/Third_Party/FreeRTOS/Source/tasks.o
 .text.prvDeleteTCB
                0x000000000800a210       0x68 ./Middlewares/Third_Party/FreeRTOS/Source/tasks.o
 .text.prvResetNextTaskUnblockTime
                0x000000000800a278       0x40 ./Middlewares/Third_Party/FreeRTOS/Source/tasks.o
 .text.xTaskGetSchedulerState
                0x000000000800a2b8       0x3c ./Middlewares/Third_Party/FreeRTOS/Source/tasks.o
                0x000000000800a2b8                xTaskGetSchedulerState
 .text.xTaskPriorityDisinherit
                0x000000000800a2f4       0xdc ./Middlewares/Third_Party/FreeRTOS/Source/tasks.o
                0x000000000800a2f4                xTaskPriorityDisinherit
 .text.prvAddCurrentTaskToDelayedList
                0x000000000800a3d0       0xa8 ./Middlewares/Third_Party/FreeRTOS/Source/tasks.o
 .text.xTimerCreateTimerTask
                0x000000000800a478       0x90 ./Middlewares/Third_Party/FreeRTOS/Source/timers.o
                0x000000000800a478                xTimerCreateTimerTask
 .text.xTimerGenericCommand
                0x000000000800a508       0x9c ./Middlewares/Third_Party/FreeRTOS/Source/timers.o
                0x000000000800a508                xTimerGenericCommand
 .text.prvProcessExpiredTimer
                0x000000000800a5a4       0x98 ./Middlewares/Third_Party/FreeRTOS/Source/timers.o
 .text.prvTimerTask
                0x000000000800a63c       0x24 ./Middlewares/Third_Party/FreeRTOS/Source/timers.o
 .text.prvProcessTimerOrBlockTask
                0x000000000800a660       0x9c ./Middlewares/Third_Party/FreeRTOS/Source/timers.o
 .text.prvGetNextExpireTime
                0x000000000800a6fc       0x48 ./Middlewares/Third_Party/FreeRTOS/Source/timers.o
 .text.prvSampleTimeNow
                0x000000000800a744       0x40 ./Middlewares/Third_Party/FreeRTOS/Source/timers.o
 .text.prvInsertTimerInActiveList
                0x000000000800a784       0x84 ./Middlewares/Third_Party/FreeRTOS/Source/timers.o
 .text.prvProcessReceivedCommands
                0x000000000800a808      0x1c4 ./Middlewares/Third_Party/FreeRTOS/Source/timers.o
 .text.prvSwitchTimerLists
                0x000000000800a9cc       0xc8 ./Middlewares/Third_Party/FreeRTOS/Source/timers.o
 .text.prvCheckForValidListAndQueue
                0x000000000800aa94       0x80 ./Middlewares/Third_Party/FreeRTOS/Source/timers.o
 .text.pxPortInitialiseStack
                0x000000000800ab14       0x68 ./Middlewares/Third_Party/FreeRTOS/Source/portable/GCC/ARM_CM4F/port.o
                0x000000000800ab14                pxPortInitialiseStack
 .text.prvTaskExitError
                0x000000000800ab7c       0x58 ./Middlewares/Third_Party/FreeRTOS/Source/portable/GCC/ARM_CM4F/port.o
 *fill*         0x000000000800abd4        0xc 
 .text.SVC_Handler
                0x000000000800abe0       0x28 ./Middlewares/Third_Party/FreeRTOS/Source/portable/GCC/ARM_CM4F/port.o
                0x000000000800abe0                SVC_Handler
 .text.prvPortStartFirstTask
                0x000000000800ac08       0x28 ./Middlewares/Third_Party/FreeRTOS/Source/portable/GCC/ARM_CM4F/port.o
 .text.xPortStartScheduler
                0x000000000800ac30      0x144 ./Middlewares/Third_Party/FreeRTOS/Source/portable/GCC/ARM_CM4F/port.o
                0x000000000800ac30                xPortStartScheduler
 .text.vPortEnterCritical
                0x000000000800ad74       0x60 ./Middlewares/Third_Party/FreeRTOS/Source/portable/GCC/ARM_CM4F/port.o
                0x000000000800ad74                vPortEnterCritical
 .text.vPortExitCritical
                0x000000000800add4       0x54 ./Middlewares/Third_Party/FreeRTOS/Source/portable/GCC/ARM_CM4F/port.o
                0x000000000800add4                vPortExitCritical
 *fill*         0x000000000800ae28        0x8 
 .text.PendSV_Handler
                0x000000000800ae30       0x68 ./Middlewares/Third_Party/FreeRTOS/Source/portable/GCC/ARM_CM4F/port.o
                0x000000000800ae30                PendSV_Handler
 .text.xPortSysTickHandler
                0x000000000800ae98       0x44 ./Middlewares/Third_Party/FreeRTOS/Source/portable/GCC/ARM_CM4F/port.o
                0x000000000800ae98                xPortSysTickHandler
 .text.vPortSetupTimerInterrupt
                0x000000000800aedc       0x48 ./Middlewares/Third_Party/FreeRTOS/Source/portable/GCC/ARM_CM4F/port.o
                0x000000000800aedc                vPortSetupTimerInterrupt
 .text.vPortEnableVFP
                0x000000000800af24       0x14 ./Middlewares/Third_Party/FreeRTOS/Source/portable/GCC/ARM_CM4F/port.o
 .text.vPortValidateInterruptPriority
                0x000000000800af38       0x80 ./Middlewares/Third_Party/FreeRTOS/Source/portable/GCC/ARM_CM4F/port.o
                0x000000000800af38                vPortValidateInterruptPriority
 .text.pvPortMalloc
                0x000000000800afb8      0x198 ./Middlewares/Third_Party/FreeRTOS/Source/portable/MemMang/heap_4.o
                0x000000000800afb8                pvPortMalloc
 .text.vPortFree
                0x000000000800b150       0xc4 ./Middlewares/Third_Party/FreeRTOS/Source/portable/MemMang/heap_4.o
                0x000000000800b150                vPortFree
 .text.prvHeapInit
                0x000000000800b214       0xc4 ./Middlewares/Third_Party/FreeRTOS/Source/portable/MemMang/heap_4.o
 .text.prvInsertBlockIntoFreeList
                0x000000000800b2d8       0xb4 ./Middlewares/Third_Party/FreeRTOS/Source/portable/MemMang/heap_4.o
 .text.MX_USB_DEVICE_Init
                0x000000000800b38c       0x60 ./USB_DEVICE/App/usb_device.o
                0x000000000800b38c                MX_USB_DEVICE_Init
 .text.CDC_Init_FS
                0x000000000800b3ec       0x28 ./USB_DEVICE/App/usbd_cdc_if.o
 .text.CDC_DeInit_FS
                0x000000000800b414       0x10 ./USB_DEVICE/App/usbd_cdc_if.o
 .text.CDC_Control_FS
                0x000000000800b424       0xbc ./USB_DEVICE/App/usbd_cdc_if.o
 .text.CDC_Receive_FS
                0x000000000800b4e0       0x28 ./USB_DEVICE/App/usbd_cdc_if.o
 .text.CDC_Transmit_FS
                0x000000000800b508       0x4c ./USB_DEVICE/App/usbd_cdc_if.o
                0x000000000800b508                CDC_Transmit_FS
 .text.CDC_TransmitCplt_FS
                0x000000000800b554       0x22 ./USB_DEVICE/App/usbd_cdc_if.o
 *fill*         0x000000000800b576        0x2 
 .text.USBD_FS_DeviceDescriptor
                0x000000000800b578       0x24 ./USB_DEVICE/App/usbd_desc.o
                0x000000000800b578                USBD_FS_DeviceDescriptor
 .text.USBD_FS_LangIDStrDescriptor
                0x000000000800b59c       0x24 ./USB_DEVICE/App/usbd_desc.o
                0x000000000800b59c                USBD_FS_LangIDStrDescriptor
 .text.USBD_FS_ProductStrDescriptor
                0x000000000800b5c0       0x3c ./USB_DEVICE/App/usbd_desc.o
                0x000000000800b5c0                USBD_FS_ProductStrDescriptor
 .text.USBD_FS_ManufacturerStrDescriptor
                0x000000000800b5fc       0x28 ./USB_DEVICE/App/usbd_desc.o
                0x000000000800b5fc                USBD_FS_ManufacturerStrDescriptor
 .text.USBD_FS_SerialStrDescriptor
                0x000000000800b624       0x24 ./USB_DEVICE/App/usbd_desc.o
                0x000000000800b624                USBD_FS_SerialStrDescriptor
 .text.USBD_FS_ConfigStrDescriptor
                0x000000000800b648       0x3c ./USB_DEVICE/App/usbd_desc.o
                0x000000000800b648                USBD_FS_ConfigStrDescriptor
 .text.USBD_FS_InterfaceStrDescriptor
                0x000000000800b684       0x3c ./USB_DEVICE/App/usbd_desc.o
                0x000000000800b684                USBD_FS_InterfaceStrDescriptor
 .text.USBD_FS_USR_BOSDescriptor
                0x000000000800b6c0       0x24 ./USB_DEVICE/App/usbd_desc.o
                0x000000000800b6c0                USBD_FS_USR_BOSDescriptor
 .text.Get_SerialNum
                0x000000000800b6e4       0x58 ./USB_DEVICE/App/usbd_desc.o
 .text.IntToUnicode
                0x000000000800b73c       0x7e ./USB_DEVICE/App/usbd_desc.o
 *fill*         0x000000000800b7ba        0x2 
 .text.HAL_PCD_MspInit
                0x000000000800b7bc      0x104 ./USB_DEVICE/Target/usbd_conf.o
                0x000000000800b7bc                HAL_PCD_MspInit
 .text.HAL_PCD_SetupStageCallback
                0x000000000800b8c0       0x24 ./USB_DEVICE/Target/usbd_conf.o
                0x000000000800b8c0                HAL_PCD_SetupStageCallback
 .text.HAL_PCD_DataOutStageCallback
                0x000000000800b8e4       0x36 ./USB_DEVICE/Target/usbd_conf.o
                0x000000000800b8e4                HAL_PCD_DataOutStageCallback
 .text.HAL_PCD_DataInStageCallback
                0x000000000800b91a       0x34 ./USB_DEVICE/Target/usbd_conf.o
                0x000000000800b91a                HAL_PCD_DataInStageCallback
 .text.HAL_PCD_SOFCallback
                0x000000000800b94e       0x1c ./USB_DEVICE/Target/usbd_conf.o
                0x000000000800b94e                HAL_PCD_SOFCallback
 .text.HAL_PCD_ResetCallback
                0x000000000800b96a       0x3c ./USB_DEVICE/Target/usbd_conf.o
                0x000000000800b96a                HAL_PCD_ResetCallback
 *fill*         0x000000000800b9a6        0x2 
 .text.HAL_PCD_SuspendCallback
                0x000000000800b9a8       0x4c ./USB_DEVICE/Target/usbd_conf.o
                0x000000000800b9a8                HAL_PCD_SuspendCallback
 .text.HAL_PCD_ResumeCallback
                0x000000000800b9f4       0x50 ./USB_DEVICE/Target/usbd_conf.o
                0x000000000800b9f4                HAL_PCD_ResumeCallback
 .text.HAL_PCD_ISOOUTIncompleteCallback
                0x000000000800ba44       0x24 ./USB_DEVICE/Target/usbd_conf.o
                0x000000000800ba44                HAL_PCD_ISOOUTIncompleteCallback
 .text.HAL_PCD_ISOINIncompleteCallback
                0x000000000800ba68       0x24 ./USB_DEVICE/Target/usbd_conf.o
                0x000000000800ba68                HAL_PCD_ISOINIncompleteCallback
 .text.HAL_PCD_ConnectCallback
                0x000000000800ba8c       0x1c ./USB_DEVICE/Target/usbd_conf.o
                0x000000000800ba8c                HAL_PCD_ConnectCallback
 .text.HAL_PCD_DisconnectCallback
                0x000000000800baa8       0x1c ./USB_DEVICE/Target/usbd_conf.o
                0x000000000800baa8                HAL_PCD_DisconnectCallback
 .text.USBD_LL_Init
                0x000000000800bac4       0x98 ./USB_DEVICE/Target/usbd_conf.o
                0x000000000800bac4                USBD_LL_Init
 .text.USBD_LL_Start
                0x000000000800bb5c       0x64 ./USB_DEVICE/Target/usbd_conf.o
                0x000000000800bb5c                USBD_LL_Start
 .text.USBD_LL_OpenEP
                0x000000000800bbc0       0x7c ./USB_DEVICE/Target/usbd_conf.o
                0x000000000800bbc0                USBD_LL_OpenEP
 .text.USBD_LL_CloseEP
                0x000000000800bc3c       0x6c ./USB_DEVICE/Target/usbd_conf.o
                0x000000000800bc3c                USBD_LL_CloseEP
 .text.USBD_LL_StallEP
                0x000000000800bca8       0x6c ./USB_DEVICE/Target/usbd_conf.o
                0x000000000800bca8                USBD_LL_StallEP
 .text.USBD_LL_ClearStallEP
                0x000000000800bd14       0x6c ./USB_DEVICE/Target/usbd_conf.o
                0x000000000800bd14                USBD_LL_ClearStallEP
 .text.USBD_LL_IsStallEP
                0x000000000800bd80       0x58 ./USB_DEVICE/Target/usbd_conf.o
                0x000000000800bd80                USBD_LL_IsStallEP
 .text.USBD_LL_SetUSBAddress
                0x000000000800bdd8       0x6c ./USB_DEVICE/Target/usbd_conf.o
                0x000000000800bdd8                USBD_LL_SetUSBAddress
 .text.USBD_LL_Transmit
                0x000000000800be44       0x70 ./USB_DEVICE/Target/usbd_conf.o
                0x000000000800be44                USBD_LL_Transmit
 .text.USBD_LL_PrepareReceive
                0x000000000800beb4       0x70 ./USB_DEVICE/Target/usbd_conf.o
                0x000000000800beb4                USBD_LL_PrepareReceive
 .text.USBD_LL_GetRxDataSize
                0x000000000800bf24       0x26 ./USB_DEVICE/Target/usbd_conf.o
                0x000000000800bf24                USBD_LL_GetRxDataSize
 *fill*         0x000000000800bf4a        0x2 
 .text.HAL_PCDEx_LPM_Callback
                0x000000000800bf4c       0x9c ./USB_DEVICE/Target/usbd_conf.o
                0x000000000800bf4c                HAL_PCDEx_LPM_Callback
 .text.USBD_static_malloc
                0x000000000800bfe8       0x1c ./USB_DEVICE/Target/usbd_conf.o
                0x000000000800bfe8                USBD_static_malloc
 .text.USBD_static_free
                0x000000000800c004       0x14 ./USB_DEVICE/Target/usbd_conf.o
                0x000000000800c004                USBD_static_free
 .text.SystemClockConfig_Resume
                0x000000000800c018        0xc ./USB_DEVICE/Target/usbd_conf.o
 .text.calloc   0x000000000800c024       0x10 C:/ST/STM32CubeIDE_1.10.1/STM32CubeIDE/plugins/com.st.stm32cube.ide.mcu.externaltools.gnu-tools-for-stm32.11.3.rel1.win32_1.1.1.202309131626/tools/bin/../lib/gcc/arm-none-eabi/11.3.1/../../../../arm-none-eabi/lib/thumb/v7e-m+fp/hard\libc_nano.a(libc_a-calloc.o)
                0x000000000800c024                calloc
 .text._calloc_r
                0x000000000800c034       0x2c C:/ST/STM32CubeIDE_1.10.1/STM32CubeIDE/plugins/com.st.stm32cube.ide.mcu.externaltools.gnu-tools-for-stm32.11.3.rel1.win32_1.1.1.202309131626/tools/bin/../lib/gcc/arm-none-eabi/11.3.1/../../../../arm-none-eabi/lib/thumb/v7e-m+fp/hard\libc_nano.a(libc_a-callocr.o)
                0x000000000800c034                _calloc_r
 .text.free     0x000000000800c060       0x10 C:/ST/STM32CubeIDE_1.10.1/STM32CubeIDE/plugins/com.st.stm32cube.ide.mcu.externaltools.gnu-tools-for-stm32.11.3.rel1.win32_1.1.1.202309131626/tools/bin/../lib/gcc/arm-none-eabi/11.3.1/../../../../arm-none-eabi/lib/thumb/v7e-m+fp/hard\libc_nano.a(libc_a-malloc.o)
                0x000000000800c060                free
 .text.sbrk_aligned
                0x000000000800c070       0x40 C:/ST/STM32CubeIDE_1.10.1/STM32CubeIDE/plugins/com.st.stm32cube.ide.mcu.externaltools.gnu-tools-for-stm32.11.3.rel1.win32_1.1.1.202309131626/tools/bin/../lib/gcc/arm-none-eabi/11.3.1/../../../../arm-none-eabi/lib/thumb/v7e-m+fp/hard\libc_nano.a(libc_a-mallocr.o)
 .text._malloc_r
                0x000000000800c0b0      0x100 C:/ST/STM32CubeIDE_1.10.1/STM32CubeIDE/plugins/com.st.stm32cube.ide.mcu.externaltools.gnu-tools-for-stm32.11.3.rel1.win32_1.1.1.202309131626/tools/bin/../lib/gcc/arm-none-eabi/11.3.1/../../../../arm-none-eabi/lib/thumb/v7e-m+fp/hard\libc_nano.a(libc_a-mallocr.o)
                0x000000000800c0b0                _malloc_r
 .text.__malloc_lock
                0x000000000800c1b0        0xc C:/ST/STM32CubeIDE_1.10.1/STM32CubeIDE/plugins/com.st.stm32cube.ide.mcu.externaltools.gnu-tools-for-stm32.11.3.rel1.win32_1.1.1.202309131626/tools/bin/../lib/gcc/arm-none-eabi/11.3.1/../../../../arm-none-eabi/lib/thumb/v7e-m+fp/hard\libc_nano.a(libc_a-mlock.o)
                0x000000000800c1b0                __malloc_lock
 .text.__malloc_unlock
                0x000000000800c1bc        0xc C:/ST/STM32CubeIDE_1.10.1/STM32CubeIDE/plugins/com.st.stm32cube.ide.mcu.externaltools.gnu-tools-for-stm32.11.3.rel1.win32_1.1.1.202309131626/tools/bin/../lib/gcc/arm-none-eabi/11.3.1/../../../../arm-none-eabi/lib/thumb/v7e-m+fp/hard\libc_nano.a(libc_a-mlock.o)
                0x000000000800c1bc                __malloc_unlock
 .text._vsnprintf_r
                0x000000000800c1c8       0x56 C:/ST/STM32CubeIDE_1.10.1/STM32CubeIDE/plugins/com.st.stm32cube.ide.mcu.externaltools.gnu-tools-for-stm32.11.3.rel1.win32_1.1.1.202309131626/tools/bin/../lib/gcc/arm-none-eabi/11.3.1/../../../../arm-none-eabi/lib/thumb/v7e-m+fp/hard\libc_nano.a(libc_a-vsnprintf.o)
                0x000000000800c1c8                _vsniprintf_r
                0x000000000800c1c8                _vsnprintf_r
 *fill*         0x000000000800c21e        0x2 
 .text.vsnprintf
                0x000000000800c220       0x1c C:/ST/STM32CubeIDE_1.10.1/STM32CubeIDE/plugins/com.st.stm32cube.ide.mcu.externaltools.gnu-tools-for-stm32.11.3.rel1.win32_1.1.1.202309131626/tools/bin/../lib/gcc/arm-none-eabi/11.3.1/../../../../arm-none-eabi/lib/thumb/v7e-m+fp/hard\libc_nano.a(libc_a-vsnprintf.o)
                0x000000000800c220                vsniprintf
                0x000000000800c220                vsnprintf
 .text.memset   0x000000000800c23c       0x10 C:/ST/STM32CubeIDE_1.10.1/STM32CubeIDE/plugins/com.st.stm32cube.ide.mcu.externaltools.gnu-tools-for-stm32.11.3.rel1.win32_1.1.1.202309131626/tools/bin/../lib/gcc/arm-none-eabi/11.3.1/../../../../arm-none-eabi/lib/thumb/v7e-m+fp/hard\libc_nano.a(libc_a-memset.o)
                0x000000000800c23c                memset
 .text._reclaim_reent
                0x000000000800c24c       0xac C:/ST/STM32CubeIDE_1.10.1/STM32CubeIDE/plugins/com.st.stm32cube.ide.mcu.externaltools.gnu-tools-for-stm32.11.3.rel1.win32_1.1.1.202309131626/tools/bin/../lib/gcc/arm-none-eabi/11.3.1/../../../../arm-none-eabi/lib/thumb/v7e-m+fp/hard\libc_nano.a(libc_a-reent.o)
                0x000000000800c24c                _reclaim_reent
 .text._sbrk_r  0x000000000800c2f8       0x20 C:/ST/STM32CubeIDE_1.10.1/STM32CubeIDE/plugins/com.st.stm32cube.ide.mcu.externaltools.gnu-tools-for-stm32.11.3.rel1.win32_1.1.1.202309131626/tools/bin/../lib/gcc/arm-none-eabi/11.3.1/../../../../arm-none-eabi/lib/thumb/v7e-m+fp/hard\libc_nano.a(libc_a-sbrkr.o)
                0x000000000800c2f8                _sbrk_r
 .text.__errno  0x000000000800c318        0xc C:/ST/STM32CubeIDE_1.10.1/STM32CubeIDE/plugins/com.st.stm32cube.ide.mcu.externaltools.gnu-tools-for-stm32.11.3.rel1.win32_1.1.1.202309131626/tools/bin/../lib/gcc/arm-none-eabi/11.3.1/../../../../arm-none-eabi/lib/thumb/v7e-m+fp/hard\libc_nano.a(libc_a-errno.o)
                0x000000000800c318                __errno
 .text.__libc_init_array
                0x000000000800c324       0x48 C:/ST/STM32CubeIDE_1.10.1/STM32CubeIDE/plugins/com.st.stm32cube.ide.mcu.externaltools.gnu-tools-for-stm32.11.3.rel1.win32_1.1.1.202309131626/tools/bin/../lib/gcc/arm-none-eabi/11.3.1/../../../../arm-none-eabi/lib/thumb/v7e-m+fp/hard\libc_nano.a(libc_a-init.o)
                0x000000000800c324                __libc_init_array
 .text.__retarget_lock_acquire_recursive
                0x000000000800c36c        0x2 C:/ST/STM32CubeIDE_1.10.1/STM32CubeIDE/plugins/com.st.stm32cube.ide.mcu.externaltools.gnu-tools-for-stm32.11.3.rel1.win32_1.1.1.202309131626/tools/bin/../lib/gcc/arm-none-eabi/11.3.1/../../../../arm-none-eabi/lib/thumb/v7e-m+fp/hard\libc_nano.a(libc_a-lock.o)
                0x000000000800c36c                __retarget_lock_acquire_recursive
 .text.__retarget_lock_release_recursive
                0x000000000800c36e        0x2 C:/ST/STM32CubeIDE_1.10.1/STM32CubeIDE/plugins/com.st.stm32cube.ide.mcu.externaltools.gnu-tools-for-stm32.11.3.rel1.win32_1.1.1.202309131626/tools/bin/../lib/gcc/arm-none-eabi/11.3.1/../../../../arm-none-eabi/lib/thumb/v7e-m+fp/hard\libc_nano.a(libc_a-lock.o)
                0x000000000800c36e                __retarget_lock_release_recursive
 .text.memcpy   0x000000000800c370       0x1c C:/ST/STM32CubeIDE_1.10.1/STM32CubeIDE/plugins/com.st.stm32cube.ide.mcu.externaltools.gnu-tools-for-stm32.11.3.rel1.win32_1.1.1.202309131626/tools/bin/../lib/gcc/arm-none-eabi/11.3.1/../../../../arm-none-eabi/lib/thumb/v7e-m+fp/hard\libc_nano.a(libc_a-memcpy-stub.o)
                0x000000000800c370                memcpy
 .text._free_r  0x000000000800c38c       0x98 C:/ST/STM32CubeIDE_1.10.1/STM32CubeIDE/plugins/com.st.stm32cube.ide.mcu.externaltools.gnu-tools-for-stm32.11.3.rel1.win32_1.1.1.202309131626/tools/bin/../lib/gcc/arm-none-eabi/11.3.1/../../../../arm-none-eabi/lib/thumb/v7e-m+fp/hard\libc_nano.a(libc_a-freer.o)
                0x000000000800c38c                _free_r
 .text.__ssputs_r
                0x000000000800c424       0xb4 C:/ST/STM32CubeIDE_1.10.1/STM32CubeIDE/plugins/com.st.stm32cube.ide.mcu.externaltools.gnu-tools-for-stm32.11.3.rel1.win32_1.1.1.202309131626/tools/bin/../lib/gcc/arm-none-eabi/11.3.1/../../../../arm-none-eabi/lib/thumb/v7e-m+fp/hard\libc_nano.a(libc_a-nano-svfprintf.o)
                0x000000000800c424                __ssputs_r
 .text._svfprintf_r
                0x000000000800c4d8      0x1fc C:/ST/STM32CubeIDE_1.10.1/STM32CubeIDE/plugins/com.st.stm32cube.ide.mcu.externaltools.gnu-tools-for-stm32.11.3.rel1.win32_1.1.1.202309131626/tools/bin/../lib/gcc/arm-none-eabi/11.3.1/../../../../arm-none-eabi/lib/thumb/v7e-m+fp/hard\libc_nano.a(libc_a-nano-svfprintf.o)
                0x000000000800c4d8                _svfiprintf_r
                0x000000000800c4d8                _svfprintf_r
 .text._printf_common
                0x000000000800c6d4       0xda C:/ST/STM32CubeIDE_1.10.1/STM32CubeIDE/plugins/com.st.stm32cube.ide.mcu.externaltools.gnu-tools-for-stm32.11.3.rel1.win32_1.1.1.202309131626/tools/bin/../lib/gcc/arm-none-eabi/11.3.1/../../../../arm-none-eabi/lib/thumb/v7e-m+fp/hard\libc_nano.a(libc_a-nano-vfprintf_i.o)
                0x000000000800c6d4                _printf_common
 *fill*         0x000000000800c7ae        0x2 
 .text._printf_i
                0x000000000800c7b0      0x244 C:/ST/STM32CubeIDE_1.10.1/STM32CubeIDE/plugins/com.st.stm32cube.ide.mcu.externaltools.gnu-tools-for-stm32.11.3.rel1.win32_1.1.1.202309131626/tools/bin/../lib/gcc/arm-none-eabi/11.3.1/../../../../arm-none-eabi/lib/thumb/v7e-m+fp/hard\libc_nano.a(libc_a-nano-vfprintf_i.o)
                0x000000000800c7b0                _printf_i
 .text.memmove  0x000000000800c9f4       0x34 C:/ST/STM32CubeIDE_1.10.1/STM32CubeIDE/plugins/com.st.stm32cube.ide.mcu.externaltools.gnu-tools-for-stm32.11.3.rel1.win32_1.1.1.202309131626/tools/bin/../lib/gcc/arm-none-eabi/11.3.1/../../../../arm-none-eabi/lib/thumb/v7e-m+fp/hard\libc_nano.a(libc_a-memmove.o)
                0x000000000800c9f4                memmove
 .text._realloc_r
                0x000000000800ca28       0x5e C:/ST/STM32CubeIDE_1.10.1/STM32CubeIDE/plugins/com.st.stm32cube.ide.mcu.externaltools.gnu-tools-for-stm32.11.3.rel1.win32_1.1.1.202309131626/tools/bin/../lib/gcc/arm-none-eabi/11.3.1/../../../../arm-none-eabi/lib/thumb/v7e-m+fp/hard\libc_nano.a(libc_a-reallocr.o)
                0x000000000800ca28                _realloc_r
 .text._malloc_usable_size_r
                0x000000000800ca86       0x10 C:/ST/STM32CubeIDE_1.10.1/STM32CubeIDE/plugins/com.st.stm32cube.ide.mcu.externaltools.gnu-tools-for-stm32.11.3.rel1.win32_1.1.1.202309131626/tools/bin/../lib/gcc/arm-none-eabi/11.3.1/../../../../arm-none-eabi/lib/thumb/v7e-m+fp/hard\libc_nano.a(libc_a-msizer.o)
                0x000000000800ca86                _malloc_usable_size_r
 *(.glue_7)
 .glue_7        0x000000000800ca96        0x0 linker stubs
 *(.glue_7t)
 .glue_7t       0x000000000800ca96        0x0 linker stubs
 *(.eh_frame)
 *fill*         0x000000000800ca96        0x2 
 .eh_frame      0x000000000800ca98        0x0 C:/ST/STM32CubeIDE_1.10.1/STM32CubeIDE/plugins/com.st.stm32cube.ide.mcu.externaltools.gnu-tools-for-stm32.11.3.rel1.win32_1.1.1.202309131626/tools/bin/../lib/gcc/arm-none-eabi/11.3.1/thumb/v7e-m+fp/hard/crtbegin.o
 *(.init)
 .init          0x000000000800ca98        0x4 C:/ST/STM32CubeIDE_1.10.1/STM32CubeIDE/plugins/com.st.stm32cube.ide.mcu.externaltools.gnu-tools-for-stm32.11.3.rel1.win32_1.1.1.202309131626/tools/bin/../lib/gcc/arm-none-eabi/11.3.1/thumb/v7e-m+fp/hard/crti.o
                0x000000000800ca98                _init
 .init          0x000000000800ca9c        0x8 C:/ST/STM32CubeIDE_1.10.1/STM32CubeIDE/plugins/com.st.stm32cube.ide.mcu.externaltools.gnu-tools-for-stm32.11.3.rel1.win32_1.1.1.202309131626/tools/bin/../lib/gcc/arm-none-eabi/11.3.1/thumb/v7e-m+fp/hard/crtn.o
 *(.fini)
 .fini          0x000000000800caa4        0x4 C:/ST/STM32CubeIDE_1.10.1/STM32CubeIDE/plugins/com.st.stm32cube.ide.mcu.externaltools.gnu-tools-for-stm32.11.3.rel1.win32_1.1.1.202309131626/tools/bin/../lib/gcc/arm-none-eabi/11.3.1/thumb/v7e-m+fp/hard/crti.o
                0x000000000800caa4                _fini
 .fini          0x000000000800caa8        0x8 C:/ST/STM32CubeIDE_1.10.1/STM32CubeIDE/plugins/com.st.stm32cube.ide.mcu.externaltools.gnu-tools-for-stm32.11.3.rel1.win32_1.1.1.202309131626/tools/bin/../lib/gcc/arm-none-eabi/11.3.1/thumb/v7e-m+fp/hard/crtn.o
                0x000000000800cab0                . = ALIGN (0x4)
                0x000000000800cab0                _etext = .

.vfp11_veneer   0x000000000800cab0        0x0
 .vfp11_veneer  0x000000000800cab0        0x0 linker stubs

.v4_bx          0x000000000800cab0        0x0
 .v4_bx         0x000000000800cab0        0x0 linker stubs

.iplt           0x000000000800cab0        0x0
 .iplt          0x000000000800cab0        0x0 C:/ST/STM32CubeIDE_1.10.1/STM32CubeIDE/plugins/com.st.stm32cube.ide.mcu.externaltools.gnu-tools-for-stm32.11.3.rel1.win32_1.1.1.202309131626/tools/bin/../lib/gcc/arm-none-eabi/11.3.1/thumb/v7e-m+fp/hard/crtbegin.o

.rodata         0x000000000800cab0      0x1d8
                0x000000000800cab0                . = ALIGN (0x4)
 *(.rodata)
 .rodata        0x000000000800cab0       0x5d ./Core/Src/main.o
 *fill*         0x000000000800cb0d        0x3 
 .rodata        0x000000000800cb10        0x5 ./Middlewares/Third_Party/FreeRTOS/Source/tasks.o
 *fill*         0x000000000800cb15        0x3 
 .rodata        0x000000000800cb18        0xd ./Middlewares/Third_Party/FreeRTOS/Source/timers.o
 *fill*         0x000000000800cb25        0x3 
 .rodata        0x000000000800cb28       0x46 ./USB_DEVICE/App/usbd_desc.o
 *(.rodata*)
 *fill*         0x000000000800cb6e        0x2 
 .rodata.Blink_attributes
                0x000000000800cb70       0x24 ./Core/Src/main.o
                0x000000000800cb70                Blink_attributes
 .rodata.USBTx_attributes
                0x000000000800cb94       0x24 ./Core/Src/main.o
                0x000000000800cb94                USBTx_attributes
 .rodata.UARTTx_attributes
                0x000000000800cbb8       0x24 ./Core/Src/main.o
                0x000000000800cbb8                UARTTx_attributes
 .rodata.USBTxQueue_attributes
                0x000000000800cbdc       0x18 ./Core/Src/main.o
                0x000000000800cbdc                USBTxQueue_attributes
 .rodata.UARTTxQueue_attributes
                0x000000000800cbf4       0x18 ./Core/Src/main.o
                0x000000000800cbf4                UARTTxQueue_attributes
 .rodata.AHBPrescTable
                0x000000000800cc0c       0x10 ./Core/Src/system_stm32l4xx.o
                0x000000000800cc0c                AHBPrescTable
 .rodata.APBPrescTable
                0x000000000800cc1c        0x8 ./Core/Src/system_stm32l4xx.o
                0x000000000800cc1c                APBPrescTable
 .rodata.MSIRangeTable
                0x000000000800cc24       0x30 ./Core/Src/system_stm32l4xx.o
                0x000000000800cc24                MSIRangeTable
 .rodata._svfprintf_r.str1.1
                0x000000000800cc54       0x11 C:/ST/STM32CubeIDE_1.10.1/STM32CubeIDE/plugins/com.st.stm32cube.ide.mcu.externaltools.gnu-tools-for-stm32.11.3.rel1.win32_1.1.1.202309131626/tools/bin/../lib/gcc/arm-none-eabi/11.3.1/../../../../arm-none-eabi/lib/thumb/v7e-m+fp/hard\libc_nano.a(libc_a-nano-svfprintf.o)
 .rodata._printf_i.str1.1
                0x000000000800cc65       0x22 C:/ST/STM32CubeIDE_1.10.1/STM32CubeIDE/plugins/com.st.stm32cube.ide.mcu.externaltools.gnu-tools-for-stm32.11.3.rel1.win32_1.1.1.202309131626/tools/bin/../lib/gcc/arm-none-eabi/11.3.1/../../../../arm-none-eabi/lib/thumb/v7e-m+fp/hard\libc_nano.a(libc_a-nano-vfprintf_i.o)
                0x000000000800cc88                . = ALIGN (0x4)
 *fill*         0x000000000800cc87        0x1 

.ARM.extab      0x000000000800cc88        0x0
                0x000000000800cc88                . = ALIGN (0x4)
 *(.ARM.extab* .gnu.linkonce.armextab.*)
                0x000000000800cc88                . = ALIGN (0x4)

.ARM            0x000000000800cc88        0x8
                0x000000000800cc88                . = ALIGN (0x4)
                0x000000000800cc88                __exidx_start = .
 *(.ARM.exidx*)
 .ARM.exidx     0x000000000800cc88        0x8 C:/ST/STM32CubeIDE_1.10.1/STM32CubeIDE/plugins/com.st.stm32cube.ide.mcu.externaltools.gnu-tools-for-stm32.11.3.rel1.win32_1.1.1.202309131626/tools/bin/../lib/gcc/arm-none-eabi/11.3.1/thumb/v7e-m+fp/hard\libgcc.a(_udivmoddi4.o)
                0x000000000800cc90                __exidx_end = .
                0x000000000800cc90                . = ALIGN (0x4)

.rel.dyn        0x000000000800cc90        0x0
 .rel.iplt      0x000000000800cc90        0x0 C:/ST/STM32CubeIDE_1.10.1/STM32CubeIDE/plugins/com.st.stm32cube.ide.mcu.externaltools.gnu-tools-for-stm32.11.3.rel1.win32_1.1.1.202309131626/tools/bin/../lib/gcc/arm-none-eabi/11.3.1/thumb/v7e-m+fp/hard/crtbegin.o

.preinit_array  0x000000000800cc90        0x0
                0x000000000800cc90                . = ALIGN (0x4)
                0x000000000800cc90                PROVIDE (__preinit_array_start = .)
 *(.preinit_array*)
                0x000000000800cc90                PROVIDE (__preinit_array_end = .)
                0x000000000800cc90                . = ALIGN (0x4)

.init_array     0x000000000800cc90        0x4
                0x000000000800cc90                . = ALIGN (0x4)
                0x000000000800cc90                PROVIDE (__init_array_start = .)
 *(SORT_BY_NAME(.init_array.*))
 *(.init_array*)
 .init_array    0x000000000800cc90        0x4 C:/ST/STM32CubeIDE_1.10.1/STM32CubeIDE/plugins/com.st.stm32cube.ide.mcu.externaltools.gnu-tools-for-stm32.11.3.rel1.win32_1.1.1.202309131626/tools/bin/../lib/gcc/arm-none-eabi/11.3.1/thumb/v7e-m+fp/hard/crtbegin.o
                0x000000000800cc94                PROVIDE (__init_array_end = .)
                0x000000000800cc94                . = ALIGN (0x4)

.fini_array     0x000000000800cc94        0x4
                0x000000000800cc94                . = ALIGN (0x4)
                [!provide]                        PROVIDE (__fini_array_start = .)
 *(SORT_BY_NAME(.fini_array.*))
 *(.fini_array*)
 .fini_array    0x000000000800cc94        0x4 C:/ST/STM32CubeIDE_1.10.1/STM32CubeIDE/plugins/com.st.stm32cube.ide.mcu.externaltools.gnu-tools-for-stm32.11.3.rel1.win32_1.1.1.202309131626/tools/bin/../lib/gcc/arm-none-eabi/11.3.1/thumb/v7e-m+fp/hard/crtbegin.o
                [!provide]                        PROVIDE (__fini_array_end = .)
                0x000000000800cc98                . = ALIGN (0x4)
                0x000000000800cc98                _sidata = LOADADDR (.data)

.data           0x0000000020000000      0x160 load address 0x000000000800cc98
                0x0000000020000000                . = ALIGN (0x4)
                0x0000000020000000                _sdata = .
 *(.data)
 *(.data*)
 .data.SystemCoreClock
                0x0000000020000000        0x4 ./Core/Src/system_stm32l4xx.o
                0x0000000020000000                SystemCoreClock
 .data.uwTickPrio
                0x0000000020000004        0x4 ./Drivers/STM32L4xx_HAL_Driver/Src/stm32l4xx_hal.o
                0x0000000020000004                uwTickPrio
 .data.uwTickFreq
                0x0000000020000008        0x1 ./Drivers/STM32L4xx_HAL_Driver/Src/stm32l4xx_hal.o
                0x0000000020000008                uwTickFreq
 *fill*         0x0000000020000009        0x3 
 .data.USBD_CDC_DeviceQualifierDesc
                0x000000002000000c        0xa ./Middlewares/ST/STM32_USB_Device_Library/Class/CDC/Src/usbd_cdc.o
 *fill*         0x0000000020000016        0x2 
 .data.USBD_CDC
                0x0000000020000018       0x38 ./Middlewares/ST/STM32_USB_Device_Library/Class/CDC/Src/usbd_cdc.o
                0x0000000020000018                USBD_CDC
 .data.USBD_CDC_CfgDesc
                0x0000000020000050       0x43 ./Middlewares/ST/STM32_USB_Device_Library/Class/CDC/Src/usbd_cdc.o
 .data.CDCInEpAdd
                0x0000000020000093        0x1 ./Middlewares/ST/STM32_USB_Device_Library/Class/CDC/Src/usbd_cdc.o
 .data.CDCOutEpAdd
                0x0000000020000094        0x1 ./Middlewares/ST/STM32_USB_Device_Library/Class/CDC/Src/usbd_cdc.o
 .data.CDCCmdEpAdd
                0x0000000020000095        0x1 ./Middlewares/ST/STM32_USB_Device_Library/Class/CDC/Src/usbd_cdc.o
 *fill*         0x0000000020000096        0x2 
 .data.uxCriticalNesting
                0x0000000020000098        0x4 ./Middlewares/Third_Party/FreeRTOS/Source/portable/GCC/ARM_CM4F/port.o
 .data.USBD_Interface_fops_FS
                0x000000002000009c       0x14 ./USB_DEVICE/App/usbd_cdc_if.o
                0x000000002000009c                USBD_Interface_fops_FS
 .data.FS_Desc  0x00000000200000b0       0x20 ./USB_DEVICE/App/usbd_desc.o
                0x00000000200000b0                FS_Desc
 .data.USBD_FS_DeviceDesc
                0x00000000200000d0       0x12 ./USB_DEVICE/App/usbd_desc.o
                0x00000000200000d0                USBD_FS_DeviceDesc
 *fill*         0x00000000200000e2        0x2 
 .data.USBD_FS_BOSDesc
                0x00000000200000e4        0xc ./USB_DEVICE/App/usbd_desc.o
                0x00000000200000e4                USBD_FS_BOSDesc
 .data.USBD_LangIDDesc
                0x00000000200000f0        0x4 ./USB_DEVICE/App/usbd_desc.o
                0x00000000200000f0                USBD_LangIDDesc
 .data.USBD_StringSerial
                0x00000000200000f4       0x1a ./USB_DEVICE/App/usbd_desc.o
                0x00000000200000f4                USBD_StringSerial
 *fill*         0x000000002000010e        0x2 
 .data._impure_data
                0x0000000020000110       0x4c C:/ST/STM32CubeIDE_1.10.1/STM32CubeIDE/plugins/com.st.stm32cube.ide.mcu.externaltools.gnu-tools-for-stm32.11.3.rel1.win32_1.1.1.202309131626/tools/bin/../lib/gcc/arm-none-eabi/11.3.1/../../../../arm-none-eabi/lib/thumb/v7e-m+fp/hard\libc_nano.a(libc_a-impure.o)
                0x0000000020000110                _impure_data
 .data._impure_ptr
                0x000000002000015c        0x4 C:/ST/STM32CubeIDE_1.10.1/STM32CubeIDE/plugins/com.st.stm32cube.ide.mcu.externaltools.gnu-tools-for-stm32.11.3.rel1.win32_1.1.1.202309131626/tools/bin/../lib/gcc/arm-none-eabi/11.3.1/../../../../arm-none-eabi/lib/thumb/v7e-m+fp/hard\libc_nano.a(libc_a-impure.o)
                0x000000002000015c                _impure_ptr
 *(.RamFunc)
 *(.RamFunc*)
                0x0000000020000160                . = ALIGN (0x4)
                0x0000000020000160                _edata = .

.igot.plt       0x0000000020000160        0x0 load address 0x000000000800cdf8
 .igot.plt      0x0000000020000160        0x0 C:/ST/STM32CubeIDE_1.10.1/STM32CubeIDE/plugins/com.st.stm32cube.ide.mcu.externaltools.gnu-tools-for-stm32.11.3.rel1.win32_1.1.1.202309131626/tools/bin/../lib/gcc/arm-none-eabi/11.3.1/thumb/v7e-m+fp/hard/crtbegin.o
                0x0000000020000160                . = ALIGN (0x4)

.bss            0x0000000020000160     0x3800 load address 0x000000000800cdf8
                0x0000000020000160                _sbss = .
                0x0000000020000160                __bss_start__ = _sbss
 *(.bss)
 .bss           0x0000000020000160       0x1c C:/ST/STM32CubeIDE_1.10.1/STM32CubeIDE/plugins/com.st.stm32cube.ide.mcu.externaltools.gnu-tools-for-stm32.11.3.rel1.win32_1.1.1.202309131626/tools/bin/../lib/gcc/arm-none-eabi/11.3.1/thumb/v7e-m+fp/hard/crtbegin.o
 *(.bss*)
 .bss.hlpuart1  0x000000002000017c       0x88 ./Core/Src/main.o
                0x000000002000017c                hlpuart1
 .bss.BlinkHandle
                0x0000000020000204        0x4 ./Core/Src/main.o
                0x0000000020000204                BlinkHandle
 .bss.USBTxHandle
                0x0000000020000208        0x4 ./Core/Src/main.o
                0x0000000020000208                USBTxHandle
 .bss.UARTTxHandle
                0x000000002000020c        0x4 ./Core/Src/main.o
                0x000000002000020c                UARTTxHandle
 .bss.USBTxQueueHandle
                0x0000000020000210        0x4 ./Core/Src/main.o
                0x0000000020000210                USBTxQueueHandle
 .bss.UARTTxQueueHandle
                0x0000000020000214        0x4 ./Core/Src/main.o
                0x0000000020000214                UARTTxQueueHandle
 .bss.htim1     0x0000000020000218       0x4c ./Core/Src/stm32l4xx_hal_timebase_tim.o
                0x0000000020000218                htim1
 .bss.__sbrk_heap_end
                0x0000000020000264        0x4 ./Core/Src/sysmem.o
 .bss.uwTick    0x0000000020000268        0x4 ./Drivers/STM32L4xx_HAL_Driver/Src/stm32l4xx_hal.o