../USB_DEVICE/Target/usbd_conf.c:69:6:HAL_PCD_MspInit	192	static
../USB_DEVICE/Target/usbd_conf.c:126:6:HAL_PCD_MspDeInit	24	static
../USB_DEVICE/Target/usbd_conf.c:173:6:HAL_PCD_SetupStageCallback	16	static
../USB_DEVICE/Target/usbd_conf.c:188:6:HAL_PCD_DataOutStageCallback	16	static
../USB_DEVICE/Target/usbd_conf.c:203:6:HAL_PCD_DataInStageCallback	16	static
../USB_DEVICE/Target/usbd_conf.c:217:6:HAL_PCD_SOFCallback	16	static
../USB_DEVICE/Target/usbd_conf.c:231:6:HAL_PCD_ResetCallback	24	static
../USB_DEVICE/Target/usbd_conf.c:256:6:HAL_PCD_SuspendCallback	16	static
../USB_DEVICE/Target/usbd_conf.c:281:6:HAL_PCD_ResumeCallback	16	static
../USB_DEVICE/Target/usbd_conf.c:306:6:HAL_PCD_ISOOUTIncompleteCallback	16	static
../USB_DEVICE/Target/usbd_conf.c:321:6:HAL_PCD_ISOINIncompleteCallback	16	static
../USB_DEVICE/Target/usbd_conf.c:335:6:HAL_PCD_ConnectCallback	16	static
../USB_DEVICE/Target/usbd_conf.c:349:6:HAL_PCD_DisconnectCallback	16	static
../USB_DEVICE/Target/usbd_conf.c:364:20:USBD_LL_Init	16	static
../USB_DEVICE/Target/usbd_conf.c:415:20:USBD_LL_DeInit	24	static
../USB_DEVICE/Target/usbd_conf.c:447:20:USBD_LL_Start	24	static
../USB_DEVICE/Target/usbd_conf.c:479:20:USBD_LL_Stop	24	static
../USB_DEVICE/Target/usbd_conf.c:514:20:USBD_LL_OpenEP	24	static
../USB_DEVICE/Target/usbd_conf.c:547:20:USBD_LL_CloseEP	24	static
../USB_DEVICE/Target/usbd_conf.c:580:20:USBD_LL_FlushEP	24	static
../USB_DEVICE/Target/usbd_conf.c:613:20:USBD_LL_StallEP	24	static
../USB_DEVICE/Target/usbd_conf.c:646:20:USBD_LL_ClearStallEP	24	static
../USB_DEVICE/Target/usbd_conf.c:679:9:USBD_LL_IsStallEP	24	static
../USB_DEVICE/Target/usbd_conf.c:699:20:USBD_LL_SetUSBAddress	24	static
../USB_DEVICE/Target/usbd_conf.c:734:20:USBD_LL_Transmit	32	static
../USB_DEVICE/Target/usbd_conf.c:769:20:USBD_LL_PrepareReceive	32	static
../USB_DEVICE/Target/usbd_conf.c:802:10:USBD_LL_GetRxDataSize	16	static
../USB_DEVICE/Target/usbd_conf.c:813:6:HAL_PCDEx_LPM_Callback	16	static
../USB_DEVICE/Target/usbd_conf.c:848:6:USBD_LL_Delay	16	static
../USB_DEVICE/Target/usbd_conf.c:858:7:USBD_static_malloc	16	static
../USB_DEVICE/Target/usbd_conf.c:869:6:USBD_static_free	16	static
../USB_DEVICE/Target/usbd_conf.c:880:13:SystemClockConfig_Resume	8	static
