Archive member included to satisfy reference by file (symbol)

c:/st/stm32cubeide_1.10.1/stm32cubeide/plugins/com.st.stm32cube.ide.mcu.externaltools.gnu-tools-for-stm32.10.3-2021.10.win32_1.0.200.202301161003/tools/bin/../lib/gcc/arm-none-eabi/10.3.1/../../../../arm-none-eabi/lib/thumb/v7e-m+fp/hard\libc_nano.a(lib_a-errno.o)
                              ./Application/User/Core/syscalls.o (__errno)
c:/st/stm32cubeide_1.10.1/stm32cubeide/plugins/com.st.stm32cube.ide.mcu.externaltools.gnu-tools-for-stm32.10.3-2021.10.win32_1.0.200.202301161003/tools/bin/../lib/gcc/arm-none-eabi/10.3.1/../../../../arm-none-eabi/lib/thumb/v7e-m+fp/hard\libc_nano.a(lib_a-exit.o)
                              c:/st/stm32cubeide_1.10.1/stm32cubeide/plugins/com.st.stm32cube.ide.mcu.externaltools.gnu-tools-for-stm32.10.3-2021.10.win32_1.0.200.202301161003/tools/bin/../lib/gcc/arm-none-eabi/10.3.1/../../../../arm-none-eabi/lib/thumb/v7e-m+fp/hard/crt0.o (exit)
c:/st/stm32cubeide_1.10.1/stm32cubeide/plugins/com.st.stm32cube.ide.mcu.externaltools.gnu-tools-for-stm32.10.3-2021.10.win32_1.0.200.202301161003/tools/bin/../lib/gcc/arm-none-eabi/10.3.1/../../../../arm-none-eabi/lib/thumb/v7e-m+fp/hard\libc_nano.a(lib_a-findfp.o)
                              ./Middlewares/FreeRTOS/tasks.o (__sf_fake_stderr)
c:/st/stm32cubeide_1.10.1/stm32cubeide/plugins/com.st.stm32cube.ide.mcu.externaltools.gnu-tools-for-stm32.10.3-2021.10.win32_1.0.200.202301161003/tools/bin/../lib/gcc/arm-none-eabi/10.3.1/../../../../arm-none-eabi/lib/thumb/v7e-m+fp/hard\libc_nano.a(lib_a-fwalk.o)
                              c:/st/stm32cubeide_1.10.1/stm32cubeide/plugins/com.st.stm32cube.ide.mcu.externaltools.gnu-tools-for-stm32.10.3-2021.10.win32_1.0.200.202301161003/tools/bin/../lib/gcc/arm-none-eabi/10.3.1/../../../../arm-none-eabi/lib/thumb/v7e-m+fp/hard\libc_nano.a(lib_a-findfp.o) (_fwalk)
c:/st/stm32cubeide_1.10.1/stm32cubeide/plugins/com.st.stm32cube.ide.mcu.externaltools.gnu-tools-for-stm32.10.3-2021.10.win32_1.0.200.202301161003/tools/bin/../lib/gcc/arm-none-eabi/10.3.1/../../../../arm-none-eabi/lib/thumb/v7e-m+fp/hard\libc_nano.a(lib_a-impure.o)
                              c:/st/stm32cubeide_1.10.1/stm32cubeide/plugins/com.st.stm32cube.ide.mcu.externaltools.gnu-tools-for-stm32.10.3-2021.10.win32_1.0.200.202301161003/tools/bin/../lib/gcc/arm-none-eabi/10.3.1/../../../../arm-none-eabi/lib/thumb/v7e-m+fp/hard\libc_nano.a(lib_a-exit.o) (_global_impure_ptr)
c:/st/stm32cubeide_1.10.1/stm32cubeide/plugins/com.st.stm32cube.ide.mcu.externaltools.gnu-tools-for-stm32.10.3-2021.10.win32_1.0.200.202301161003/tools/bin/../lib/gcc/arm-none-eabi/10.3.1/../../../../arm-none-eabi/lib/thumb/v7e-m+fp/hard\libc_nano.a(lib_a-init.o)
                              c:/st/stm32cubeide_1.10.1/stm32cubeide/plugins/com.st.stm32cube.ide.mcu.externaltools.gnu-tools-for-stm32.10.3-2021.10.win32_1.0.200.202301161003/tools/bin/../lib/gcc/arm-none-eabi/10.3.1/../../../../arm-none-eabi/lib/thumb/v7e-m+fp/hard/crt0.o (__libc_init_array)
c:/st/stm32cubeide_1.10.1/stm32cubeide/plugins/com.st.stm32cube.ide.mcu.externaltools.gnu-tools-for-stm32.10.3-2021.10.win32_1.0.200.202301161003/tools/bin/../lib/gcc/arm-none-eabi/10.3.1/../../../../arm-none-eabi/lib/thumb/v7e-m+fp/hard\libc_nano.a(lib_a-malloc.o)
                              ./Application/User/ThreadSafe/newlib_lock_glue.o (malloc)
c:/st/stm32cubeide_1.10.1/stm32cubeide/plugins/com.st.stm32cube.ide.mcu.externaltools.gnu-tools-for-stm32.10.3-2021.10.win32_1.0.200.202301161003/tools/bin/../lib/gcc/arm-none-eabi/10.3.1/../../../../arm-none-eabi/lib/thumb/v7e-m+fp/hard\libc_nano.a(lib_a-memcpy-stub.o)
                              ./Middlewares/FreeRTOS/cmsis_os2.o (memcpy)
c:/st/stm32cubeide_1.10.1/stm32cubeide/plugins/com.st.stm32cube.ide.mcu.externaltools.gnu-tools-for-stm32.10.3-2021.10.win32_1.0.200.202301161003/tools/bin/../lib/gcc/arm-none-eabi/10.3.1/../../../../arm-none-eabi/lib/thumb/v7e-m+fp/hard\libc_nano.a(lib_a-memset.o)
                              c:/st/stm32cubeide_1.10.1/stm32cubeide/plugins/com.st.stm32cube.ide.mcu.externaltools.gnu-tools-for-stm32.10.3-2021.10.win32_1.0.200.202301161003/tools/bin/../lib/gcc/arm-none-eabi/10.3.1/../../../../arm-none-eabi/lib/thumb/v7e-m+fp/hard/crt0.o (memset)
c:/st/stm32cubeide_1.10.1/stm32cubeide/plugins/com.st.stm32cube.ide.mcu.externaltools.gnu-tools-for-stm32.10.3-2021.10.win32_1.0.200.202301161003/tools/bin/../lib/gcc/arm-none-eabi/10.3.1/../../../../arm-none-eabi/lib/thumb/v7e-m+fp/hard\libc_nano.a(lib_a-nano-freer.o)
                              c:/st/stm32cubeide_1.10.1/stm32cubeide/plugins/com.st.stm32cube.ide.mcu.externaltools.gnu-tools-for-stm32.10.3-2021.10.win32_1.0.200.202301161003/tools/bin/../lib/gcc/arm-none-eabi/10.3.1/../../../../arm-none-eabi/lib/thumb/v7e-m+fp/hard\libc_nano.a(lib_a-malloc.o) (_free_r)
[...]
Memory Configuration

Name             Origin             Length             Attributes
RAM              0x0000000020000000 0x0000000000050000 xrw
RAM2             0x0000000010000000 0x0000000000010000 xrw
FLASH            0x0000000008000000 0x0000000000100000 xr
*default*        0x0000000000000000 0xffffffffffffffff

Linker script and memory map

LOAD c:/st/stm32cubeide_1.10.1/stm32cubeide/plugins/com.st.stm32cube.ide.mcu.externaltools.gnu-tools-for-stm32.10.3-2021.10.win32_1.0.200.202301161003/tools/bin/../lib/gcc/arm-none-eabi/10.3.1/thumb/v7e-m+fp/hard/crti.o
LOAD c:/st/stm32cubeide_1.10.1/stm32cubeide/plugins/com.st.stm32cube.ide.mcu.externaltools.gnu-tools-for-stm32.10.3-2021.10.win32_1.0.200.202301161003/tools/bin/../lib/gcc/arm-none-eabi/10.3.1/thumb/v7e-m+fp/hard/crtbegin.o
LOAD c:/st/stm32cubeide_1.10.1/stm32cubeide/plugins/com.st.stm32cube.ide.mcu.externaltools.gnu-tools-for-stm32.10.3-2021.10.win32_1.0.200.202301161003/tools/bin/../lib/gcc/arm-none-eabi/10.3.1/../../../../arm-none-eabi/lib/thumb/v7e-m+fp/hard/crt0.o
LOAD ./Application/User/Core/freertos.o
LOAD ./Application/User/Core/main.o
LOAD ./Application/User/Core/stm32l4xx_hal_msp.o
LOAD ./Application/User/Core/stm32l4xx_hal_timebase_tim.o
LOAD ./Application/User/Core/stm32l4xx_it.o
LOAD ./Application/User/Core/syscalls.o
LOAD ./Application/User/Core/sysmem.o
LOAD ./Application/User/Startup/startup_stm32l496zgtxp.o
LOAD ./Application/User/ThreadSafe/newlib_lock_glue.o
LOAD ./Application/User/USB_DEVICE/App/usb_device.o
LOAD ./Application/User/USB_DEVICE/App/usbd_cdc_if.o
LOAD ./Application/User/USB_DEVICE/App/usbd_desc.o
LOAD ./Application/User/USB_DEVICE/Target/usbd_conf.o
LOAD ./Drivers/CMSIS/system_stm32l4xx.o
LOAD ./Drivers/STM32L4xx_HAL_Driver/stm32l4xx_hal.o
LOAD ./Drivers/STM32L4xx_HAL_Driver/stm32l4xx_hal_cortex.o
LOAD ./Drivers/STM32L4xx_HAL_Driver/stm32l4xx_hal_dma.o
LOAD ./Drivers/STM32L4xx_HAL_Driver/stm32l4xx_hal_dma_ex.o
LOAD ./Drivers/STM32L4xx_HAL_Driver/stm32l4xx_hal_exti.o
LOAD ./Drivers/STM32L4xx_HAL_Driver/stm32l4xx_hal_flash.o
LOAD ./Drivers/STM32L4xx_HAL_Driver/stm32l4xx_hal_flash_ex.o
LOAD ./Drivers/STM32L4xx_HAL_Driver/stm32l4xx_hal_flash_ramfunc.o
LOAD ./Drivers/STM32L4xx_HAL_Driver/stm32l4xx_hal_gpio.o
LOAD ./Drivers/STM32L4xx_HAL_Driver/stm32l4xx_hal_pcd.o
LOAD ./Drivers/STM32L4xx_HAL_Driver/stm32l4xx_hal_pcd_ex.o
LOAD ./Drivers/STM32L4xx_HAL_Driver/stm32l4xx_hal_pwr.o
LOAD ./Drivers/STM32L4xx_HAL_Driver/stm32l4xx_hal_pwr_ex.o
LOAD ./Drivers/STM32L4xx_HAL_Driver/stm32l4xx_hal_rcc.o
LOAD ./Drivers/STM32L4xx_HAL_Driver/stm32l4xx_hal_rcc_ex.o
LOAD ./Drivers/STM32L4xx_HAL_Driver/stm32l4xx_hal_tim.o
LOAD ./Drivers/STM32L4xx_HAL_Driver/stm32l4xx_hal_tim_ex.o
LOAD ./Drivers/STM32L4xx_HAL_Driver/stm32l4xx_hal_uart.o
LOAD ./Drivers/STM32L4xx_HAL_Driver/stm32l4xx_hal_uart_ex.o
LOAD ./Drivers/STM32L4xx_HAL_Driver/stm32l4xx_ll_usb.o
LOAD ./Middlewares/FreeRTOS/cmsis_os2.o
LOAD ./Middlewares/FreeRTOS/croutine.o
LOAD ./Middlewares/FreeRTOS/event_groups.o
LOAD ./Middlewares/FreeRTOS/heap_4.o
LOAD ./Middlewares/FreeRTOS/list.o
LOAD ./Middlewares/FreeRTOS/port.o
LOAD ./Middlewares/FreeRTOS/queue.o
LOAD ./Middlewares/FreeRTOS/stream_buffer.o
LOAD ./Middlewares/FreeRTOS/tasks.o
LOAD ./Middlewares/FreeRTOS/timers.o
LOAD ./Middlewares/USB_Device_Library/usbd_cdc.o
LOAD ./Middlewares/USB_Device_Library/usbd_core.o
LOAD ./Middlewares/USB_Device_Library/usbd_ctlreq.o
LOAD ./Middlewares/USB_Device_Library/usbd_ioreq.o
START GROUP
LOAD c:/st/stm32cubeide_1.10.1/stm32cubeide/plugins/com.st.stm32cube.ide.mcu.externaltools.gnu-tools-for-stm32.10.3-2021.10.win32_1.0.200.202301161003/tools/bin/../lib/gcc/arm-none-eabi/10.3.1/../../../../arm-none-eabi/lib/thumb/v7e-m+fp/hard\libc_nano.a
LOAD c:/st/stm32cubeide_1.10.1/stm32cubeide/plugins/com.st.stm32cube.ide.mcu.externaltools.gnu-tools-for-stm32.10.3-2021.10.win32_1.0.200.202301161003/tools/bin/../lib/gcc/arm-none-eabi/10.3.1/../../../../arm-none-eabi/lib/thumb/v7e-m+fp/hard\libm.a
END GROUP
START GROUP
LOAD c:/st/stm32cubeide_1.10.1/stm32cubeide/plugins/com.st.stm32cube.ide.mcu.externaltools.gnu-tools-for-stm32.10.3-2021.10.win32_1.0.200.202301161003/tools/bin/../lib/gcc/arm-none-eabi/10.3.1/thumb/v7e-m+fp/hard\libgcc.a
LOAD c:/st/stm32cubeide_1.10.1/stm32cubeide/plugins/com.st.stm32cube.ide.mcu.externaltools.gnu-tools-for-stm32.10.3-2021.10.win32_1.0.200.202301161003/tools/bin/../lib/gcc/arm-none-eabi/10.3.1/../../../../arm-none-eabi/lib/thumb/v7e-m+fp/hard\libc_nano.a
END GROUP
START GROUP
LOAD c:/st/stm32cubeide_1.10.1/stm32cubeide/plugins/com.st.stm32cube.ide.mcu.externaltools.gnu-tools-for-stm32.10.3-2021.10.win32_1.0.200.202301161003/tools/bin/../lib/gcc/arm-none-eabi/10.3.1/thumb/v7e-m+fp/hard\libgcc.a
LOAD c:/st/stm32cubeide_1.10.1/stm32cubeide/plugins/com.st.stm32cube.ide.mcu.externaltools.gnu-tools-for-stm32.10.3-2021.10.win32_1.0.200.202301161003/tools/bin/../lib/gcc/arm-none-eabi/10.3.1/../../../../arm-none-eabi/lib/thumb/v7e-m+fp/hard\libc_nano.a
LOAD c:/st/stm32cubeide_1.10.1/stm32cubeide/plugins/com.st.stm32cube.ide.mcu.externaltools.gnu-tools-for-stm32.10.3-2021.10.win32_1.0.200.202301161003/tools/bin/../lib/gcc/arm-none-eabi/10.3.1/../../../../arm-none-eabi/lib/thumb/v7e-m+fp/hard\libnosys.a
END GROUP
START GROUP
LOAD c:/st/stm32cubeide_1.10.1/stm32cubeide/plugins/com.st.stm32cube.ide.mcu.externaltools.gnu-tools-for-stm32.10.3-2021.10.win32_1.0.200.202301161003/tools/bin/../lib/gcc/arm-none-eabi/10.3.1/thumb/v7e-m+fp/hard\libgcc.a
LOAD c:/st/stm32cubeide_1.10.1/stm32cubeide/plugins/com.st.stm32cube.ide.mcu.externaltools.gnu-tools-for-stm32.10.3-2021.10.win32_1.0.200.202301161003/tools/bin/../lib/gcc/arm-none-eabi/10.3.1/../../../../arm-none-eabi/lib/thumb/v7e-m+fp/hard\libc_nano.a
LOAD c:/st/stm32cubeide_1.10.1/stm32cubeide/plugins/com.st.stm32cube.ide.mcu.externaltools.gnu-tools-for-stm32.10.3-2021.10.win32_1.0.200.202301161003/tools/bin/../lib/gcc/arm-none-eabi/10.3.1/../../../../arm-none-eabi/lib/thumb/v7e-m+fp/hard\libnosys.a
END GROUP
LOAD c:/st/stm32cubeide_1.10.1/stm32cubeide/plugins/com.st.stm32cube.ide.mcu.externaltools.gnu-tools-for-stm32.10.3-2021.10.win32_1.0.200.202301161003/tools/bin/../lib/gcc/arm-none-eabi/10.3.1/thumb/v7e-m+fp/hard/crtend.o
LOAD c:/st/stm32cubeide_1.10.1/stm32cubeide/plugins/com.st.stm32cube.ide.mcu.externaltools.gnu-tools-for-stm32.10.3-2021.10.win32_1.0.200.202301161003/tools/bin/../lib/gcc/arm-none-eabi/10.3.1/thumb/v7e-m+fp/hard/crtn.o
                0x0000000020050000                _estack = (ORIGIN (RAM) + LENGTH (RAM))
                0x0000000000000200                _Min_Heap_Size = 0x200
                0x0000000000000400                _Min_Stack_Size = 0x400

.isr_vector     0x0000000008000000      0x1ac
                0x0000000008000000                . = ALIGN (0x4)
 *(.isr_vector)
 .isr_vector    0x0000000008000000      0x1ac ./Application/User/Startup/startup_stm32l496zgtxp.o
                0x0000000008000000                g_pfnVectors
                0x00000000080001ac                . = ALIGN (0x4)

.text           0x00000000080001b0     0xc020
                0x00000000080001b0                . = ALIGN (0x4)
 *(.text)
 .text          0x00000000080001b0       0x40 c:/st/stm32cubeide_1.10.1/stm32cubeide/plugins/com.st.stm32cube.ide.mcu.externaltools.gnu-tools-for-stm32.10.3-2021.10.win32_1.0.200.202301161003/tools/bin/../lib/gcc/arm-none-eabi/10.3.1/thumb/v7e-m+fp/hard/crtbegin.o
 .text          0x00000000080001f0       0x30 c:/st/stm32cubeide_1.10.1/stm32cubeide/plugins/com.st.stm32cube.ide.mcu.externaltools.gnu-tools-for-stm32.10.3-2021.10.win32_1.0.200.202301161003/tools/bin/../lib/gcc/arm-none-eabi/10.3.1/thumb/v7e-m+fp/hard\libgcc.a(_aeabi_uldivmod.o)
                0x00000000080001f0                __aeabi_uldivmod
 .text          0x0000000008000220      0x2d0 c:/st/stm32cubeide_1.10.1/stm32cubeide/plugins/com.st.stm32cube.ide.mcu.externaltools.gnu-tools-for-stm32.10.3-2021.10.win32_1.0.200.202301161003/tools/bin/../lib/gcc/arm-none-eabi/10.3.1/thumb/v7e-m+fp/hard\libgcc.a(_udivmoddi4.o)
                0x0000000008000220                __udivmoddi4
 .text          0x00000000080004f0        0x4 c:/st/stm32cubeide_1.10.1/stm32cubeide/plugins/com.st.stm32cube.ide.mcu.externaltools.gnu-tools-for-stm32.10.3-2021.10.win32_1.0.200.202301161003/tools/bin/../lib/gcc/arm-none-eabi/10.3.1/thumb/v7e-m+fp/hard\libgcc.a(_dvmd_tls.o)
                0x00000000080004f0                __aeabi_idiv0
                0x00000000080004f0                __aeabi_ldiv0
 *(.text*)
 .text.main     0x00000000080004f4       0x3c ./Application/User/Core/main.o
                0x00000000080004f4                main
 .text.SystemClock_Config
                0x0000000008000530       0xa8 ./Application/User/Core/main.o
                0x0000000008000530                SystemClock_Config
 .text.MX_LPUART1_UART_Init
                0x00000000080005d8       0x5c ./Application/User/Core/main.o
 .text.MX_GPIO_Init
                0x0000000008000634      0x134 ./Application/User/Core/main.o
 .text.StartDefaultTask
                0x0000000008000768       0x38 ./Application/User/Core/main.o
                0x0000000008000768                StartDefaultTask
 .text.HAL_TIM_PeriodElapsedCallback
                0x00000000080007a0       0x24 ./Application/User/Core/main.o
                0x00000000080007a0                HAL_TIM_PeriodElapsedCallback
 .text.Error_Handler
                0x00000000080007c4        0xa ./Application/User/Core/main.o
                0x00000000080007c4                Error_Handler
 *fill*         0x00000000080007ce        0x2 
 .text.HAL_MspInit
                0x00000000080007d0       0x50 ./Application/User/Core/stm32l4xx_hal_msp.o
                0x00000000080007d0                HAL_MspInit
 .text.HAL_UART_MspInit
                0x0000000008000820       0xd0 ./Application/User/Core/stm32l4xx_hal_msp.o
                0x0000000008000820                HAL_UART_MspInit
 .text.HAL_InitTick
                0x00000000080008f0       0xdc ./Application/User/Core/stm32l4xx_hal_timebase_tim.o
                0x00000000080008f0                HAL_InitTick
 .text.NMI_Handler
                0x00000000080009cc        0x6 ./Application/User/Core/stm32l4xx_it.o
                0x00000000080009cc                NMI_Handler
 .text.HardFault_Handler
                0x00000000080009d2        0x6 ./Application/User/Core/stm32l4xx_it.o
                0x00000000080009d2                HardFault_Handler
 .text.MemManage_Handler
                0x00000000080009d8        0x6 ./Application/User/Core/stm32l4xx_it.o
                0x00000000080009d8                MemManage_Handler
 .text.BusFault_Handler
                0x00000000080009de        0x6 ./Application/User/Core/stm32l4xx_it.o
                0x00000000080009de                BusFault_Handler
 .text.UsageFault_Handler
                0x00000000080009e4        0x6 ./Application/User/Core/stm32l4xx_it.o
                0x00000000080009e4                UsageFault_Handler
 .text.DebugMon_Handler
                0x00000000080009ea        0xe ./Application/User/Core/stm32l4xx_it.o
                0x00000000080009ea                DebugMon_Handler
 .text.TIM1_UP_TIM16_IRQHandler
                0x00000000080009f8       0x14 ./Application/User/Core/stm32l4xx_it.o
                0x00000000080009f8                TIM1_UP_TIM16_IRQHandler
 .text.OTG_FS_IRQHandler
                0x0000000008000a0c       0x14 ./Application/User/Core/stm32l4xx_it.o
                0x0000000008000a0c                OTG_FS_IRQHandler
 .text.LPUART1_IRQHandler
                0x0000000008000a20       0x14 ./Application/User/Core/stm32l4xx_it.o
                0x0000000008000a20                LPUART1_IRQHandler
 .text.Reset_Handler
                0x0000000008000a34       0x50 ./Application/User/Startup/startup_stm32l496zgtxp.o
                0x0000000008000a34                Reset_Handler
 .text.Default_Handler
                0x0000000008000a84        0x2 ./Application/User/Startup/startup_stm32l496zgtxp.o
                0x0000000008000a84                RTC_Alarm_IRQHandler
                0x0000000008000a84                EXTI2_IRQHandler
                0x0000000008000a84                TIM8_TRG_COM_IRQHandler
                0x0000000008000a84                TIM8_CC_IRQHandler
                0x0000000008000a84                TIM1_CC_IRQHandler
                0x0000000008000a84                TSC_IRQHandler
                0x0000000008000a84                TAMP_STAMP_IRQHandler
                0x0000000008000a84                CAN2_RX1_IRQHandler
                0x0000000008000a84                EXTI3_IRQHandler
                0x0000000008000a84                LPTIM2_IRQHandler
                0x0000000008000a84                DFSDM1_FLT1_IRQHandler
                0x0000000008000a84                I2C3_ER_IRQHandler
                0x0000000008000a84                DFSDM1_FLT2_IRQHandler
                0x0000000008000a84                EXTI0_IRQHandler
                0x0000000008000a84                I2C2_EV_IRQHandler
                0x0000000008000a84                CAN1_RX0_IRQHandler
                0x0000000008000a84                FPU_IRQHandler
                0x0000000008000a84                CAN2_SCE_IRQHandler
                0x0000000008000a84                ADC1_2_IRQHandler
                0x0000000008000a84                SPI1_IRQHandler
                0x0000000008000a84                TIM6_DAC_IRQHandler
                0x0000000008000a84                DCMI_IRQHandler
                0x0000000008000a84                CAN2_RX0_IRQHandler
                0x0000000008000a84                TIM8_UP_IRQHandler
                0x0000000008000a84                DMA2_Channel2_IRQHandler
                0x0000000008000a84                DMA1_Channel4_IRQHandler
                0x0000000008000a84                SAI2_IRQHandler
                0x0000000008000a84                DFSDM1_FLT3_IRQHandler
                0x0000000008000a84                USART3_IRQHandler
                0x0000000008000a84                DMA1_Channel7_IRQHandler
                0x0000000008000a84                CAN1_RX1_IRQHandler
                0x0000000008000a84                LCD_IRQHandler
                0x0000000008000a84                UART5_IRQHandler
                0x0000000008000a84                ADC3_IRQHandler
                0x0000000008000a84                TIM4_IRQHandler
                0x0000000008000a84                DMA2_Channel1_IRQHandler
                0x0000000008000a84                QUADSPI_IRQHandler
                0x0000000008000a84                I2C1_EV_IRQHandler
                0x0000000008000a84                DMA1_Channel6_IRQHandler
                0x0000000008000a84                UART4_IRQHandler
                0x0000000008000a84                DMA2_Channel4_IRQHandler
                0x0000000008000a84                TIM3_IRQHandler
                0x0000000008000a84                RCC_IRQHandler
                0x0000000008000a84                DMA1_Channel1_IRQHandler
                0x0000000008000a84                Default_Handler
                0x0000000008000a84                DMA2_Channel7_IRQHandler
                0x0000000008000a84                EXTI15_10_IRQHandler
                0x0000000008000a84                TIM7_IRQHandler
                0x0000000008000a84                SDMMC1_IRQHandler
                0x0000000008000a84                CAN2_TX_IRQHandler
                0x0000000008000a84                TIM5_IRQHandler
                0x0000000008000a84                I2C3_EV_IRQHandler
                0x0000000008000a84                EXTI9_5_IRQHandler
                0x0000000008000a84                RTC_WKUP_IRQHandler
                0x0000000008000a84                PVD_PVM_IRQHandler
                0x0000000008000a84                SPI2_IRQHandler
                0x0000000008000a84                CAN1_TX_IRQHandler
                0x0000000008000a84                DMA2_Channel5_IRQHandler
                0x0000000008000a84                CRS_IRQHandler
                0x0000000008000a84                DMA1_Channel5_IRQHandler
                0x0000000008000a84                EXTI4_IRQHandler
                0x0000000008000a84                RNG_IRQHandler
                0x0000000008000a84                TIM1_TRG_COM_TIM17_IRQHandler
                0x0000000008000a84                DMA1_Channel3_IRQHandler
                0x0000000008000a84                COMP_IRQHandler
                0x0000000008000a84                WWDG_IRQHandler
                0x0000000008000a84                I2C4_EV_IRQHandler
                0x0000000008000a84                DMA2_Channel6_IRQHandler
                0x0000000008000a84                TIM2_IRQHandler
                0x0000000008000a84                EXTI1_IRQHandler
                0x0000000008000a84                USART2_IRQHandler
                0x0000000008000a84                DFSDM1_FLT0_IRQHandler
                0x0000000008000a84                I2C2_ER_IRQHandler
                0x0000000008000a84                DMA1_Channel2_IRQHandler
                0x0000000008000a84                TIM8_BRK_IRQHandler
                0x0000000008000a84                CAN1_SCE_IRQHandler
                0x0000000008000a84                FLASH_IRQHandler
                0x0000000008000a84                USART1_IRQHandler
                0x0000000008000a84                SPI3_IRQHandler
                0x0000000008000a84                I2C1_ER_IRQHandler
                0x0000000008000a84                FMC_IRQHandler
                0x0000000008000a84                SWPMI1_IRQHandler
                0x0000000008000a84                LPTIM1_IRQHandler
                0x0000000008000a84                I2C4_ER_IRQHandler
                0x0000000008000a84                SAI1_IRQHandler
                0x0000000008000a84                DMA2_Channel3_IRQHandler
                0x0000000008000a84                TIM1_BRK_TIM15_IRQHandler
 .text.stm32_lock_acquire
                0x0000000008000a86       0x60 ./Application/User/ThreadSafe/newlib_lock_glue.o
 .text.stm32_lock_release
                0x0000000008000ae6       0x54 ./Application/User/ThreadSafe/newlib_lock_glue.o
 .text.__retarget_lock_acquire_recursive
                0x0000000008000b3a       0x28 ./Application/User/ThreadSafe/newlib_lock_glue.o
                0x0000000008000b3a                __retarget_lock_acquire_recursive
 .text.__retarget_lock_release_recursive
                0x0000000008000b62       0x28 ./Application/User/ThreadSafe/newlib_lock_glue.o
                0x0000000008000b62                __retarget_lock_release_recursive
 *fill*         0x0000000008000b8a        0x2 
 .text.MX_USB_DEVICE_Init
                0x0000000008000b8c       0x60 ./Application/User/USB_DEVICE/App/usb_device.o
                0x0000000008000b8c                MX_USB_DEVICE_Init
 .text.CDC_Init_FS
                0x0000000008000bec       0x28 ./Application/User/USB_DEVICE/App/usbd_cdc_if.o
 .text.CDC_DeInit_FS
                0x0000000008000c14       0x10 ./Application/User/USB_DEVICE/App/usbd_cdc_if.o
 .text.CDC_Control_FS
                0x0000000008000c24       0xbc ./Application/User/USB_DEVICE/App/usbd_cdc_if.o
 .text.CDC_Receive_FS
                0x0000000008000ce0       0x28 ./Application/User/USB_DEVICE/App/usbd_cdc_if.o
 .text.CDC_TransmitCplt_FS
                0x0000000008000d08       0x22 ./Application/User/USB_DEVICE/App/usbd_cdc_if.o
 *fill*         0x0000000008000d2a        0x2 
 .text.USBD_FS_DeviceDescriptor
                0x0000000008000d2c       0x24 ./Application/User/USB_DEVICE/App/usbd_desc.o
                0x0000000008000d2c                USBD_FS_DeviceDescriptor
 .text.USBD_FS_LangIDStrDescriptor
                0x0000000008000d50       0x24 ./Application/User/USB_DEVICE/App/usbd_desc.o
                0x0000000008000d50                USBD_FS_LangIDStrDescriptor
 .text.USBD_FS_ProductStrDescriptor
                0x0000000008000d74       0x3c ./Application/User/USB_DEVICE/App/usbd_desc.o
                0x0000000008000d74                USBD_FS_ProductStrDescriptor
 .text.USBD_FS_ManufacturerStrDescriptor
                0x0000000008000db0       0x28 ./Application/User/USB_DEVICE/App/usbd_desc.o
                0x0000000008000db0                USBD_FS_ManufacturerStrDescriptor
 .text.USBD_FS_SerialStrDescriptor
                0x0000000008000dd8       0x24 ./Application/User/USB_DEVICE/App/usbd_desc.o
                0x0000000008000dd8                USBD_FS_SerialStrDescriptor
 .text.USBD_FS_ConfigStrDescriptor
                0x0000000008000dfc       0x3c ./Application/User/USB_DEVICE/App/usbd_desc.o
                0x0000000008000dfc                USBD_FS_ConfigStrDescriptor
 .text.USBD_FS_InterfaceStrDescriptor
                0x0000000008000e38       0x3c ./Application/User/USB_DEVICE/App/usbd_desc.o
                0x0000000008000e38                USBD_FS_InterfaceStrDescriptor
 .text.USBD_FS_USR_BOSDescriptor
                0x0000000008000e74       0x24 ./Application/User/USB_DEVICE/App/usbd_desc.o
                0x0000000008000e74                USBD_FS_USR_BOSDescriptor
 .text.Get_SerialNum
                0x0000000008000e98       0x58 ./Application/User/USB_DEVICE/App/usbd_desc.o
 .text.IntToUnicode
                0x0000000008000ef0       0x7e ./Application/User/USB_DEVICE/App/usbd_desc.o
 *fill*         0x0000000008000f6e        0x2 
 .text.HAL_PCD_MspInit
                0x0000000008000f70      0x104 ./Application/User/USB_DEVICE/Target/usbd_conf.o
                0x0000000008000f70                HAL_PCD_MspInit
 .text.HAL_PCD_SetupStageCallback
                0x0000000008001074       0x24 ./Application/User/USB_DEVICE/Target/usbd_conf.o
                0x0000000008001074                HAL_PCD_SetupStageCallback
 .text.HAL_PCD_DataOutStageCallback
                0x0000000008001098       0x36 ./Application/User/USB_DEVICE/Target/usbd_conf.o
                0x0000000008001098                HAL_PCD_DataOutStageCallback
 .text.HAL_PCD_DataInStageCallback
                0x00000000080010ce       0x34 ./Application/User/USB_DEVICE/Target/usbd_conf.o
                0x00000000080010ce                HAL_PCD_DataInStageCallback
 .text.HAL_PCD_SOFCallback
                0x0000000008001102       0x1c ./Application/User/USB_DEVICE/Target/usbd_conf.o
                0x0000000008001102                HAL_PCD_SOFCallback
 .text.HAL_PCD_ResetCallback
                0x000000000800111e       0x3c ./Application/User/USB_DEVICE/Target/usbd_conf.o
                0x000000000800111e                HAL_PCD_ResetCallback
 *fill*         0x000000000800115a        0x2 
 .text.HAL_PCD_SuspendCallback
                0x000000000800115c       0x4c ./Application/User/USB_DEVICE/Target/usbd_conf.o
                0x000000000800115c                HAL_PCD_SuspendCallback
 .text.HAL_PCD_ResumeCallback
                0x00000000080011a8       0x50 ./Application/User/USB_DEVICE/Target/usbd_conf.o
                0x00000000080011a8                HAL_PCD_ResumeCallback
 .text.HAL_PCD_ISOOUTIncompleteCallback
                0x00000000080011f8       0x24 ./Application/User/USB_DEVICE/Target/usbd_conf.o
                0x00000000080011f8                HAL_PCD_ISOOUTIncompleteCallback
 .text.HAL_PCD_ISOINIncompleteCallback
                0x000000000800121c       0x24 ./Application/User/USB_DEVICE/Target/usbd_conf.o
                0x000000000800121c                HAL_PCD_ISOINIncompleteCallback
 .text.HAL_PCD_ConnectCallback
                0x0000000008001240       0x1c ./Application/User/USB_DEVICE/Target/usbd_conf.o
                0x0000000008001240                HAL_PCD_ConnectCallback
 .text.HAL_PCD_DisconnectCallback
                0x000000000800125c       0x1c ./Application/User/USB_DEVICE/Target/usbd_conf.o
                0x000000000800125c                HAL_PCD_DisconnectCallback
 .text.USBD_LL_Init
                0x0000000008001278       0x98 ./Application/User/USB_DEVICE/Target/usbd_conf.o
                0x0000000008001278                USBD_LL_Init
 .text.USBD_LL_Start
                0x0000000008001310       0x64 ./Application/User/USB_DEVICE/Target/usbd_conf.o
                0x0000000008001310                USBD_LL_Start
 .text.USBD_LL_OpenEP
                0x0000000008001374       0x7c ./Application/User/USB_DEVICE/Target/usbd_conf.o
                0x0000000008001374                USBD_LL_OpenEP
 .text.USBD_LL_CloseEP
                0x00000000080013f0       0x6c ./Application/User/USB_DEVICE/Target/usbd_conf.o
                0x00000000080013f0                USBD_LL_CloseEP
 .text.USBD_LL_StallEP
                0x000000000800145c       0x6c ./Application/User/USB_DEVICE/Target/usbd_conf.o
                0x000000000800145c                USBD_LL_StallEP
 .text.USBD_LL_ClearStallEP
                0x00000000080014c8       0x6c ./Application/User/USB_DEVICE/Target/usbd_conf.o
                0x00000000080014c8                USBD_LL_ClearStallEP
 .text.USBD_LL_IsStallEP
                0x0000000008001534       0x58 ./Application/User/USB_DEVICE/Target/usbd_conf.o
                0x0000000008001534                USBD_LL_IsStallEP
 .text.USBD_LL_SetUSBAddress
                0x000000000800158c       0x6c ./Application/User/USB_DEVICE/Target/usbd_conf.o
                0x000000000800158c                USBD_LL_SetUSBAddress
 .text.USBD_LL_Transmit
                0x00000000080015f8       0x70 ./Application/User/USB_DEVICE/Target/usbd_conf.o
                0x00000000080015f8                USBD_LL_Transmit
 .text.USBD_LL_PrepareReceive
                0x0000000008001668       0x70 ./Application/User/USB_DEVICE/Target/usbd_conf.o
                0x0000000008001668                USBD_LL_PrepareReceive
 .text.USBD_LL_GetRxDataSize
                0x00000000080016d8       0x26 ./Application/User/USB_DEVICE/Target/usbd_conf.o
                0x00000000080016d8                USBD_LL_GetRxDataSize
 *fill*         0x00000000080016fe        0x2 
 .text.HAL_PCDEx_LPM_Callback
                0x0000000008001700       0x9c ./Application/User/USB_DEVICE/Target/usbd_conf.o
                0x0000000008001700                HAL_PCDEx_LPM_Callback
 .text.USBD_static_malloc
                0x000000000800179c       0x1c ./Application/User/USB_DEVICE/Target/usbd_conf.o
                0x000000000800179c                USBD_static_malloc
 .text.USBD_static_free
                0x00000000080017b8       0x14 ./Application/User/USB_DEVICE/Target/usbd_conf.o
                0x00000000080017b8                USBD_static_free
 .text.SystemClockConfig_Resume
                0x00000000080017cc        0xc ./Application/User/USB_DEVICE/Target/usbd_conf.o
 .text.SystemInit
                0x00000000080017d8       0x24 ./Drivers/CMSIS/system_stm32l4xx.o
                0x00000000080017d8                SystemInit
 .text.HAL_Init
                0x00000000080017fc       0x30 ./Drivers/STM32L4xx_HAL_Driver/stm32l4xx_hal.o
                0x00000000080017fc                HAL_Init
 .text.HAL_IncTick
                0x000000000800182c       0x28 ./Drivers/STM32L4xx_HAL_Driver/stm32l4xx_hal.o
                0x000000000800182c                HAL_IncTick
 .text.HAL_GetTick
                0x0000000008001854       0x18 ./Drivers/STM32L4xx_HAL_Driver/stm32l4xx_hal.o
                0x0000000008001854                HAL_GetTick
 .text.HAL_Delay
                0x000000000800186c       0x48 ./Drivers/STM32L4xx_HAL_Driver/stm32l4xx_hal.o
                0x000000000800186c                HAL_Delay
 .text.__NVIC_SetPriorityGrouping
                0x00000000080018b4       0x48 ./Drivers/STM32L4xx_HAL_Driver/stm32l4xx_hal_cortex.o
 .text.__NVIC_GetPriorityGrouping
                0x00000000080018fc       0x1c ./Drivers/STM32L4xx_HAL_Driver/stm32l4xx_hal_cortex.o
 .text.__NVIC_EnableIRQ
                0x0000000008001918       0x3c ./Drivers/STM32L4xx_HAL_Driver/stm32l4xx_hal_cortex.o
 .text.__NVIC_SetPriority
                0x0000000008001954       0x54 ./Drivers/STM32L4xx_HAL_Driver/stm32l4xx_hal_cortex.o
 .text.NVIC_EncodePriority
                0x00000000080019a8       0x66 ./Drivers/STM32L4xx_HAL_Driver/stm32l4xx_hal_cortex.o
 .text.HAL_NVIC_SetPriorityGrouping
                0x0000000008001a0e       0x16 ./Drivers/STM32L4xx_HAL_Driver/stm32l4xx_hal_cortex.o
                0x0000000008001a0e                HAL_NVIC_SetPriorityGrouping
 .text.HAL_NVIC_SetPriority
                0x0000000008001a24       0x38 ./Drivers/STM32L4xx_HAL_Driver/stm32l4xx_hal_cortex.o
                0x0000000008001a24                HAL_NVIC_SetPriority
 .text.HAL_NVIC_EnableIRQ
                0x0000000008001a5c       0x1c ./Drivers/STM32L4xx_HAL_Driver/stm32l4xx_hal_cortex.o
                0x0000000008001a5c                HAL_NVIC_EnableIRQ
 .text.HAL_DMA_Abort
                0x0000000008001a78       0x7c ./Drivers/STM32L4xx_HAL_Driver/stm32l4xx_hal_dma.o
                0x0000000008001a78                HAL_DMA_Abort
 .text.HAL_DMA_Abort_IT
                0x0000000008001af4       0x82 ./Drivers/STM32L4xx_HAL_Driver/stm32l4xx_hal_dma.o
                0x0000000008001af4                HAL_DMA_Abort_IT
 *fill*         0x0000000008001b76        0x2 
 .text.HAL_GPIO_Init
                0x0000000008001b78      0x324 ./Drivers/STM32L4xx_HAL_Driver/stm32l4xx_hal_gpio.o
                0x0000000008001b78                HAL_GPIO_Init
 .text.HAL_GPIO_WritePin
                0x0000000008001e9c       0x30 ./Drivers/STM32L4xx_HAL_Driver/stm32l4xx_hal_gpio.o
                0x0000000008001e9c                HAL_GPIO_WritePin
 .text.HAL_GPIO_TogglePin
                0x0000000008001ecc       0x34 ./Drivers/STM32L4xx_HAL_Driver/stm32l4xx_hal_gpio.o
                0x0000000008001ecc                HAL_GPIO_TogglePin
 .text.HAL_PCD_Init
                0x0000000008001f00      0x248 ./Drivers/STM32L4xx_HAL_Driver/stm32l4xx_hal_pcd.o
                0x0000000008001f00                HAL_PCD_Init
 .text.HAL_PCD_Start
                0x0000000008002148       0x5e ./Drivers/STM32L4xx_HAL_Driver/stm32l4xx_hal_pcd.o
                0x0000000008002148                HAL_PCD_Start
 .text.HAL_PCD_IRQHandler
                0x00000000080021a6      0x926 ./Drivers/STM32L4xx_HAL_Driver/stm32l4xx_hal_pcd.o
                0x00000000080021a6                HAL_PCD_IRQHandler
 .text.HAL_PCD_SetAddress
                0x0000000008002acc       0x4a ./Drivers/STM32L4xx_HAL_Driver/stm32l4xx_hal_pcd.o
                0x0000000008002acc                HAL_PCD_SetAddress
 .text.HAL_PCD_EP_Open
                0x0000000008002b16       0xd0 ./Drivers/STM32L4xx_HAL_Driver/stm32l4xx_hal_pcd.o
                0x0000000008002b16                HAL_PCD_EP_Open
 .text.HAL_PCD_EP_Close
                0x0000000008002be6       0x94 ./Drivers/STM32L4xx_HAL_Driver/stm32l4xx_hal_pcd.o
                0x0000000008002be6                HAL_PCD_EP_Close
 .text.HAL_PCD_EP_Receive
                0x0000000008002c7a       0x64 ./Drivers/STM32L4xx_HAL_Driver/stm32l4xx_hal_pcd.o
                0x0000000008002c7a                HAL_PCD_EP_Receive
 .text.HAL_PCD_EP_GetRxCount
                0x0000000008002cde       0x30 ./Drivers/STM32L4xx_HAL_Driver/stm32l4xx_hal_pcd.o
                0x0000000008002cde                HAL_PCD_EP_GetRxCount
 .text.HAL_PCD_EP_Transmit
                0x0000000008002d0e       0x62 ./Drivers/STM32L4xx_HAL_Driver/stm32l4xx_hal_pcd.o
                0x0000000008002d0e                HAL_PCD_EP_Transmit
 .text.HAL_PCD_EP_SetStall
                0x0000000008002d70       0xc4 ./Drivers/STM32L4xx_HAL_Driver/stm32l4xx_hal_pcd.o
                0x0000000008002d70                HAL_PCD_EP_SetStall
 .text.HAL_PCD_EP_ClrStall
                0x0000000008002e34       0xac ./Drivers/STM32L4xx_HAL_Driver/stm32l4xx_hal_pcd.o
                0x0000000008002e34                HAL_PCD_EP_ClrStall
 .text.HAL_PCD_EP_Abort
                0x0000000008002ee0       0x62 ./Drivers/STM32L4xx_HAL_Driver/stm32l4xx_hal_pcd.o
                0x0000000008002ee0                HAL_PCD_EP_Abort
 .text.PCD_WriteEmptyTxFifo
                0x0000000008002f42      0x110 ./Drivers/STM32L4xx_HAL_Driver/stm32l4xx_hal_pcd.o
 *fill*         0x0000000008003052        0x2 
 .text.PCD_EP_OutXfrComplete_int
                0x0000000008003054       0x9c ./Drivers/STM32L4xx_HAL_Driver/stm32l4xx_hal_pcd.o
 .text.PCD_EP_OutSetupPacket_int
                0x00000000080030f0       0x68 ./Drivers/STM32L4xx_HAL_Driver/stm32l4xx_hal_pcd.o
 .text.HAL_PCDEx_SetTxFiFo
                0x0000000008003158       0x8e ./Drivers/STM32L4xx_HAL_Driver/stm32l4xx_hal_pcd_ex.o
                0x0000000008003158                HAL_PCDEx_SetTxFiFo
 .text.HAL_PCDEx_SetRxFiFo
                0x00000000080031e6       0x22 ./Drivers/STM32L4xx_HAL_Driver/stm32l4xx_hal_pcd_ex.o
                0x00000000080031e6                HAL_PCDEx_SetRxFiFo
 .text.HAL_PCDEx_ActivateLPM
                0x0000000008003208       0x48 ./Drivers/STM32L4xx_HAL_Driver/stm32l4xx_hal_pcd_ex.o
                0x0000000008003208                HAL_PCDEx_ActivateLPM
 .text.HAL_PWREx_GetVoltageRange
                0x0000000008003250       0x1c ./Drivers/STM32L4xx_HAL_Driver/stm32l4xx_hal_pwr_ex.o
                0x0000000008003250                HAL_PWREx_GetVoltageRange
 .text.HAL_PWREx_ControlVoltageScaling
                0x000000000800326c       0xac ./Drivers/STM32L4xx_HAL_Driver/stm32l4xx_hal_pwr_ex.o
                0x000000000800326c                HAL_PWREx_ControlVoltageScaling
 .text.HAL_PWREx_EnableVddUSB
                0x0000000008003318       0x20 ./Drivers/STM32L4xx_HAL_Driver/stm32l4xx_hal_pwr_ex.o
                0x0000000008003318                HAL_PWREx_EnableVddUSB
 .text.HAL_PWREx_EnableVddIO2
                0x0000000008003338       0x20 ./Drivers/STM32L4xx_HAL_Driver/stm32l4xx_hal_pwr_ex.o
                0x0000000008003338                HAL_PWREx_EnableVddIO2
 .text.HAL_RCC_OscConfig
                0x0000000008003358      0x834 ./Drivers/STM32L4xx_HAL_Driver/stm32l4xx_hal_rcc.o
                0x0000000008003358                HAL_RCC_OscConfig
 .text.HAL_RCC_ClockConfig
                0x0000000008003b8c      0x200 ./Drivers/STM32L4xx_HAL_Driver/stm32l4xx_hal_rcc.o
                0x0000000008003b8c                HAL_RCC_ClockConfig
 .text.HAL_RCC_GetSysClockFreq
                0x0000000008003d8c      0x118 ./Drivers/STM32L4xx_HAL_Driver/stm32l4xx_hal_rcc.o
                0x0000000008003d8c                HAL_RCC_GetSysClockFreq
 .text.HAL_RCC_GetHCLKFreq
                0x0000000008003ea4       0x18 ./Drivers/STM32L4xx_HAL_Driver/stm32l4xx_hal_rcc.o
                0x0000000008003ea4                HAL_RCC_GetHCLKFreq
 .text.HAL_RCC_GetPCLK1Freq
                0x0000000008003ebc       0x2c ./Drivers/STM32L4xx_HAL_Driver/stm32l4xx_hal_rcc.o
                0x0000000008003ebc                HAL_RCC_GetPCLK1Freq
 .text.HAL_RCC_GetPCLK2Freq
                0x0000000008003ee8       0x2c ./Drivers/STM32L4xx_HAL_Driver/stm32l4xx_hal_rcc.o
                0x0000000008003ee8                HAL_RCC_GetPCLK2Freq
 .text.HAL_RCC_GetClockConfig
                0x0000000008003f14       0x64 ./Drivers/STM32L4xx_HAL_Driver/stm32l4xx_hal_rcc.o
                0x0000000008003f14                HAL_RCC_GetClockConfig
 .text.RCC_SetFlashLatencyFromMSIRange
                0x0000000008003f78       0xc0 ./Drivers/STM32L4xx_HAL_Driver/stm32l4xx_hal_rcc.o
 .text.HAL_RCCEx_PeriphCLKConfig
                0x0000000008004038      0x5f8 ./Drivers/STM32L4xx_HAL_Driver/stm32l4xx_hal_rcc_ex.o
                0x0000000008004038                HAL_RCCEx_PeriphCLKConfig
 .text.RCCEx_PLLSAI1_Config
                0x0000000008004630      0x1e4 ./Drivers/STM32L4xx_HAL_Driver/stm32l4xx_hal_rcc_ex.o
 .text.RCCEx_PLLSAI2_Config
                0x0000000008004814      0x1b8 ./Drivers/STM32L4xx_HAL_Driver/stm32l4xx_hal_rcc_ex.o
 .text.HAL_TIM_Base_Init
                0x00000000080049cc       0xae ./Drivers/STM32L4xx_HAL_Driver/stm32l4xx_hal_tim.o
                0x00000000080049cc                HAL_TIM_Base_Init
 .text.HAL_TIM_Base_MspInit
                0x0000000008004a7a       0x14 ./Drivers/STM32L4xx_HAL_Driver/stm32l4xx_hal_tim.o
                0x0000000008004a7a                HAL_TIM_Base_MspInit
 *fill*         0x0000000008004a8e        0x2 
 .text.HAL_TIM_Base_Start_IT
                0x0000000008004a90       0xe0 ./Drivers/STM32L4xx_HAL_Driver/stm32l4xx_hal_tim.o
                0x0000000008004a90                HAL_TIM_Base_Start_IT
 .text.HAL_TIM_IRQHandler
                0x0000000008004b70      0x204 ./Drivers/STM32L4xx_HAL_Driver/stm32l4xx_hal_tim.o
                0x0000000008004b70                HAL_TIM_IRQHandler
 .text.HAL_TIM_OC_DelayElapsedCallback
                0x0000000008004d74       0x14 ./Drivers/STM32L4xx_HAL_Driver/stm32l4xx_hal_tim.o
                0x0000000008004d74                HAL_TIM_OC_DelayElapsedCallback
 .text.HAL_TIM_IC_CaptureCallback
                0x0000000008004d88       0x14 ./Drivers/STM32L4xx_HAL_Driver/stm32l4xx_hal_tim.o
                0x0000000008004d88                HAL_TIM_IC_CaptureCallback
 .text.HAL_TIM_PWM_PulseFinishedCallback
                0x0000000008004d9c       0x14 ./Drivers/STM32L4xx_HAL_Driver/stm32l4xx_hal_tim.o
                0x0000000008004d9c                HAL_TIM_PWM_PulseFinishedCallback
 .text.HAL_TIM_TriggerCallback
                0x0000000008004db0       0x14 ./Drivers/STM32L4xx_HAL_Driver/stm32l4xx_hal_tim.o
                0x0000000008004db0                HAL_TIM_TriggerCallback
 .text.TIM_Base_SetConfig
                0x0000000008004dc4      0x134 ./Drivers/STM32L4xx_HAL_Driver/stm32l4xx_hal_tim.o
                0x0000000008004dc4                TIM_Base_SetConfig
 .text.HAL_TIMEx_CommutCallback
                0x0000000008004ef8       0x14 ./Drivers/STM32L4xx_HAL_Driver/stm32l4xx_hal_tim_ex.o
                0x0000000008004ef8                HAL_TIMEx_CommutCallback
 .text.HAL_TIMEx_BreakCallback
                0x0000000008004f0c       0x14 ./Drivers/STM32L4xx_HAL_Driver/stm32l4xx_hal_tim_ex.o
                0x0000000008004f0c                HAL_TIMEx_BreakCallback
 .text.HAL_TIMEx_Break2Callback
                0x0000000008004f20       0x14 ./Drivers/STM32L4xx_HAL_Driver/stm32l4xx_hal_tim_ex.o
                0x0000000008004f20                HAL_TIMEx_Break2Callback
 .text.HAL_UART_Init
                0x0000000008004f34       0x9c ./Drivers/STM32L4xx_HAL_Driver/stm32l4xx_hal_uart.o
                0x0000000008004f34                HAL_UART_Init
 .text.HAL_UART_IRQHandler
                0x0000000008004fd0      0x5d4 ./Drivers/STM32L4xx_HAL_Driver/stm32l4xx_hal_uart.o
                0x0000000008004fd0                HAL_UART_IRQHandler
 .text.HAL_UART_TxCpltCallback
                0x00000000080055a4       0x14 ./Drivers/STM32L4xx_HAL_Driver/stm32l4xx_hal_uart.o
                0x00000000080055a4                HAL_UART_TxCpltCallback
 .text.HAL_UART_ErrorCallback
                0x00000000080055b8       0x14 ./Drivers/STM32L4xx_HAL_Driver/stm32l4xx_hal_uart.o
                0x00000000080055b8                HAL_UART_ErrorCallback
 .text.HAL_UARTEx_RxEventCallback
                0x00000000080055cc       0x18 ./Drivers/STM32L4xx_HAL_Driver/stm32l4xx_hal_uart.o
                0x00000000080055cc                HAL_UARTEx_RxEventCallback
 .text.UART_SetConfig
                0x00000000080055e4      0x570 ./Drivers/STM32L4xx_HAL_Driver/stm32l4xx_hal_uart.o
                0x00000000080055e4                UART_SetConfig
 .text.UART_AdvFeatureConfig
                0x0000000008005b54      0x144 ./Drivers/STM32L4xx_HAL_Driver/stm32l4xx_hal_uart.o
                0x0000000008005b54                UART_AdvFeatureConfig
 .text.UART_CheckIdleState
                0x0000000008005c98      0x150 ./Drivers/STM32L4xx_HAL_Driver/stm32l4xx_hal_uart.o
                0x0000000008005c98                UART_CheckIdleState
 .text.UART_WaitOnFlagUntilTimeout
                0x0000000008005de8       0xce ./Drivers/STM32L4xx_HAL_Driver/stm32l4xx_hal_uart.o
                0x0000000008005de8                UART_WaitOnFlagUntilTimeout
 .text.UART_EndRxTransfer
                0x0000000008005eb6       0xc8 ./Drivers/STM32L4xx_HAL_Driver/stm32l4xx_hal_uart.o
 .text.UART_DMAAbortOnError
                0x0000000008005f7e       0x2c ./Drivers/STM32L4xx_HAL_Driver/stm32l4xx_hal_uart.o
 .text.UART_EndTransmit_IT
                0x0000000008005faa       0x54 ./Drivers/STM32L4xx_HAL_Driver/stm32l4xx_hal_uart.o
 .text.HAL_UARTEx_WakeupCallback
                0x0000000008005ffe       0x14 ./Drivers/STM32L4xx_HAL_Driver/stm32l4xx_hal_uart_ex.o
                0x0000000008005ffe                HAL_UARTEx_WakeupCallback
 .text.USB_CoreInit
                0x0000000008006012       0x58 ./Drivers/STM32L4xx_HAL_Driver/stm32l4xx_ll_usb.o
                0x0000000008006012                USB_CoreInit
 *fill*         0x000000000800606a        0x2 
 .text.USB_SetTurnaroundTime
                0x000000000800606c      0x138 ./Drivers/STM32L4xx_HAL_Driver/stm32l4xx_ll_usb.o
                0x000000000800606c                USB_SetTurnaroundTime
 .text.USB_EnableGlobalInt
                0x00000000080061a4       0x22 ./Drivers/STM32L4xx_HAL_Driver/stm32l4xx_ll_usb.o
                0x00000000080061a4                USB_EnableGlobalInt
 .text.USB_DisableGlobalInt
                0x00000000080061c6       0x22 ./Drivers/STM32L4xx_HAL_Driver/stm32l4xx_ll_usb.o
                0x00000000080061c6                USB_DisableGlobalInt
 .text.USB_SetCurrentMode
                0x00000000080061e8       0x98 ./Drivers/STM32L4xx_HAL_Driver/stm32l4xx_ll_usb.o
                0x00000000080061e8                USB_SetCurrentMode
 .text.USB_DevInit
                0x0000000008006280      0x284 ./Drivers/STM32L4xx_HAL_Driver/stm32l4xx_ll_usb.o
                0x0000000008006280                USB_DevInit
 .text.USB_FlushTxFifo
                0x0000000008006504       0x68 ./Drivers/STM32L4xx_HAL_Driver/stm32l4xx_ll_usb.o
                0x0000000008006504                USB_FlushTxFifo
 .text.USB_FlushRxFifo
                0x000000000800656c       0x60 ./Drivers/STM32L4xx_HAL_Driver/stm32l4xx_ll_usb.o
                0x000000000800656c                USB_FlushRxFifo
 .text.USB_SetDevSpeed
                0x00000000080065cc       0x32 ./Drivers/STM32L4xx_HAL_Driver/stm32l4xx_ll_usb.o
                0x00000000080065cc                USB_SetDevSpeed
 .text.USB_GetDevSpeed
                0x00000000080065fe       0x3e ./Drivers/STM32L4xx_HAL_Driver/stm32l4xx_ll_usb.o
                0x00000000080065fe                USB_GetDevSpeed
 .text.USB_ActivateEndpoint
                0x000000000800663c      0x10e ./Drivers/STM32L4xx_HAL_Driver/stm32l4xx_ll_usb.o
                0x000000000800663c                USB_ActivateEndpoint
 *fill*         0x000000000800674a        0x2 
 .text.USB_DeactivateEndpoint
                0x000000000800674c      0x1b8 ./Drivers/STM32L4xx_HAL_Driver/stm32l4xx_ll_usb.o
                0x000000000800674c                USB_DeactivateEndpoint
 .text.USB_EPStartXfer
                0x0000000008006904      0x464 ./Drivers/STM32L4xx_HAL_Driver/stm32l4xx_ll_usb.o
                0x0000000008006904                USB_EPStartXfer
 .text.USB_EPStopXfer
                0x0000000008006d68      0x154 ./Drivers/STM32L4xx_HAL_Driver/stm32l4xx_ll_usb.o
                0x0000000008006d68                USB_EPStopXfer
 .text.USB_WritePacket
                0x0000000008006ebc       0x74 ./Drivers/STM32L4xx_HAL_Driver/stm32l4xx_ll_usb.o
                0x0000000008006ebc                USB_WritePacket
 .text.USB_ReadPacket
                0x0000000008006f30       0xb0 ./Drivers/STM32L4xx_HAL_Driver/stm32l4xx_ll_usb.o
                0x0000000008006f30                USB_ReadPacket
 .text.USB_EPSetStall
                0x0000000008006fe0       0xdc ./Drivers/STM32L4xx_HAL_Driver/stm32l4xx_ll_usb.o
                0x0000000008006fe0                USB_EPSetStall
 .text.USB_EPClearStall
                0x00000000080070bc       0xcc ./Drivers/STM32L4xx_HAL_Driver/stm32l4xx_ll_usb.o
                0x00000000080070bc                USB_EPClearStall
 .text.USB_SetDevAddress
                0x0000000008007188       0x4c ./Drivers/STM32L4xx_HAL_Driver/stm32l4xx_ll_usb.o
                0x0000000008007188                USB_SetDevAddress
 .text.USB_DevConnect
                0x00000000080071d4       0x42 ./Drivers/STM32L4xx_HAL_Driver/stm32l4xx_ll_usb.o
                0x00000000080071d4                USB_DevConnect
 .text.USB_DevDisconnect
                0x0000000008007216       0x42 ./Drivers/STM32L4xx_HAL_Driver/stm32l4xx_ll_usb.o
                0x0000000008007216                USB_DevDisconnect
 .text.USB_ReadInterrupts
                0x0000000008007258       0x26 ./Drivers/STM32L4xx_HAL_Driver/stm32l4xx_ll_usb.o
                0x0000000008007258                USB_ReadInterrupts
 .text.USB_ReadDevAllOutEpInterrupt
                0x000000000800727e       0x34 ./Drivers/STM32L4xx_HAL_Driver/stm32l4xx_ll_usb.o
                0x000000000800727e                USB_ReadDevAllOutEpInterrupt
 .text.USB_ReadDevAllInEpInterrupt
                0x00000000080072b2       0x34 ./Drivers/STM32L4xx_HAL_Driver/stm32l4xx_ll_usb.o
                0x00000000080072b2                USB_ReadDevAllInEpInterrupt
 .text.USB_ReadDevOutEPInterrupt
                0x00000000080072e6       0x3c ./Drivers/STM32L4xx_HAL_Driver/stm32l4xx_ll_usb.o
                0x00000000080072e6                USB_ReadDevOutEPInterrupt
 .text.USB_ReadDevInEPInterrupt
                0x0000000008007322       0x5c ./Drivers/STM32L4xx_HAL_Driver/stm32l4xx_ll_usb.o
                0x0000000008007322                USB_ReadDevInEPInterrupt
 .text.USB_GetMode
                0x000000000800737e       0x1c ./Drivers/STM32L4xx_HAL_Driver/stm32l4xx_ll_usb.o
                0x000000000800737e                USB_GetMode
 .text.USB_ActivateSetup
                0x000000000800739a       0x46 ./Drivers/STM32L4xx_HAL_Driver/stm32l4xx_ll_usb.o
                0x000000000800739a                USB_ActivateSetup
 .text.USB_EP0_OutStart
                0x00000000080073e0       0x90 ./Drivers/STM32L4xx_HAL_Driver/stm32l4xx_ll_usb.o
                0x00000000080073e0                USB_EP0_OutStart
 .text.USB_CoreReset
                0x0000000008007470       0x68 ./Drivers/STM32L4xx_HAL_Driver/stm32l4xx_ll_usb.o
 .text.__NVIC_SetPriority
                0x00000000080074d8       0x54 ./Middlewares/FreeRTOS/cmsis_os2.o
 .text.SysTick_Handler
                0x000000000800752c       0x20 ./Middlewares/FreeRTOS/cmsis_os2.o
                0x000000000800752c                SysTick_Handler
 .text.SVC_Setup
                0x000000000800754c       0x12 ./Middlewares/FreeRTOS/cmsis_os2.o
 *fill*         0x000000000800755e        0x2 
 .text.osKernelInitialize
                0x0000000008007560       0x48 ./Middlewares/FreeRTOS/cmsis_os2.o
                0x0000000008007560                osKernelInitialize
 .text.osKernelStart
                0x00000000080075a8       0x4c ./Middlewares/FreeRTOS/cmsis_os2.o
                0x00000000080075a8                osKernelStart
 .text.osThreadNew
                0x00000000080075f4      0x124 ./Middlewares/FreeRTOS/cmsis_os2.o
                0x00000000080075f4                osThreadNew
 .text.osDelay  0x0000000008007718       0x36 ./Middlewares/FreeRTOS/cmsis_os2.o
                0x0000000008007718                osDelay
 *fill*         0x000000000800774e        0x2 
 .text.vApplicationGetIdleTaskMemory
                0x0000000008007750       0x34 ./Middlewares/FreeRTOS/cmsis_os2.o
                0x0000000008007750                vApplicationGetIdleTaskMemory
 .text.vApplicationGetTimerTaskMemory
                0x0000000008007784       0x34 ./Middlewares/FreeRTOS/cmsis_os2.o
                0x0000000008007784                vApplicationGetTimerTaskMemory
 .text.pvPortMalloc
                0x00000000080077b8      0x198 ./Middlewares/FreeRTOS/heap_4.o
                0x00000000080077b8                pvPortMalloc
 .text.vPortFree
                0x0000000008007950       0xc4 ./Middlewares/FreeRTOS/heap_4.o
                0x0000000008007950                vPortFree
 .text.prvHeapInit
                0x0000000008007a14       0xc4 ./Middlewares/FreeRTOS/heap_4.o
 .text.prvInsertBlockIntoFreeList
                0x0000000008007ad8       0xb4 ./Middlewares/FreeRTOS/heap_4.o
 .text.vListInitialise
                0x0000000008007b8c       0x40 ./Middlewares/FreeRTOS/list.o
                0x0000000008007b8c                vListInitialise
 .text.vListInitialiseItem
                0x0000000008007bcc       0x1a ./Middlewares/FreeRTOS/list.o
                0x0000000008007bcc                vListInitialiseItem
 .text.vListInsertEnd
                0x0000000008007be6       0x48 ./Middlewares/FreeRTOS/list.o
                0x0000000008007be6                vListInsertEnd
 .text.vListInsert
                0x0000000008007c2e       0x72 ./Middlewares/FreeRTOS/list.o
                0x0000000008007c2e                vListInsert
 .text.uxListRemove
                0x0000000008007ca0       0x54 ./Middlewares/FreeRTOS/list.o
                0x0000000008007ca0                uxListRemove
 .text.pxPortInitialiseStack
                0x0000000008007cf4       0x68 ./Middlewares/FreeRTOS/port.o
                0x0000000008007cf4                pxPortInitialiseStack
 .text.prvTaskExitError
                0x0000000008007d5c       0x58 ./Middlewares/FreeRTOS/port.o
 *fill*         0x0000000008007db4        0xc 
 .text.SVC_Handler
                0x0000000008007dc0       0x28 ./Middlewares/FreeRTOS/port.o
                0x0000000008007dc0                SVC_Handler
 .text.prvPortStartFirstTask
                0x0000000008007de8       0x28 ./Middlewares/FreeRTOS/port.o
 .text.xPortStartScheduler
                0x0000000008007e10      0x144 ./Middlewares/FreeRTOS/port.o
                0x0000000008007e10                xPortStartScheduler
 .text.vPortEnterCritical
                0x0000000008007f54       0x60 ./Middlewares/FreeRTOS/port.o
                0x0000000008007f54                vPortEnterCritical
 .text.vPortExitCritical
                0x0000000008007fb4       0x54 ./Middlewares/FreeRTOS/port.o
                0x0000000008007fb4                vPortExitCritical
 *fill*         0x0000000008008008        0x8 
 .text.PendSV_Handler
                0x0000000008008010       0x68 ./Middlewares/FreeRTOS/port.o
                0x0000000008008010                PendSV_Handler
 .text.xPortSysTickHandler
                0x0000000008008078       0x44 ./Middlewares/FreeRTOS/port.o
                0x0000000008008078                xPortSysTickHandler
 .text.vPortSetupTimerInterrupt
                0x00000000080080bc       0x48 ./Middlewares/FreeRTOS/port.o
                0x00000000080080bc                vPortSetupTimerInterrupt
 .text.vPortEnableVFP
                0x0000000008008104       0x14 ./Middlewares/FreeRTOS/port.o
 .text.vPortValidateInterruptPriority
                0x0000000008008118       0x80 ./Middlewares/FreeRTOS/port.o
                0x0000000008008118                vPortValidateInterruptPriority
 .text.xQueueGenericReset
                0x0000000008008198       0xd0 ./Middlewares/FreeRTOS/queue.o
                0x0000000008008198                xQueueGenericReset
 .text.xQueueGenericCreateStatic
                0x0000000008008268       0xf0 ./Middlewares/FreeRTOS/queue.o
                0x0000000008008268                xQueueGenericCreateStatic
 .text.prvInitialiseNewQueue
                0x0000000008008358       0x46 ./Middlewares/FreeRTOS/queue.o
 *fill*         0x000000000800839e        0x2 
 .text.xQueueGenericSend
                0x00000000080083a0      0x1fc ./Middlewares/FreeRTOS/queue.o
                0x00000000080083a0                xQueueGenericSend
 .text.xQueueGenericSendFromISR
                0x000000000800859c      0x136 ./Middlewares/FreeRTOS/queue.o
                0x000000000800859c                xQueueGenericSendFromISR
 *fill*         0x00000000080086d2        0x2 
 .text.xQueueReceive
                0x00000000080086d4      0x1c0 ./Middlewares/FreeRTOS/queue.o
                0x00000000080086d4                xQueueReceive
 .text.prvCopyDataToQueue
                0x0000000008008894       0xd4 ./Middlewares/FreeRTOS/queue.o
 .text.prvCopyDataFromQueue
                0x0000000008008968       0x4c ./Middlewares/FreeRTOS/queue.o
 .text.prvUnlockQueue
                0x00000000080089b4       0xa4 ./Middlewares/FreeRTOS/queue.o
 .text.prvIsQueueEmpty
                0x0000000008008a58       0x2c ./Middlewares/FreeRTOS/queue.o
 .text.prvIsQueueFull
                0x0000000008008a84       0x30 ./Middlewares/FreeRTOS/queue.o
 .text.vQueueAddToRegistry
                0x0000000008008ab4       0x54 ./Middlewares/FreeRTOS/queue.o
                0x0000000008008ab4                vQueueAddToRegistry
 .text.vQueueWaitForMessageRestricted
                0x0000000008008b08       0x68 ./Middlewares/FreeRTOS/queue.o
                0x0000000008008b08                vQueueWaitForMessageRestricted
 .text.xTaskCreateStatic
                0x0000000008008b70       0xba ./Middlewares/FreeRTOS/tasks.o
                0x0000000008008b70                xTaskCreateStatic
 .text.xTaskCreate
                0x0000000008008c2a       0x8a ./Middlewares/FreeRTOS/tasks.o
                0x0000000008008c2a                xTaskCreate
 .text.prvInitialiseNewTask
                0x0000000008008cb4      0x14c ./Middlewares/FreeRTOS/tasks.o
 .text.prvAddNewTaskToReadyList
                0x0000000008008e00       0xe0 ./Middlewares/FreeRTOS/tasks.o
 .text.vTaskDelay
                0x0000000008008ee0       0x68 ./Middlewares/FreeRTOS/tasks.o
                0x0000000008008ee0                vTaskDelay
 .text.vTaskStartScheduler
                0x0000000008008f48       0xe0 ./Middlewares/FreeRTOS/tasks.o
                0x0000000008008f48                vTaskStartScheduler
 .text.vTaskSuspendAll
                0x0000000008009028       0x1c ./Middlewares/FreeRTOS/tasks.o
                0x0000000008009028                vTaskSuspendAll
 .text.xTaskResumeAll
                0x0000000008009044      0x13c ./Middlewares/FreeRTOS/tasks.o
                0x0000000008009044                xTaskResumeAll
 .text.xTaskGetTickCount
                0x0000000008009180       0x20 ./Middlewares/FreeRTOS/tasks.o
                0x0000000008009180                xTaskGetTickCount
 .text.xTaskIncrementTick
                0x00000000080091a0      0x174 ./Middlewares/FreeRTOS/tasks.o
                0x00000000080091a0                xTaskIncrementTick
 .text.vTaskSwitchContext
                0x0000000008009314       0xc8 ./Middlewares/FreeRTOS/tasks.o
                0x0000000008009314                vTaskSwitchContext
 .text.vTaskPlaceOnEventList
                0x00000000080093dc       0x48 ./Middlewares/FreeRTOS/tasks.o
                0x00000000080093dc                vTaskPlaceOnEventList
 .text.vTaskPlaceOnEventListRestricted
                0x0000000008009424       0x58 ./Middlewares/FreeRTOS/tasks.o
                0x0000000008009424                vTaskPlaceOnEventListRestricted
 .text.xTaskRemoveFromEventList
                0x000000000800947c       0xc8 ./Middlewares/FreeRTOS/tasks.o
                0x000000000800947c                xTaskRemoveFromEventList
 .text.vTaskInternalSetTimeOutState
                0x0000000008009544       0x2c ./Middlewares/FreeRTOS/tasks.o
                0x0000000008009544                vTaskInternalSetTimeOutState
 .text.xTaskCheckForTimeOut
                0x0000000008009570       0xc4 ./Middlewares/FreeRTOS/tasks.o
                0x0000000008009570                xTaskCheckForTimeOut
 .text.vTaskMissedYield
                0x0000000008009634       0x18 ./Middlewares/FreeRTOS/tasks.o
                0x0000000008009634                vTaskMissedYield
 .text.prvIdleTask
                0x000000000800964c       0x30 ./Middlewares/FreeRTOS/tasks.o
 .text.prvInitialiseTaskLists
                0x000000000800967c       0x80 ./Middlewares/FreeRTOS/tasks.o
 .text.prvCheckTasksWaitingTermination
                0x00000000080096fc       0x5c ./Middlewares/FreeRTOS/tasks.o
 .text.prvDeleteTCB
                0x0000000008009758       0x68 ./Middlewares/FreeRTOS/tasks.o
 .text.prvResetNextTaskUnblockTime
                0x00000000080097c0       0x40 ./Middlewares/FreeRTOS/tasks.o
 .text.xTaskGetSchedulerState
                0x0000000008009800       0x3c ./Middlewares/FreeRTOS/tasks.o
                0x0000000008009800                xTaskGetSchedulerState
 .text.xTaskPriorityDisinherit
                0x000000000800983c       0xdc ./Middlewares/FreeRTOS/tasks.o
                0x000000000800983c                xTaskPriorityDisinherit
 .text.prvAddCurrentTaskToDelayedList
                0x0000000008009918       0xa8 ./Middlewares/FreeRTOS/tasks.o
 .text.xTimerCreateTimerTask
                0x00000000080099c0       0x90 ./Middlewares/FreeRTOS/timers.o
                0x00000000080099c0                xTimerCreateTimerTask
 .text.xTimerGenericCommand
                0x0000000008009a50       0x9c ./Middlewares/FreeRTOS/timers.o
                0x0000000008009a50                xTimerGenericCommand
 .text.prvProcessExpiredTimer
                0x0000000008009aec       0x98 ./Middlewares/FreeRTOS/timers.o
 .text.prvTimerTask
                0x0000000008009b84       0x24 ./Middlewares/FreeRTOS/timers.o
 .text.prvProcessTimerOrBlockTask
                0x0000000008009ba8       0x9c ./Middlewares/FreeRTOS/timers.o
 .text.prvGetNextExpireTime
                0x0000000008009c44       0x48 ./Middlewares/FreeRTOS/timers.o
 .text.prvSampleTimeNow
                0x0000000008009c8c       0x40 ./Middlewares/FreeRTOS/timers.o
 .text.prvInsertTimerInActiveList
                0x0000000008009ccc       0x84 ./Middlewares/FreeRTOS/timers.o
 .text.prvProcessReceivedCommands
                0x0000000008009d50      0x1c4 ./Middlewares/FreeRTOS/timers.o
 .text.prvSwitchTimerLists
                0x0000000008009f14       0xc8 ./Middlewares/FreeRTOS/timers.o
 .text.prvCheckForValidListAndQueue
                0x0000000008009fdc       0x80 ./Middlewares/FreeRTOS/timers.o
 .text.USBD_CDC_Init
                0x000000000800a05c      0x1f0 ./Middlewares/USB_Device_Library/usbd_cdc.o
 .text.USBD_CDC_DeInit
                0x000000000800a24c      0x104 ./Middlewares/USB_Device_Library/usbd_cdc.o
 .text.USBD_CDC_Setup
                0x000000000800a350      0x1b8 ./Middlewares/USB_Device_Library/usbd_cdc.o
 .text.USBD_CDC_DataIn
                0x000000000800a508       0xfe ./Middlewares/USB_Device_Library/usbd_cdc.o
 .text.USBD_CDC_DataOut
                0x000000000800a606       0x70 ./Middlewares/USB_Device_Library/usbd_cdc.o
 .text.USBD_CDC_EP0_RxReady
                0x000000000800a676       0x76 ./Middlewares/USB_Device_Library/usbd_cdc.o
 .text.USBD_CDC_GetFSCfgDesc
                0x000000000800a6ec       0x70 ./Middlewares/USB_Device_Library/usbd_cdc.o
 .text.USBD_CDC_GetHSCfgDesc
                0x000000000800a75c       0x70 ./Middlewares/USB_Device_Library/usbd_cdc.o
 .text.USBD_CDC_GetOtherSpeedCfgDesc
                0x000000000800a7cc       0x70 ./Middlewares/USB_Device_Library/usbd_cdc.o
 .text.USBD_CDC_GetDeviceQualifierDescriptor
                0x000000000800a83c       0x20 ./Middlewares/USB_Device_Library/usbd_cdc.o
                0x000000000800a83c                USBD_CDC_GetDeviceQualifierDescriptor
 .text.USBD_CDC_RegisterInterface
                0x000000000800a85c       0x34 ./Middlewares/USB_Device_Library/usbd_cdc.o
                0x000000000800a85c                USBD_CDC_RegisterInterface
 .text.USBD_CDC_SetTxBuffer
                0x000000000800a890       0x44 ./Middlewares/USB_Device_Library/usbd_cdc.o
                0x000000000800a890                USBD_CDC_SetTxBuffer
 .text.USBD_CDC_SetRxBuffer
                0x000000000800a8d4       0x3a ./Middlewares/USB_Device_Library/usbd_cdc.o
                0x000000000800a8d4                USBD_CDC_SetRxBuffer
 *fill*         0x000000000800a90e        0x2 
 .text.USBD_CDC_ReceivePacket
                0x000000000800a910       0x6c ./Middlewares/USB_Device_Library/usbd_cdc.o
                0x000000000800a910                USBD_CDC_ReceivePacket
 .text.USBD_Init
                0x000000000800a97c       0x60 ./Middlewares/USB_Device_Library/usbd_core.o
                0x000000000800a97c                USBD_Init
 .text.USBD_RegisterClass
                0x000000000800a9dc       0x6c ./Middlewares/USB_Device_Library/usbd_core.o
                0x000000000800a9dc                USBD_RegisterClass
 .text.USBD_Start
                0x000000000800aa48       0x18 ./Middlewares/USB_Device_Library/usbd_core.o
                0x000000000800aa48                USBD_Start
 .text.USBD_RunTestMode
                0x000000000800aa60       0x16 ./Middlewares/USB_Device_Library/usbd_core.o
                0x000000000800aa60                USBD_RunTestMode
 .text.USBD_SetClassConfig
                0x000000000800aa76       0x38 ./Middlewares/USB_Device_Library/usbd_core.o
                0x000000000800aa76                USBD_SetClassConfig
 .text.USBD_ClrClassConfig
                0x000000000800aaae       0x34 ./Middlewares/USB_Device_Library/usbd_core.o
                0x000000000800aaae                USBD_ClrClassConfig
 .text.USBD_LL_SetupStage
                0x000000000800aae2       0xaa ./Middlewares/USB_Device_Library/usbd_core.o
                0x000000000800aae2                USBD_LL_SetupStage
 .text.USBD_LL_DataOutStage
                0x000000000800ab8c      0x166 ./Middlewares/USB_Device_Library/usbd_core.o
                0x000000000800ab8c                USBD_LL_DataOutStage
 .text.USBD_LL_DataInStage
                0x000000000800acf2      0x164 ./Middlewares/USB_Device_Library/usbd_core.o
                0x000000000800acf2                USBD_LL_DataInStage
 .text.USBD_LL_Reset
                0x000000000800ae56       0xa4 ./Middlewares/USB_Device_Library/usbd_core.o
                0x000000000800ae56                USBD_LL_Reset
 .text.USBD_LL_SetSpeed
                0x000000000800aefa       0x20 ./Middlewares/USB_Device_Library/usbd_core.o
                0x000000000800aefa                USBD_LL_SetSpeed
 .text.USBD_LL_Suspend
                0x000000000800af1a       0x38 ./Middlewares/USB_Device_Library/usbd_core.o
                0x000000000800af1a                USBD_LL_Suspend
 .text.USBD_LL_Resume
                0x000000000800af52       0x30 ./Middlewares/USB_Device_Library/usbd_core.o
                0x000000000800af52                USBD_LL_Resume
 .text.USBD_LL_SOF
                0x000000000800af82       0x40 ./Middlewares/USB_Device_Library/usbd_core.o
                0x000000000800af82                USBD_LL_SOF
 .text.USBD_LL_IsoINIncomplete
                0x000000000800afc2       0x64 ./Middlewares/USB_Device_Library/usbd_core.o
                0x000000000800afc2                USBD_LL_IsoINIncomplete
 .text.USBD_LL_IsoOUTIncomplete
                0x000000000800b026       0x64 ./Middlewares/USB_Device_Library/usbd_core.o
                0x000000000800b026                USBD_LL_IsoOUTIncomplete
 .text.USBD_LL_DevConnected
                0x000000000800b08a       0x16 ./Middlewares/USB_Device_Library/usbd_core.o
                0x000000000800b08a                USBD_LL_DevConnected
 .text.USBD_LL_DevDisconnected
                0x000000000800b0a0       0x46 ./Middlewares/USB_Device_Library/usbd_core.o
                0x000000000800b0a0                USBD_LL_DevDisconnected
 .text.USBD_CoreFindIF
                0x000000000800b0e6       0x1a ./Middlewares/USB_Device_Library/usbd_core.o
                0x000000000800b0e6                USBD_CoreFindIF
 .text.USBD_CoreFindEP
                0x000000000800b100       0x1a ./Middlewares/USB_Device_Library/usbd_core.o
                0x000000000800b100                USBD_CoreFindEP
 .text.USBD_GetEpDesc
                0x000000000800b11a       0x74 ./Middlewares/USB_Device_Library/usbd_core.o
                0x000000000800b11a                USBD_GetEpDesc
 .text.USBD_GetNextDesc
                0x000000000800b18e       0x3a ./Middlewares/USB_Device_Library/usbd_core.o
                0x000000000800b18e                USBD_GetNextDesc
 .text.SWAPBYTE
                0x000000000800b1c8       0x3c ./Middlewares/USB_Device_Library/usbd_ctlreq.o
 .text.USBD_StdDevReq
                0x000000000800b204       0xe4 ./Middlewares/USB_Device_Library/usbd_ctlreq.o
                0x000000000800b204                USBD_StdDevReq
 .text.USBD_StdItfReq
                0x000000000800b2e8       0xd8 ./Middlewares/USB_Device_Library/usbd_ctlreq.o
                0x000000000800b2e8                USBD_StdItfReq
 .text.USBD_StdEPReq
                0x000000000800b3c0      0x33a ./Middlewares/USB_Device_Library/usbd_ctlreq.o
                0x000000000800b3c0                USBD_StdEPReq
 *fill*         0x000000000800b6fa        0x2 
 .text.USBD_GetDescriptor
                0x000000000800b6fc      0x328 ./Middlewares/USB_Device_Library/usbd_ctlreq.o
 .text.USBD_SetAddress
                0x000000000800ba24       0x88 ./Middlewares/USB_Device_Library/usbd_ctlreq.o
 .text.USBD_SetConfig
                0x000000000800baac      0x154 ./Middlewares/USB_Device_Library/usbd_ctlreq.o
 .text.USBD_GetConfig
                0x000000000800bc00       0x6c ./Middlewares/USB_Device_Library/usbd_ctlreq.o
 .text.USBD_GetStatus
                0x000000000800bc6c       0x68 ./Middlewares/USB_Device_Library/usbd_ctlreq.o
 .text.USBD_SetFeature
                0x000000000800bcd4       0x52 ./Middlewares/USB_Device_Library/usbd_ctlreq.o
 .text.USBD_ClrFeature
                0x000000000800bd26       0x44 ./Middlewares/USB_Device_Library/usbd_ctlreq.o
 .text.USBD_ParseSetupRequest
                0x000000000800bd6a       0x74 ./Middlewares/USB_Device_Library/usbd_ctlreq.o
                0x000000000800bd6a                USBD_ParseSetupRequest
 .text.USBD_CtlError
                0x000000000800bdde       0x22 ./Middlewares/USB_Device_Library/usbd_ctlreq.o
                0x000000000800bdde                USBD_CtlError
 .text.USBD_GetString
                0x000000000800be00       0x8c ./Middlewares/USB_Device_Library/usbd_ctlreq.o
                0x000000000800be00                USBD_GetString
 .text.USBD_GetLen
                0x000000000800be8c       0x34 ./Middlewares/USB_Device_Library/usbd_ctlreq.o
 .text.USBD_CtlSendData
                0x000000000800bec0       0x36 ./Middlewares/USB_Device_Library/usbd_ioreq.o
                0x000000000800bec0                USBD_CtlSendData
 .text.USBD_CtlContinueSendData
                0x000000000800bef6       0x22 ./Middlewares/USB_Device_Library/usbd_ioreq.o
                0x000000000800bef6                USBD_CtlContinueSendData
 .text.USBD_CtlPrepareRx
                0x000000000800bf18       0x3a ./Middlewares/USB_Device_Library/usbd_ioreq.o
                0x000000000800bf18                USBD_CtlPrepareRx
 .text.USBD_CtlContinueRx
                0x000000000800bf52       0x22 ./Middlewares/USB_Device_Library/usbd_ioreq.o
                0x000000000800bf52                USBD_CtlContinueRx
 .text.USBD_CtlSendStatus
                0x000000000800bf74       0x26 ./Middlewares/USB_Device_Library/usbd_ioreq.o
                0x000000000800bf74                USBD_CtlSendStatus
 .text.USBD_CtlReceiveStatus
                0x000000000800bf9a       0x26 ./Middlewares/USB_Device_Library/usbd_ioreq.o
                0x000000000800bf9a                USBD_CtlReceiveStatus
 .text.__libc_init_array
                0x000000000800bfc0       0x48 c:/st/stm32cubeide_1.10.1/stm32cubeide/plugins/com.st.stm32cube.ide.mcu.externaltools.gnu-tools-for-stm32.10.3-2021.10.win32_1.0.200.202301161003/tools/bin/../lib/gcc/arm-none-eabi/10.3.1/../../../../arm-none-eabi/lib/thumb/v7e-m+fp/hard\libc_nano.a(lib_a-init.o)
                0x000000000800bfc0                __libc_init_array
 .text.memcpy   0x000000000800c008       0x1c c:/st/stm32cubeide_1.10.1/stm32cubeide/plugins/com.st.stm32cube.ide.mcu.externaltools.gnu-tools-for-stm32.10.3-2021.10.win32_1.0.200.202301161003/tools/bin/../lib/gcc/arm-none-eabi/10.3.1/../../../../arm-none-eabi/lib/thumb/v7e-m+fp/hard\libc_nano.a(lib_a-memcpy-stub.o)
                0x000000000800c008                memcpy
 .text.memset   0x000000000800c024       0x10 c:/st/stm32cubeide_1.10.1/stm32cubeide/plugins/com.st.stm32cube.ide.mcu.externaltools.gnu-tools-for-stm32.10.3-2021.10.win32_1.0.200.202301161003/tools/bin/../lib/gcc/arm-none-eabi/10.3.1/../../../../arm-none-eabi/lib/thumb/v7e-m+fp/hard\libc_nano.a(lib_a-memset.o)
                0x000000000800c024                memset
 .text._free_r  0x000000000800c034       0x98 c:/st/stm32cubeide_1.10.1/stm32cubeide/plugins/com.st.stm32cube.ide.mcu.externaltools.gnu-tools-for-stm32.10.3-2021.10.win32_1.0.200.202301161003/tools/bin/../lib/gcc/arm-none-eabi/10.3.1/../../../../arm-none-eabi/lib/thumb/v7e-m+fp/hard\libc_nano.a(lib_a-nano-freer.o)
                0x000000000800c034                _free_r
 .text.cleanup_glue
                0x000000000800c0cc       0x1a c:/st/stm32cubeide_1.10.1/stm32cubeide/plugins/com.st.stm32cube.ide.mcu.externaltools.gnu-tools-for-stm32.10.3-2021.10.win32_1.0.200.202301161003/tools/bin/../lib/gcc/arm-none-eabi/10.3.1/../../../../arm-none-eabi/lib/thumb/v7e-m+fp/hard\libc_nano.a(lib_a-reent.o)
                0x000000000800c0cc                cleanup_glue
 *fill*         0x000000000800c0e6        0x2 
 .text._reclaim_reent
                0x000000000800c0e8       0xb8 c:/st/stm32cubeide_1.10.1/stm32cubeide/plugins/com.st.stm32cube.ide.mcu.externaltools.gnu-tools-for-stm32.10.3-2021.10.win32_1.0.200.202301161003/tools/bin/../lib/gcc/arm-none-eabi/10.3.1/../../../../arm-none-eabi/lib/thumb/v7e-m+fp/hard\libc_nano.a(lib_a-reent.o)
                0x000000000800c0e8                _reclaim_reent
 .text.__malloc_lock
                0x000000000800c1a0        0xc c:/st/stm32cubeide_1.10.1/stm32cubeide/plugins/com.st.stm32cube.ide.mcu.externaltools.gnu-tools-for-stm32.10.3-2021.10.win32_1.0.200.202301161003/tools/bin/../lib/gcc/arm-none-eabi/10.3.1/../../../../arm-none-eabi/lib/thumb/v7e-m+fp/hard\libc_nano.a(lib_a-mlock.o)
                0x000000000800c1a0                __malloc_lock
 .text.__malloc_unlock
                0x000000000800c1ac        0xc c:/st/stm32cubeide_1.10.1/stm32cubeide/plugins/com.st.stm32cube.ide.mcu.externaltools.gnu-tools-for-stm32.10.3-2021.10.win32_1.0.200.202301161003/tools/bin/../lib/gcc/arm-none-eabi/10.3.1/../../../../arm-none-eabi/lib/thumb/v7e-m+fp/hard\libc_nano.a(lib_a-mlock.o)
                0x000000000800c1ac                __malloc_unlock
 *(.glue_7)
 .glue_7        0x000000000800c1b8        0x0 linker stubs
 *(.glue_7t)
 .glue_7t       0x000000000800c1b8        0x0 linker stubs
 *(.eh_frame)
 .eh_frame      0x000000000800c1b8        0x0 c:/st/stm32cubeide_1.10.1/stm32cubeide/plugins/com.st.stm32cube.ide.mcu.externaltools.gnu-tools-for-stm32.10.3-2021.10.win32_1.0.200.202301161003/tools/bin/../lib/gcc/arm-none-eabi/10.3.1/thumb/v7e-m+fp/hard/crtbegin.o
 *(.init)
 .init          0x000000000800c1b8        0x4 c:/st/stm32cubeide_1.10.1/stm32cubeide/plugins/com.st.stm32cube.ide.mcu.externaltools.gnu-tools-for-stm32.10.3-2021.10.win32_1.0.200.202301161003/tools/bin/../lib/gcc/arm-none-eabi/10.3.1/thumb/v7e-m+fp/hard/crti.o
                0x000000000800c1b8                _init
 .init          0x000000000800c1bc        0x8 c:/st/stm32cubeide_1.10.1/stm32cubeide/plugins/com.st.stm32cube.ide.mcu.externaltools.gnu-tools-for-stm32.10.3-2021.10.win32_1.0.200.202301161003/tools/bin/../lib/gcc/arm-none-eabi/10.3.1/thumb/v7e-m+fp/hard/crtn.o
 *(.fini)
 .fini          0x000000000800c1c4        0x4 c:/st/stm32cubeide_1.10.1/stm32cubeide/plugins/com.st.stm32cube.ide.mcu.externaltools.gnu-tools-for-stm32.10.3-2021.10.win32_1.0.200.202301161003/tools/bin/../lib/gcc/arm-none-eabi/10.3.1/thumb/v7e-m+fp/hard/crti.o
                0x000000000800c1c4                _fini
 .fini          0x000000000800c1c8        0x8 c:/st/stm32cubeide_1.10.1/stm32cubeide/plugins/com.st.stm32cube.ide.mcu.externaltools.gnu-tools-for-stm32.10.3-2021.10.win32_1.0.200.202301161003/tools/bin/../lib/gcc/arm-none-eabi/10.3.1/thumb/v7e-m+fp/hard/crtn.o
                0x000000000800c1d0                . = ALIGN (0x4)
                0x000000000800c1d0                _etext = .

.vfp11_veneer   0x000000000800c1d0        0x0
 .vfp11_veneer  0x000000000800c1d0        0x0 linker stubs

.v4_bx          0x000000000800c1d0        0x0
 .v4_bx         0x000000000800c1d0        0x0 linker stubs

.iplt           0x000000000800c1d0        0x0
 .iplt          0x000000000800c1d0        0x0 c:/st/stm32cubeide_1.10.1/stm32cubeide/plugins/com.st.stm32cube.ide.mcu.externaltools.gnu-tools-for-stm32.10.3-2021.10.win32_1.0.200.202301161003/tools/bin/../lib/gcc/arm-none-eabi/10.3.1/thumb/v7e-m+fp/hard/crtbegin.o

.rodata         0x000000000800c1d0      0x138
                0x000000000800c1d0                . = ALIGN (0x4)
 *(.rodata)
 .rodata        0x000000000800c1d0        0xc ./Application/User/Core/main.o
 .rodata        0x000000000800c1dc       0x46 ./Application/User/USB_DEVICE/App/usbd_desc.o
 *fill*         0x000000000800c222        0x2 
 .rodata        0x000000000800c224        0x5 ./Middlewares/FreeRTOS/tasks.o
 *fill*         0x000000000800c229        0x3 
 .rodata        0x000000000800c22c        0xd ./Middlewares/FreeRTOS/timers.o
 *(.rodata*)
 *fill*         0x000000000800c239        0x3 
 .rodata.defaultTask_attributes
                0x000000000800c23c       0x24 ./Application/User/Core/main.o
                0x000000000800c23c                defaultTask_attributes
 .rodata.AHBPrescTable
                0x000000000800c260       0x10 ./Drivers/CMSIS/system_stm32l4xx.o
                0x000000000800c260                AHBPrescTable
 .rodata.APBPrescTable
                0x000000000800c270        0x8 ./Drivers/CMSIS/system_stm32l4xx.o
                0x000000000800c270                APBPrescTable
 .rodata.MSIRangeTable
                0x000000000800c278       0x30 ./Drivers/CMSIS/system_stm32l4xx.o
                0x000000000800c278                MSIRangeTable
 .rodata.__sf_fake_stderr
                0x000000000800c2a8       0x20 c:/st/stm32cubeide_1.10.1/stm32cubeide/plugins/com.st.stm32cube.ide.mcu.externaltools.gnu-tools-for-stm32.10.3-2021.10.win32_1.0.200.202301161003/tools/bin/../lib/gcc/arm-none-eabi/10.3.1/../../../../arm-none-eabi/lib/thumb/v7e-m+fp/hard\libc_nano.a(lib_a-findfp.o)
                0x000000000800c2a8                __sf_fake_stderr
 .rodata.__sf_fake_stdin
                0x000000000800c2c8       0x20 c:/st/stm32cubeide_1.10.1/stm32cubeide/plugins/com.st.stm32cube.ide.mcu.externaltools.gnu-tools-for-stm32.10.3-2021.10.win32_1.0.200.202301161003/tools/bin/../lib/gcc/arm-none-eabi/10.3.1/../../../../arm-none-eabi/lib/thumb/v7e-m+fp/hard\libc_nano.a(lib_a-findfp.o)
                0x000000000800c2c8                __sf_fake_stdin
 .rodata.__sf_fake_stdout
                0x000000000800c2e8       0x20 c:/st/stm32cubeide_1.10.1/stm32cubeide/plugins/com.st.stm32cube.ide.mcu.externaltools.gnu-tools-for-stm32.10.3-2021.10.win32_1.0.200.202301161003/tools/bin/../lib/gcc/arm-none-eabi/10.3.1/../../../../arm-none-eabi/lib/thumb/v7e-m+fp/hard\libc_nano.a(lib_a-findfp.o)
                0x000000000800c2e8                __sf_fake_stdout
                0x000000000800c308                . = ALIGN (0x4)

.ARM.extab      0x000000000800c308        0x0
                0x000000000800c308                . = ALIGN (0x4)
 *(.ARM.extab* .gnu.linkonce.armextab.*)
                0x000000000800c308                . = ALIGN (0x4)

.ARM            0x000000000800c308        0x8
                0x000000000800c308                . = ALIGN (0x4)
                0x000000000800c308                __exidx_start = .
 *(.ARM.exidx*)
 .ARM.exidx     0x000000000800c308        0x8 c:/st/stm32cubeide_1.10.1/stm32cubeide/plugins/com.st.stm32cube.ide.mcu.externaltools.gnu-tools-for-stm32.10.3-2021.10.win32_1.0.200.202301161003/tools/bin/../lib/gcc/arm-none-eabi/10.3.1/thumb/v7e-m+fp/hard\libgcc.a(_udivmoddi4.o)
                0x000000000800c310                __exidx_end = .
                0x000000000800c310                . = ALIGN (0x4)

.rel.dyn        0x000000000800c310        0x0
 .rel.iplt      0x000000000800c310        0x0 c:/st/stm32cubeide_1.10.1/stm32cubeide/plugins/com.st.stm32cube.ide.mcu.externaltools.gnu-tools-for-stm32.10.3-2021.10.win32_1.0.200.202301161003/tools/bin/../lib/gcc/arm-none-eabi/10.3.1/thumb/v7e-m+fp/hard/crtbegin.o

.preinit_array  0x000000000800c310        0x0
                0x000000000800c310                . = ALIGN (0x4)
                0x000000000800c310                PROVIDE (__preinit_array_start = .)
 *(.preinit_array*)
                0x000000000800c310                PROVIDE (__preinit_array_end = .)
                0x000000000800c310                . = ALIGN (0x4)

.init_array     0x000000000800c310        0x4
                0x000000000800c310                . = ALIGN (0x4)
                0x000000000800c310                PROVIDE (__init_array_start = .)
 *(SORT_BY_NAME(.init_array.*))
 *(.init_array*)
 .init_array    0x000000000800c310        0x4 c:/st/stm32cubeide_1.10.1/stm32cubeide/plugins/com.st.stm32cube.ide.mcu.externaltools.gnu-tools-for-stm32.10.3-2021.10.win32_1.0.200.202301161003/tools/bin/../lib/gcc/arm-none-eabi/10.3.1/thumb/v7e-m+fp/hard/crtbegin.o
                0x000000000800c314                PROVIDE (__init_array_end = .)
                0x000000000800c314                . = ALIGN (0x4)

.fini_array     0x000000000800c314        0x4
                0x000000000800c314                . = ALIGN (0x4)
                [!provide]                        PROVIDE (__fini_array_start = .)
 *(SORT_BY_NAME(.fini_array.*))
 *(.fini_array*)
 .fini_array    0x000000000800c314        0x4 c:/st/stm32cubeide_1.10.1/stm32cubeide/plugins/com.st.stm32cube.ide.mcu.externaltools.gnu-tools-for-stm32.10.3-2021.10.win32_1.0.200.202301161003/tools/bin/../lib/gcc/arm-none-eabi/10.3.1/thumb/v7e-m+fp/hard/crtbegin.o
                [!provide]                        PROVIDE (__fini_array_end = .)
                0x000000000800c318                . = ALIGN (0x4)
                0x000000000800c318                _sidata = LOADADDR (.data)

.data           0x0000000020000000      0x174 load address 0x000000000800c318
                0x0000000020000000                . = ALIGN (0x4)
                0x0000000020000000                _sdata = .
 *(.data)
 *(.data*)
 .data.USBD_Interface_fops_FS
                0x0000000020000000       0x14 ./Application/User/USB_DEVICE/App/usbd_cdc_if.o
                0x0000000020000000                USBD_Interface_fops_FS
 .data.FS_Desc  0x0000000020000014       0x20 ./Application/User/USB_DEVICE/App/usbd_desc.o
                0x0000000020000014                FS_Desc
 .data.USBD_FS_DeviceDesc
                0x0000000020000034       0x12 ./Application/User/USB_DEVICE/App/usbd_desc.o
                0x0000000020000034                USBD_FS_DeviceDesc
 *fill*         0x0000000020000046        0x2 
 .data.USBD_FS_BOSDesc
                0x0000000020000048        0xc ./Application/User/USB_DEVICE/App/usbd_desc.o
                0x0000000020000048                USBD_FS_BOSDesc
 .data.USBD_LangIDDesc
                0x0000000020000054        0x4 ./Application/User/USB_DEVICE/App/usbd_desc.o
                0x0000000020000054                USBD_LangIDDesc
 .data.USBD_StringSerial
                0x0000000020000058       0x1a ./Application/User/USB_DEVICE/App/usbd_desc.o
                0x0000000020000058                USBD_StringSerial
 *fill*         0x0000000020000072        0x2 
 .data.SystemCoreClock
                0x0000000020000074        0x4 ./Drivers/CMSIS/system_stm32l4xx.o
                0x0000000020000074                SystemCoreClock
 .data.uwTickPrio
                0x0000000020000078        0x4 ./Drivers/STM32L4xx_HAL_Driver/stm32l4xx_hal.o
                0x0000000020000078                uwTickPrio
 .data.uwTickFreq
                0x000000002000007c        0x1 ./Drivers/STM32L4xx_HAL_Driver/stm32l4xx_hal.o
                0x000000002000007c                uwTickFreq
 *fill*         0x000000002000007d        0x3 
 .data.uxCriticalNesting
                0x0000000020000080        0x4 ./Middlewares/FreeRTOS/port.o
 .data.USBD_CDC_DeviceQualifierDesc
                0x0000000020000084        0xa ./Middlewares/USB_Device_Library/usbd_cdc.o
 *fill*         0x000000002000008e        0x2 
 .data.USBD_CDC
                0x0000000020000090       0x38 ./Middlewares/USB_Device_Library/usbd_cdc.o
                0x0000000020000090                USBD_CDC
 .data.USBD_CDC_CfgDesc
                0x00000000200000c8       0x43 ./Middlewares/USB_Device_Library/usbd_cdc.o
 .data.CDCInEpAdd
                0x000000002000010b        0x1 ./Middlewares/USB_Device_Library/usbd_cdc.o
 .data.CDCOutEpAdd
                0x000000002000010c        0x1 ./Middlewares/USB_Device_Library/usbd_cdc.o
 .data.CDCCmdEpAdd
                0x000000002000010d        0x1 ./Middlewares/USB_Device_Library/usbd_cdc.o
 *fill*         0x000000002000010e        0x2 
 .data._impure_ptr
                0x0000000020000110        0x4 c:/st/stm32cubeide_1.10.1/stm32cubeide/plugins/com.st.stm32cube.ide.mcu.externaltools.gnu-tools-for-stm32.10.3-2021.10.win32_1.0.200.202301161003/tools/bin/../lib/gcc/arm-none-eabi/10.3.1/../../../../arm-none-eabi/lib/thumb/v7e-m+fp/hard\libc_nano.a(lib_a-impure.o)
                0x0000000020000110                _impure_ptr
 .data.impure_data
                0x0000000020000114       0x60 c:/st/stm32cubeide_1.10.1/stm32cubeide/plugins/com.st.stm32cube.ide.mcu.externaltools.gnu-tools-for-stm32.10.3-2021.10.win32_1.0.200.202301161003/tools/bin/../lib/gcc/arm-none-eabi/10.3.1/../../../../arm-none-eabi/lib/thumb/v7e-m+fp/hard\libc_nano.a(lib_a-impure.o)
 *(.RamFunc)
 *(.RamFunc*)
                0x0000000020000174                . = ALIGN (0x4)
                0x0000000020000174                _edata = .

.igot.plt       0x0000000020000174        0x0 load address 0x000000000800c48c
 .igot.plt      0x0000000020000174        0x0 c:/st/stm32cubeide_1.10.1/stm32cubeide/plugins/com.st.stm32cube.ide.mcu.externaltools.gnu-tools-for-stm32.10.3-2021.10.win32_1.0.200.202301161003/tools/bin/../lib/gcc/arm-none-eabi/10.3.1/thumb/v7e-m+fp/hard/crtbegin.o
                0x0000000020000174                . = ALIGN (0x4)

.bss            0x0000000020000174     0x36dc load address 0x000000000800c48c
                0x0000000020000174                _sbss = .
                0x0000000020000174                __bss_start__ = _sbss
 *(.bss)
 .bss           0x0000000020000174       0x1c c:/st/stm32cubeide_1.10.1/stm32cubeide/plugins/com.st.stm32cube.ide.mcu.externaltools.gnu-tools-for-stm32.10.3-2021.10.win32_1.0.200.202301161003/tools/bin/../lib/gcc/arm-none-eabi/10.3.1/thumb/v7e-m+fp/hard/crtbegin.o
 *(.bss*)
 .bss.hlpuart1  0x0000000020000190       0x88 ./Application/User/Core/main.o
                0x0000000020000190                hlpuart1
 .bss.defaultTaskHandle
                0x0000000020000218        0x4 ./Application/User/Core/main.o
                0x0000000020000218                defaultTaskHandle
 .bss.htim1     0x000000002000021c       0x4c ./Application/User/Core/stm32l4xx_hal_timebase_tim.o
                0x000000002000021c                htim1
 .bss.__lock___malloc_recursive_mutex
                0x0000000020000268        0xc ./Application/User/ThreadSafe/newlib_lock_glue.o
                0x0000000020000268                __lock___malloc_recursive_mutex
 .bss.hUsbDeviceFS
                0x0000000020000274      0x2dc ./Application/User/USB_DEVICE/App/usb_device.o
                0x0000000020000274                hUsbDeviceFS
 .bss.UserRxBufferFS
                0x0000000020000550      0x800 ./Application/User/USB_DEVICE/App/usbd_cdc_if.o
                0x0000000020000550                UserRxBufferFS
 .bss.UserTxBufferFS
                0x0000000020000d50      0x800 ./Application/User/USB_DEVICE/App/usbd_cdc_if.o
                0x0000000020000d50                UserTxBufferFS
 .bss.USBD_StrDesc
                0x0000000020001550      0x200 ./Application/User/USB_DEVICE/App/usbd_desc.o
                0x0000000020001550                USBD_StrDesc
 .bss.hpcd_USB_OTG_FS
                0x0000000020001750      0x50c ./Application/User/USB_DEVICE/Target/usbd_conf.o
                0x0000000020001750                hpcd_USB_OTG_FS
 .bss.mem.0     0x0000000020001c5c      0x220 ./Application/User/USB_DEVICE/Target/usbd_conf.o
 .bss.uwTick    0x0000000020001e7c        0x4 ./Drivers/STM32L4xx_HAL_Driver/stm32l4xx_hal.o
                0x0000000020001e7c                uwTick
 .bss.KernelState
                0x0000000020001e80        0x4 ./Middlewares/FreeRTOS/cmsis_os2.o
 .bss.Idle_TCB.3
                0x0000000020001e84       0xbc ./Middlewares/FreeRTOS/cmsis_os2.o
 .bss.Idle_Stack.2
                0x0000000020001f40      0x200 ./Middlewares/FreeRTOS/cmsis_os2.o
 .bss.Timer_TCB.1
                0x0000000020002140       0xbc ./Middlewares/FreeRTOS/cmsis_os2.o
 .bss.Timer_Stack.0
                0x00000000200021fc      0x400 ./Middlewares/FreeRTOS/cmsis_os2.o
 .bss.ucHeap    0x00000000200025fc      0xbb8 ./Middlewares/FreeRTOS/heap_4.o
 .bss.xStart    0x00000000200031b4        0x8 ./Middlewares/FreeRTOS/heap_4.o
 .bss.pxEnd     0x00000000200031bc        0x4 ./Middlewares/FreeRTOS/heap_4.o
 .bss.xFreeBytesRemaining
                0x00000000200031c0        0x4 ./Middlewares/FreeRTOS/heap_4.o
 .bss.xMinimumEverFreeBytesRemaining
                0x00000000200031c4        0x4 ./Middlewares/FreeRTOS/heap_4.o
 .bss.xNumberOfSuccessfulAllocations
                0x00000000200031c8        0x4 ./Middlewares/FreeRTOS/heap_4.o
 .bss.xNumberOfSuccessfulFrees
                0x00000000200031cc        0x4 ./Middlewares/FreeRTOS/heap_4.o
 .bss.xBlockAllocatedBit
                0x00000000200031d0        0x4 ./Middlewares/FreeRTOS/heap_4.o
 .bss.ucMaxSysCallPriority
                0x00000000200031d4        0x1 ./Middlewares/FreeRTOS/port.o
 *fill*         0x00000000200031d5        0x3 
 .bss.ulMaxPRIGROUPValue
                0x00000000200031d8        0x4 ./Middlewares/FreeRTOS/port.o
 .bss.xQueueRegistry
                0x00000000200031dc       0x40 ./Middlewares/FreeRTOS/queue.o
                0x00000000200031dc                xQueueRegistry
 .bss.pxCurrentTCB
                0x000000002000321c        0x4 ./Middlewares/FreeRTOS/tasks.o
                0x000000002000321c                pxCurrentTCB
 .bss.pxReadyTasksLists
                0x0000000020003220      0x460 ./Middlewares/FreeRTOS/tasks.o
 .bss.xDelayedTaskList1
                0x0000000020003680       0x14 ./Middlewares/FreeRTOS/tasks.o
 .bss.xDelayedTaskList2
                0x0000000020003694       0x14 ./Middlewares/FreeRTOS/tasks.o
 .bss.pxDelayedTaskList
                0x00000000200036a8        0x4 ./Middlewares/FreeRTOS/tasks.o
 .bss.pxOverflowDelayedTaskList
                0x00000000200036ac        0x4 ./Middlewares/FreeRTOS/tasks.o
 .bss.xPendingReadyList
                0x00000000200036b0       0x14 ./Middlewares/FreeRTOS/tasks.o
 .bss.xTasksWaitingTermination
                0x00000000200036c4       0x14 ./Middlewares/FreeRTOS/tasks.o
 .bss.uxDeletedTasksWaitingCleanUp
                0x00000000200036d8        0x4 ./Middlewares/FreeRTOS/tasks.o
 .bss.xSuspendedTaskList
                0x00000000200036dc       0x14 ./Middlewares/FreeRTOS/tasks.o
 .bss.uxCurrentNumberOfTasks
                0x00000000200036f0        0x4 ./Middlewares/FreeRTOS/tasks.o
 .bss.xTickCount
                0x00000000200036f4        0x4 ./Middlewares/FreeRTOS/tasks.o
 .bss.uxTopReadyPriority
                0x00000000200036f8        0x4 ./Middlewares/FreeRTOS/tasks.o
 .bss.xSchedulerRunning
                0x00000000200036fc        0x4 ./Middlewares/FreeRTOS/tasks.o
 .bss.xPendedTicks
                0x0000000020003700        0x4 ./Middlewares/FreeRTOS/tasks.o
 .bss.xYieldPending
                0x0000000020003704        0x4 ./Middlewares/FreeRTOS/tasks.o
 .bss.xNumOfOverflows
                0x0000000020003708        0x4 ./Middlewares/FreeRTOS/tasks.o
 .bss.uxTaskNumber
                0x000000002000370c        0x4 ./Middlewares/FreeRTOS/tasks.o
 .bss.xNextTaskUnblockTime
                0x0000000020003710        0x4 ./Middlewares/FreeRTOS/tasks.o
 .bss.xIdleTaskHandle
                0x0000000020003714        0x4 ./Middlewares/FreeRTOS/tasks.o
 .bss.uxSchedulerSuspended
                0x0000000020003718        0x4 ./Middlewares/FreeRTOS/tasks.o
 .bss.xActiveTimerList1
                0x000000002000371c       0x14 ./Middlewares/FreeRTOS/timers.o
 .bss.xActiveTimerList2
                0x0000000020003730       0x14 ./Middlewares/FreeRTOS/timers.o
 .bss.pxCurrentTimerList
                0x0000000020003744        0x4 ./Middlewares/FreeRTOS/timers.o
 .bss.pxOverflowTimerList
                0x0000000020003748        0x4 ./Middlewares/FreeRTOS/timers.o
 .bss.xTimerQueue
                0x000000002000374c        0x4 ./Middlewares/FreeRTOS/timers.o
 .bss.xTimerTaskHandle
                0x0000000020003750        0x4 ./Middlewares/FreeRTOS/timers.o
 .bss.xLastTime.2
                0x0000000020003754        0x4 ./Middlewares/FreeRTOS/timers.o
 .bss.ucStaticTimerQueueStorage.1
                0x0000000020003758       0xa0 ./Middlewares/FreeRTOS/timers.o
 .bss.xStaticTimerQueue.0
                0x00000000200037f8       0x50 ./Middlewares/FreeRTOS/timers.o
 .bss.cfgidx.0  0x0000000020003848        0x1 ./Middlewares/USB_Device_Library/usbd_ctlreq.o
 *fill*         0x0000000020003849        0x3 
 .bss.__malloc_free_list
                0x000000002000384c        0x4 c:/st/stm32cubeide_1.10.1/stm32cubeide/plugins/com.st.stm32cube.ide.mcu.externaltools.gnu-tools-for-stm32.10.3-2021.10.win32_1.0.200.202301161003/tools/bin/../lib/gcc/arm-none-eabi/10.3.1/../../../../arm-none-eabi/lib/thumb/v7e-m+fp/hard\libc_nano.a(lib_a-nano-mallocr.o)
                0x000000002000384c                __malloc_free_list
 *(COMMON)
                0x0000000020003850                . = ALIGN (0x4)
                0x0000000020003850                _ebss = .
                0x0000000020003850                __bss_end__ = _ebss

._user_heap_stack
                0x0000000020003850      0x600 load address 0x000000000800c48c
                0x0000000020003850                . = ALIGN (0x8)
                [!provide]                        PROVIDE (end = .)
                0x0000000020003850                PROVIDE (_end = .)
                0x0000000020003a50                . = (. + _Min_Heap_Size)
 *fill*         0x0000000020003850      0x200 
                0x0000000020003e50                . = (. + _Min_Stack_Size)
 *fill*         0x0000000020003a50      0x400 
                0x0000000020003e50                . = ALIGN (0x8)

/DISCARD/
 libc.a(*)
 libm.a(*)
 libgcc.a(*)

.ARM.attributes
                0x0000000000000000       0x30
 *(.ARM.attributes)
 .ARM.attributes
                0x0000000000000000       0x1e c:/st/stm32cubeide_1.10.1/stm32cubeide/plugins/com.st.stm32cube.ide.mcu.externaltools.gnu-tools-for-stm32.10.3-2021.10.win32_1.0.200.202301161003/tools/bin/../lib/gcc/arm-none-eabi/10.3.1/thumb/v7e-m+fp/hard/crti.o
 .ARM.attributes
                0x000000000000001e       0x34 c:/st/stm32cubeide_1.10.1/stm32cubeide/plugins/com.st.stm32cube.ide.mcu.externaltools.gnu-tools-for-stm32.10.3-2021.10.win32_1.0.200.202301161003/tools/bin/../lib/gcc/arm-none-eabi/10.3.1/thumb/v7e-m+fp/hard/crtbegin.o
 .ARM.attributes
                0x0000000000000052       0x34 ./Application/User/Core/main.o
 .ARM.attributes
                0x0000000000000086       0x34 ./Application/User/Core/stm32l4xx_hal_msp.o
 .ARM.attributes
                0x00000000000000ba       0x34 ./Application/User/Core/stm32l4xx_hal_timebase_tim.o
 .ARM.attributes
                0x00000000000000ee       0x34 ./Application/User/Core/stm32l4xx_it.o
 .ARM.attributes
                0x0000000000000122       0x21 ./Application/User/Startup/startup_stm32l496zgtxp.o
 .ARM.attributes
                0x0000000000000143       0x34 ./Application/User/ThreadSafe/newlib_lock_glue.o
 .ARM.attributes
                0x0000000000000177       0x34 ./Application/User/USB_DEVICE/App/usb_device.o
 .ARM.attributes
                0x00000000000001ab       0x34 ./Application/User/USB_DEVICE/App/usbd_cdc_if.o
 .ARM.attributes
                0x00000000000001df       0x34 ./Application/User/USB_DEVICE/App/usbd_desc.o
 .ARM.attributes
                0x0000000000000213       0x34 ./Application/User/USB_DEVICE/Target/usbd_conf.o
 .ARM.attributes
                0x0000000000000247       0x34 ./Drivers/CMSIS/system_stm32l4xx.o
 .ARM.attributes
                0x000000000000027b       0x34 ./Drivers/STM32L4xx_HAL_Driver/stm32l4xx_hal.o
 .ARM.attributes
                0x00000000000002af       0x34 ./Drivers/STM32L4xx_HAL_Driver/stm32l4xx_hal_cortex.o
 .ARM.attributes
                0x00000000000002e3       0x34 ./Drivers/STM32L4xx_HAL_Driver/stm32l4xx_hal_dma.o
 .ARM.attributes
                0x0000000000000317       0x34 ./Drivers/STM32L4xx_HAL_Driver/stm32l4xx_hal_gpio.o
 .ARM.attributes
                0x000000000000034b       0x34 ./Drivers/STM32L4xx_HAL_Driver/stm32l4xx_hal_pcd.o
 .ARM.attributes
                0x000000000000037f       0x34 ./Drivers/STM32L4xx_HAL_Driver/stm32l4xx_hal_pcd_ex.o
 .ARM.attributes
                0x00000000000003b3       0x34 ./Drivers/STM32L4xx_HAL_Driver/stm32l4xx_hal_pwr_ex.o
 .ARM.attributes
                0x00000000000003e7       0x34 ./Drivers/STM32L4xx_HAL_Driver/stm32l4xx_hal_rcc.o
 .ARM.attributes
                0x000000000000041b       0x34 ./Drivers/STM32L4xx_HAL_Driver/stm32l4xx_hal_rcc_ex.o
 .ARM.attributes
                0x000000000000044f       0x34 ./Drivers/STM32L4xx_HAL_Driver/stm32l4xx_hal_tim.o
 .ARM.attributes
                0x0000000000000483       0x34 ./Drivers/STM32L4xx_HAL_Driver/stm32l4xx_hal_tim_ex.o
 .ARM.attributes
                0x00000000000004b7       0x34 ./Drivers/STM32L4xx_HAL_Driver/stm32l4xx_hal_uart.o
 .ARM.attributes
                0x00000000000004eb       0x34 ./Drivers/STM32L4xx_HAL_Driver/stm32l4xx_hal_uart_ex.o
 .ARM.attributes
                0x000000000000051f       0x34 ./Drivers/STM32L4xx_HAL_Driver/stm32l4xx_ll_usb.o
 .ARM.attributes