12:40:40 **** Incremental Build of configuration Debug for project MyProtocol ****
make -j12 all 
arm-none-eabi-gcc "../Core/Src/Services/UART/UARTServices.c" -mcpu=cortex-m4 -std=gnu11 -g3 -DDEBUG -DUSE_HAL_DRIVER -DSTM32L496xx -c -I../Core/Inc -I../Drivers/STM32L4xx_HAL_Driver/Inc -I../Drivers/STM32L4xx_HAL_Driver/Inc/Legacy -I../Drivers/CMSIS/Device/ST/STM32L4xx/Include -I../Drivers/CMSIS/Include -I../USB_DEVICE/App -I../USB_DEVICE/Target -I../Middlewares/Third_Party/FreeRTOS/Source/include -I../Middlewares/Third_Party/FreeRTOS/Source/CMSIS_RTOS_V2 -I../Middlewares/Third_Party/FreeRTOS/Source/portable/GCC/ARM_CM4F -I../Middlewares/ST/STM32_USB_Device_Library/Core/Inc -I../Middlewares/ST/STM32_USB_Device_Library/Class/CDC/Inc -I"C:/Users/joaom/PessoalPjs/Protocolo/STM32_Protocol/Firmware/MyProtocol/Core/Src/Services" -I"C:/Users/joaom/PessoalPjs/Protocolo/STM32_Protocol/Firmware/MyProtocol/Core/Src/Structures" -O0 -ffunction-sections -fdata-sections -Wall -fstack-usage -fcyclomatic-complexity -MMD -MP -MF"Core/Src/Services/UART/UARTServices.d" -MT"Core/Src/Services/UART/UARTServices.o" --specs=nano.specs -mfpu=fpv4-sp-d16 -mfloat-abi=hard -mthumb -o "Core/Src/Services/UART/UARTServices.o"
In file included from ../Core/Inc/stm32l4xx_hal_conf.h:258,
                 from ../Drivers/STM32L4xx_HAL_Driver/Inc/stm32l4xx_hal.h:29,
                 from ../Core/Src/Services/UART/UARTServices.c:18:
../Drivers/STM32L4xx_HAL_Driver/Inc/stm32l4xx_hal_rcc.h:483: warning: "RCC_RTCCLKSOURCE_NONE" redefined
  483 | #define RCC_RTCCLKSOURCE_NONE          0x00000000U          /*!< No clock used as RTC clock */
      | 
In file included from ../Core/Src/Services/UART/UARTServices.c:12:
../Drivers/STM32L4xx_HAL_Driver/Inc/Legacy/stm32_hal_legacy.h:3649: note: this is the location of the previous definition
 3649 | #define RCC_RTCCLKSOURCE_NONE       RCC_RTCCLKSOURCE_NO_CLK
      | 
../Core/Src/Services/UART/UARTServices.c: In function 'print_UART':
../Core/Src/Services/UART/UARTServices.c:40:25: warning: pointer targets in passing argument 1 of 'vsnprintf' differ in signedness [-Wpointer-sign]
   40 |         if(vsnprintf(msg.msg,MSG_MAX_LEN,format, args) < 0){
      |                      ~~~^~~~
      |                         |
      |                         uint8_t * {aka unsigned char *}
In file included from ../Core/Src/Services/UART/UARTServices.c:10:
C:\ST\STM32CubeIDE_1.10.1\STM32CubeIDE\plugins\com.st.stm32cube.ide.mcu.externaltools.gnu-tools-for-stm32.11.3.rel1.win32_1.1.1.202309131626\tools\bin/../lib/gcc/arm-none-eabi/11.3.1/../../../../arm-none-eabi/include/stdio.h:278:20: note: expected 'char * restrict' but argument is of type 'uint8_t *' {aka 'unsigned char *'}
  278 | int     vsnprintf (char *__restrict, size_t, const char *__restrict, __VALIST)
      |                    ^
../Core/Src/Services/UART/UARTServices.c:49:29: warning: pointer targets in passing argument 1 of 'strlen' differ in signedness [-Wpointer-sign]
   49 |         msg.len = strlen(msg.msg);
      |                          ~~~^~~~
      |                             |
      |                             uint8_t * {aka unsigned char *}
In file included from C:/Users/joaom/PessoalPjs/Protocolo/STM32_Protocol/Firmware/MyProtocol/Core/Src/Structures/Message/MSG.h:12,
                 from ../Core/Src/Services/UART/UARTServices.c:16:
C:\ST\STM32CubeIDE_1.10.1\STM32CubeIDE\plugins\com.st.stm32cube.ide.mcu.externaltools.gnu-tools-for-stm32.11.3.rel1.win32_1.1.1.202309131626\tools\bin/../lib/gcc/arm-none-eabi/11.3.1/../../../../arm-none-eabi/include/string.h:41:18: note: expected 'const char *' but argument is of type 'uint8_t *' {aka 'unsigned char *'}
   41 | size_t   strlen (const char *);
      |                  ^~~~~~~~~~~~
../Core/Src/Services/UART/UARTServices.c:51:61: warning: passing argument 3 of 'osMessageQueuePut' makes integer from pointer without a cast [-Wint-conversion]
   51 |         status = osMessageQueuePut(UARTTxQueueHandle, &msg, NULL, 0xFF);
      |                                                             ^~~~
      |                                                             |
      |                                                             void *
In file included from ../Core/Src/Services/UART/UARTServices.c:14:
../Middlewares/Third_Party/FreeRTOS/Source/CMSIS_RTOS_V2/cmsis_os2.h:689:86: note: expected 'uint8_t' {aka 'unsigned char'} but argument is of type 'void *'
  689 | osStatus_t osMessageQueuePut (osMessageQueueId_t mq_id, const void *msg_ptr, uint8_t msg_prio, uint32_t timeout);
      |                                                                              ~~~~~~~~^~~~~~~~
arm-none-eabi-gcc -o "MyProtocol.elf" @"objects.list"   -mcpu=cortex-m4 -T"C:\Users\joaom\PessoalPjs\Protocolo\STM32_Protocol\Firmware\MyProtocol\STM32L496ZGTXP_FLASH.ld" --specs=nosys.specs -Wl,-Map="MyProtocol.map" -Wl,--gc-sections -static --specs=nano.specs -mfpu=fpv4-sp-d16 -mfloat-abi=hard -mthumb -Wl,--start-group -lc -lm -Wl,--end-group
Finished building target: MyProtocol.elf
 
arm-none-eabi-size   MyProtocol.elf 
arm-none-eabi-objdump -h -S  MyProtocol.elf  > "MyProtocol.list"
   text	   data	    bss	    dec	    hex	filename
  52364	    360	  15872	  68596	  10bf4	MyProtocol.elf
Finished building: default.size.stdout
 
Finished building: MyProtocol.list
 

12:40:41 Build Finished. 0 errors, 4 warnings. (took 907ms)

