C:/Users/joaom/OneDriveJob/OneDrive/Documentos/IntegracaoProteusECubeIDE/Project/Firmware_STM32_Protocol/Core/Src/main.c:77:5:main	8	static
C:/Users/joaom/OneDriveJob/OneDrive/Documentos/IntegracaoProteusECubeIDE/Project/Firmware_STM32_Protocol/Core/Src/main.c:156:6:SystemClock_Config	96	static
C:/Users/joaom/OneDriveJob/OneDrive/Documentos/IntegracaoProteusECubeIDE/Project/Firmware_STM32_Protocol/Core/Src/main.c:208:13:MX_LPUART1_UART_Init	8	static
C:/Users/joaom/OneDriveJob/OneDrive/Documentos/IntegracaoProteusECubeIDE/Project/Firmware_STM32_Protocol/Core/Src/main.c:242:13:MX_GPIO_Init	48	static
C:/Users/joaom/OneDriveJob/OneDrive/Documentos/IntegracaoProteusECubeIDE/Project/Firmware_STM32_Protocol/Core/Src/main.c:303:6:StartDefaultTask	16	static
C:/Users/joaom/OneDriveJob/OneDrive/Documentos/IntegracaoProteusECubeIDE/Project/Firmware_STM32_Protocol/Core/Src/main.c:327:6:HAL_TIM_PeriodElapsedCallback	16	static
C:/Users/joaom/OneDriveJob/OneDrive/Documentos/IntegracaoProteusECubeIDE/Project/Firmware_STM32_Protocol/Core/Src/main.c:344:6:Error_Handler	4	static,ignoring_inline_asm
